******************************************************************************
                  TI ARM Linker PC v16.9.6                     
******************************************************************************
>> Linked Sat Apr 24 02:23:57 2021

OUTPUT FILE NAME:   <FE07_AMS.out>
ENTRY POINT SYMBOL: "_c_int00"  address: 0000ca38


MEMORY CONFIGURATION

         name            origin    length      used     unused   attr    fill
----------------------  --------  ---------  --------  --------  ----  --------
  VECTORS               00000000   00000020  00000020  00000000     X
  FLASH0                00000020   0017ffe0  0000e780  00171860  R  X
  FLASH1                00180000   00180000  00000000  00180000  R  X
  STACKS                08000000   00001500  00000000  00001500  RW  
  RAM                   08001500   0003eb00  000001b0  0003e950  RW  


SEGMENT ALLOCATION MAP

run origin  load origin   length   init length attrs members
----------  ----------- ---------- ----------- ----- -------
00000000    00000000    0000e7a0   0000e7a0    r-x
  00000000    00000000    00000020   00000020    r-x .intvecs
  00000020    00000020    0000dc10   0000dc10    r-x .text
  0000dc30    0000dc30    00000b30   00000b30    r-- .const
  0000e760    0000e760    00000040   00000040    r-- .cinit
08001500    08001500    000001b0   00000000    rw-
  08001500    08001500    00000148   00000000    rw- .bss
  08001648    08001648    00000068   00000000    rw- .data


SECTION ALLOCATION MAP

 output                                  attributes/
section   page    origin      length       input sections
--------  ----  ----------  ----------   ----------------
.intvecs   0    00000000    00000020     
                  00000000    00000020     sys_intvecs.obj (.intvecs)

.text      0    00000020    0000dc10     
                  00000020    00002cdc     sys_selftest.obj (.text)
                  00002cfc    000011e0     spi.obj (.text)
                  00003edc    00000ec4     pl455.obj (.text)
                  00004da0    00000eb0     can.obj (.text)
                  00005c50    00000ea0     adc.obj (.text)
                  00006af0    00000bd8     het.obj (.text)
                  000076c8    00000b28     system.obj (.text)
                  000081f0    00000a34     sci.obj (.text)
                  00008c24    00000a2c     mibspi.obj (.text)
                  00009650    0000089c     sys_vim.obj (.text)
                  00009eec    00000870     FE_AMS.obj (.text)
                  0000a75c    00000638     rti.obj (.text)
                  0000ad94    000005d8     esm.obj (.text)
                  0000b36c    000005ac     pinmux.obj (.text)
                  0000b918    00000578     BMS.obj (.text)
                  0000be90    00000484     gio.obj (.text)
                  0000c314    000003d8     sci.obj (.text:retain)
                  0000c6ec    0000034c     sys_core.obj (.text)
                  0000ca38    00000298     sys_startup.obj (.text:retain)
                  0000ccd0    00000290     sys_vim.obj (.text:retain)
                  0000cf60    000001fc     rti.obj (.text:retain)
                  0000d15c    000001dc     notification.obj (.text)
                  0000d338    00000150     gio.obj (.text:retain)
                  0000d488    00000114     esm.obj (.text:retain)
                  0000d59c    000000e8     dabort.obj (.text)
                  0000d684    000000e0     rtsv7R4_T_le_v3D16_eabi.lib : s_floor.obj (.text)
                  0000d764    000000e0     sys_pmu.obj (.text)
                  0000d844    000000d8     sys_main.obj (.text)
                  0000d91c    0000009c     rtsv7R4_T_le_v3D16_eabi.lib : memcpy_t2.obj (.text)
                  0000d9b8    0000007a                                 : memset_t2.obj (.text)
                  0000da32    00000002                                 : i_div0.obj (.text)
                  0000da34    00000070                                 : autoinit.obj (.text)
                  0000daa4    0000006c                                 : copy_decompress_lzss.obj (.text:decompress:lzss)
                  0000db10    00000050                                 : exit.obj (.text)
                  0000db60    00000050                                 : u_div32.obj (.text)
                  0000dbb0    0000004c                                 : cpy_tbl.obj (.text)
                  0000dbfc    00000014                                 : _lock.obj (.text)
                  0000dc10    0000000e                                 : copy_decompress_none.obj (.text:decompress:none)
                  0000dc1e    0000000c                                 : copy_zero_init.obj (.text:decompress:ZI)
                  0000dc2a    00000002                                 : startup.obj (.text)
                  0000dc2c    00000004     sys_phantom.obj (.text:retain)

.const     0    0000dc30    00000b30     
                  0000dc30    000003a0     het.obj (.const:het1PROGRAM)
                  0000dfd0    000003a0     het.obj (.const:het2PROGRAM)
                  0000e370    00000200     pl455.obj (.const:crc16_table)
                  0000e570    00000180     sys_vim.obj (.const:s_vim_init)
                  0000e6f0    00000020     het.obj (.const:s_het1pwmPolarity)
                  0000e710    00000020     het.obj (.const:s_het2pwmPolarity)
                  0000e730    00000018     adc.obj (.const:s_adcFiFoSize)
                  0000e748    00000018     adc.obj (.const:s_adcSelect)

.cinit     0    0000e760    00000040     
                  0000e760    0000001a     (.cinit..data.load) [load image, compression = lzss]
                  0000e77a    00000002     --HOLE-- [fill = 0]
                  0000e77c    0000000c     (__TI_handler_table)
                  0000e788    00000008     (.cinit..bss.load) [load image, compression = zero_init]
                  0000e790    00000010     (__TI_cinit_table)

.bss       0    08001500    00000148     UNINITIALIZED
                  08001500    000000a4     (.common:AMS_DATA)
                  080015a4    00000078     spi.obj (.bss:g_spiPacket_t)
                  0800161c    00000028     sci.obj (.bss:g_sciTransfer_t)
                  08001644    00000004     pl455.obj (.bss)

.data      0    08001648    00000068     UNINITIALIZED
                  08001648    00000046     FE_AMS.obj (.data)
                  0800168e    00000002     --HOLE--
                  08001690    0000000c     rtsv7R4_T_le_v3D16_eabi.lib : exit.obj (.data:$O1$$)
                  0800169c    00000008                                 : _lock.obj (.data:$O1$$)
                  080016a4    00000008     BMS.obj (.data)
                  080016ac    00000004     FE_AMS.obj (.data:dataconfig00_t)

MODULE SUMMARY

       Module                     code    ro data   rw data
       ------                     ----    -------   -------
    .\source\
       sys_selftest.obj           11484   0         0      
       het.obj                    3032    1920      0      
       spi.obj                    4576    0         120    
       pl455.obj                  3780    512       4      
       adc.obj                    3744    48        0      
       can.obj                    3760    0         0      
       sci.obj                    3596    0         40     
       sys_vim.obj                2860    384       0      
       system.obj                 2856    0         0      
       mibspi.obj                 2604    0         0      
       FE_AMS.obj                 2160    0         238    
       rti.obj                    2100    0         0      
       esm.obj                    1772    0         0      
       gio.obj                    1492    0         0      
       pinmux.obj                 1452    0         0      
       BMS.obj                    1400    0         8      
       sys_core.obj               844     0         0      
       sys_startup.obj            664     0         0      
       notification.obj           476     0         0      
       dabort.obj                 232     0         0      
       sys_pmu.obj                224     0         0      
       sys_main.obj               216     0         0      
       sys_intvecs.obj            32      0         0      
       sys_phantom.obj            4       0         0      
    +--+--------------------------+-------+---------+---------+
       Total:                     55360   2864      410    
                                                           
    C:/ti/ccs740/ccsv7/tools/compiler/ti-cgt-arm_16.9.6.LTS/lib/rtsv7R4_T_le_v3D16_eabi.lib
       s_floor.obj                224     0         0      
       memcpy_t2.obj              156     0         0      
       memset_t2.obj              122     0         0      
       autoinit.obj               112     0         0      
       copy_decompress_lzss.obj   108     0         0      
       exit.obj                   80      0         12     
       u_div32.obj                80      0         0      
       cpy_tbl.obj                76      0         0      
       _lock.obj                  20      0         8      
       copy_decompress_none.obj   14      0         0      
       copy_zero_init.obj         12      0         0      
       i_div0.obj                 2       0         0      
       startup.obj                2       0         0      
    +--+--------------------------+-------+---------+---------+
       Total:                     1008    0         20     
                                                           
       Linker Generated:          0       62        0      
    +--+--------------------------+-------+---------+---------+
       Grand Total:               56368   2926      430    


LINKER GENERATED COPY TABLES

__TI_cinit_table @ 0000e790 records: 2, size/record: 8, table size: 16
	.data: load addr=0000e760, load size=0000001a bytes, run addr=08001648, run size=00000068 bytes, compression=lzss
	.bss: load addr=0000e788, load size=00000008 bytes, run addr=08001500, run size=00000148 bytes, compression=zero_init


LINKER GENERATED HANDLER TABLE

__TI_handler_table @ 0000e77c records: 3, size/record: 4, table size: 12
	index: 0, handler: __TI_zero_init
	index: 1, handler: __TI_decompress_lzss
	index: 2, handler: __TI_decompress_none


GLOBAL SYMBOLS: SORTED ALPHABETICALLY BY Name 

address   name                                
-------   ----                                
08001500  AMS_DATA                            
0000a328  AMS_canTX_Car                       
00009fbc  AMS_checkForFaults                  
0000a614  AMS_checkPreContactorState          
0800167a  AMS_faults                          
0000a654  AMS_process                         
0000a14c  AMS_readADC                         
0000a1a4  AMS_readGIO                         
0000a2cc  AMS_readHET                         
0000a57c  AMS_readSCI                         
0000a514  AMS_readSPI                         
00009f20  AMS_start_HV                        
00004bb4  B2SDWORD                            
00004c08  B2SINT24                            
00004b7c  B2SWORD                             
0000b920  BMS_Init                            
0000db11  C$$EXIT                             
00004c48  CRC16                               
00003edc  CommClear                           
00003f40  CommReset                           
00003fc0  GetFaultStat                        
0000aac8  IsdwdKeySequenceCorrect             
080016a8  RTI_TIMEOUT                         
000049e4  ReadFrameReq                        
00004800  ReadReg                             
00003f90  ResetPL455                          
UNDEFED   SHT$$INIT_ARRAY$$Base               
UNDEFED   SHT$$INIT_ARRAY$$Limit              
000037e4  SpiRxStatus                         
00003758  SpiTxStatus                         
080016a4  UART_RX_RDY                         
00004a34  WaitRespFrame                       
00003f94  WakePL455                           
000045d8  WriteFrame                          
00003fe8  WriteReg                            
0000e790  __TI_CINIT_Base                     
0000e7a0  __TI_CINIT_Limit                    
0000e77c  __TI_Handler_Table_Base             
0000e788  __TI_Handler_Table_Limit            
0000ca30  __TI_PINIT_Base                     
0000ca34  __TI_PINIT_Limit                    
0000da35  __TI_auto_init                      
08001690  __TI_cleanup_ptr                    
0000daa5  __TI_decompress_lzss                
0000dc11  __TI_decompress_none                
08001694  __TI_dtors_ptr                      
08001698  __TI_enable_exit_profile_output     
ffffffff  __TI_pprof_out_hndl                 
ffffffff  __TI_prof_data_size                 
ffffffff  __TI_prof_data_start                
00000000  __TI_static_base__                  
0000dc1f  __TI_zero_init                      
0000da33  __aeabi_idiv0                       
0000d9b9  __aeabi_memclr                      
0000d9b9  __aeabi_memclr4                     
0000d9b9  __aeabi_memclr8                     
0000d91d  __aeabi_memcpy                      
0000d91d  __aeabi_memcpy4                     
0000d91d  __aeabi_memcpy8                     
0000d9bb  __aeabi_memset                      
0000d9bb  __aeabi_memset4                     
0000d9bb  __aeabi_memset8                     
0000db60  __aeabi_uidiv                       
0000db60  __aeabi_uidivmod                    
ffffffff  __binit__                           
ffffffff  __c_args__                          
0000ca38  _c_int00                            
0000c948  _coreClearAuxiliaryDataFault_       
0000c95c  _coreClearAuxiliaryInstructionFault_
0000c920  _coreClearDataFaultAddress_         
0000c8f8  _coreClearDataFault_                
0000c934  _coreClearInstructionFaultAddress_  
0000c90c  _coreClearInstructionFault_         
0000c88c  _coreDisableEventBusExport_         
0000c8d0  _coreDisableFlashEcc_               
0000c8ac  _coreDisableRamEcc_                 
0000c87c  _coreEnableEventBusExport_          
0000c8bc  _coreEnableFlashEcc_                
0000c8e0  _coreEnableIrqVicOffset_            
0000c89c  _coreEnableRamEcc_                  
0000c864  _coreEnableVfp_                     
0000c940  _coreGetAuxiliaryDataFault_         
0000c954  _coreGetAuxiliaryInstructionFault_  
0000c918  _coreGetDataFaultAddress_           
0000c8f0  _coreGetDataFault_                  
0000c92c  _coreGetInstructionFaultAddress_    
0000c904  _coreGetInstructionFault_           
0000c6ec  _coreInitRegisters_                 
0000c7f8  _coreInitStackPointer_              
0000d59c  _dabort                             
0000c970  _disable_FIQ_interrupt_             
0000c978  _disable_IRQ_interrupt_             
0000c968  _disable_interrupt_                 
0000c980  _enable_interrupt_                  
0000ca10  _errata_CORTEXR4_57_                
0000ca20  _errata_CORTEXR4_66_                
0000c988  _esmCcmErrorsClear_                 
0000c844  _getCPSRValue_                      
0000c84c  _gotoCPUIdle_                       
0800169c  _lock                               
0000dc0b  _nop                                
0000d7c0  _pmuDisableCountersGlobal_          
0000d7b0  _pmuEnableCountersGlobal_           
0000d81c  _pmuGetCycleCount_                  
0000d824  _pmuGetEventCount_                  
0000d830  _pmuGetOverflow_                    
0000d764  _pmuInit_                           
0000d7f0  _pmuResetCounters_                  
0000d7d0  _pmuResetCycleCounter_              
0000d7e0  _pmuResetEventCounters_             
0000d810  _pmuSetCountEvent_                  
0000d800  _pmuStartCounters_                  
0000d808  _pmuStopCounters_                   
0000dc03  _register_lock                      
0000dbfd  _register_unlock                    
0000dc2b  _system_post_cinit                  
080016a0  _unlock                             
0000db15  abort                               
00006624  adc1GetConfigValue                  
0000126c  adc1ParityCheck                     
00006824  adc2GetConfigValue                  
00001358  adc2ParityCheck                     
00006200  adcCalibration                      
000065c4  adcDisableNotification              
00006574  adcEnableNotification               
00005fd8  adcGetData                          
0000660c  adcGetEVTPin                        
00005c50  adcInit                             
000061d0  adcIsConversionComplete             
000061a0  adcIsFifoFull                       
000063d8  adcMidPointCalibration              
0000d1c4  adcNotification                     
00005fb0  adcResetFiFo                        
000065ec  adcSetEVTPin                        
00005f04  adcStartConversion                  
00005f88  adcStopConversion                   
08001670  batteryVoltage_Scaled               
ffffffff  binit                               
0800168d  bmsCommFault                        
0800168b  bmsFault                            
00005788  can1GetConfigValue                  
00001410  can1ParityCheck                     
000058e0  can2GetConfigValue                  
000014e8  can2ParityCheck                     
00005a38  can3GetConfigValue                  
000015b0  can3ParityCheck                     
00005628  canDisableErrorNotification         
00005608  canDisableStatusChangeNotification  
00005680  canDisableloopback                  
000055c8  canEnableErrorNotification          
000055e8  canEnableStatusChangeNotification   
00005648  canEnableloopback                   
0000d1d8  canErrorNotification                
00005378  canFillMessageObjectData            
000050a8  canGetData                          
000055a4  canGetErrorLevel                    
000051f8  canGetID                            
00005580  canGetLastError                     
00004da0  canInit                             
0000576c  canIoRxGetBit                       
000056b0  canIoSetDirection                   
00005700  canIoSetPort                        
00005750  canIoTxGetBit                       
00005524  canIsMessageBoxValid                
000054c8  canIsRxMessageArrived               
0000546c  canIsTxMessagePending               
0000d200  canMessageNotification              
000052d8  canSendRemoteFrame                  
0000d1ec  canStatusChangeNotification         
00004fb4  canTransmit                         
00005260  canUpdateID                         
00007208  capGetSignal                        
00000030  ccmSelfCheck                        
000026fc  ccmr4GetConfigValue                 
08001686  cellOverTemp                        
08001684  cellOverVoltage                     
08001687  cellUnderTemp                       
08001685  cellUnderVoltage                    
08001674  chargeCurrentLimit_Scaled           
00000938  checkB0RAMECC                       
00000b28  checkB1RAMECC                       
00001c18  checkClockMonitor                   
00000d18  checkFlashECC                       
00001cf4  checkFlashEEPROMECC                 
00001e8c  checkPLL1Slip                       
00001f8c  checkPLL2Slip                       
00002050  checkRAMAddrParity                  
000019d0  checkRAMECC                         
0000215c  checkRAMUERRTest                    
000007bc  checkefcSelfTest                    
08001680  contactorClosed                     
0800168a  contactorFault                      
0800167f  contactorOpen                       
0000dbb1  copy_in                             
00000234  cpuSelfTest                         
00000dfc  cpuSelfTestFail                     
0000e370  crc16_table                         
0000d2f0  crcNotification                     
08001662  currentBatteryVoltage               
0800165c  currentSense_75                     
0800165e  currentSense_750                    
08001682  currentShortFault                   
08001660  currentVehicleVoltage               
00000df4  custom_dabort                       
080016ac  dataconfig00_t                      
0000d214  dccNotification                     
00004cd8  delayms                             
00004d20  delayus                             
00002b58  disableParity                       
08001676  dischargeCurrentLimit_Scaled        
0000d304  dmaGroupANotification               
00000eac  dmaParityCheck                      
0000ab30  dwdClearFlag                        
0000aa64  dwdCounterEnable                    
0000aaac  dwdGenerateSysReset                 
0000aafc  dwdGetStatus                        
0000ab40  dwdGetViolationStatus               
0000a9e8  dwdInit                             
0000aa90  dwdReset                            
0000aa74  dwdSetPreload                       
0000aa58  dwwdGetCurrentDownCounter           
0000aa10  dwwdInit                            
000071c8  edgeDisableNotification             
0000718c  edgeEnableNotification              
00007160  edgeGetCounter                      
0000d2c8  edgeNotification                    
00007134  edgeResetCounter                    
00000660  efcCheck                            
00002660  efcGetConfigValue                   
00000794  efcSelfTest                         
000006e8  efcStuckZeroTest                    
0000d328  emacRxNotification                  
0000d318  emacTxNotification                  
00002ad0  enableParity                        
0000276c  errata_PBIST_4                      
0000af20  esmActivateNormalOperation          
0000b004  esmClearStatus                      
0000b048  esmClearStatusBuffer                
0000aee4  esmDisableError                     
0000af5c  esmDisableInterrupt                 
0000aeb8  esmEnableError                      
0000af30  esmEnableInterrupt                  
0000b140  esmEnterSelfTest                    
0000ae9c  esmError                            
0000b218  esmGetConfigValue                   
0000b084  esmGetStatus                        
0000b108  esmGetStatusBuffer                  
0000d15c  esmGroup1Notification               
0000d16c  esmGroup2Notification               
0000d488  esmHighInterrupt                    
0000ad94  esmInit                             
0000b1c8  esmSelfTestStatus                   
0000b064  esmSetCounterPreloadValue           
0000af88  esmSetInterruptLevel                
0000af10  esmTriggerErrorPinReset             
0000db1d  exit                                
08001681  fiveKWActive                        
0000d685  floor                               
0000d685  floorl                              
000022c4  fmcBus1ParityCheck                  
0000085c  fmcBus2Check                        
00000898  fmcECCcheck                         
0000a5b8  getBMSData                          
00009eec  getDelta                            
0000c0f0  gioDisableNotification              
0000c088  gioEnableNotification               
0000bff0  gioGetBit                           
0000c158  gioGetConfigValue                   
0000c018  gioGetPort                          
0000d338  gioHighLevelInterrupt               
0000be90  gioInit                             
0000d3e8  gioLowLevelInterrupt                
0000d228  gioNotification                     
0000bf80  gioSetBit                           
0000bf60  gioSetDirection                     
0000bfd0  gioSetPort                          
0000c030  gioToggleBit                        
00007314  het1GetConfigValue                  
00000f58  het1ParityCheck                     
000074a4  het2GetConfigValue                  
000010c0  het2ParityCheck                     
000072fc  hetGetTimestamp                     
00006af0  hetInit                             
0000d2dc  hetNotification                     
000072e0  hetResetTimestamp                   
00001004  htu1ParityCheck                     
000011bc  htu2ParityCheck                     
0000d23c  i2cNotification                     
08001650  imdDutyCycle                        
0800168c  imdFault                            
08001648  imdPeriod                           
0000d844  main                                
00007804  mapClocks                           
08001668  maxCellTemperature_Scaled           
0800166c  maxCellVoltage_Scaled               
0000d91d  memcpy                              
00000174  memoryInit                          
0000d17c  memoryPort0TestFailNotification     
0000d198  memoryPort1TestFailNotification     
0000d9c1  memset                              
00001684  mibspi1ParityCheck                  
0000178c  mibspi3ParityCheck                  
000092e4  mibspi5GetConfigValue               
000018b0  mibspi5ParityCheck                  
000092b0  mibspiDisableGroupNotification      
000091bc  mibspiDisableLoopback               
00009228  mibspiEnableGroupNotification       
00009188  mibspiEnableLoopback                
00008fa0  mibspiGetData                       
0000d264  mibspiGroupNotification             
00008c24  mibspiInit                          
0000911c  mibspiIsTransferComplete            
0000d250  mibspiNotification                  
000091d8  mibspiPmodeSet                      
00008e94  mibspiSetData                       
00008e74  mibspiSetFunctional                 
000090ec  mibspiTransfer                      
08001666  minCellTemperature_Scaled           
0800166a  minCellVoltage_Scaled               
0000b36c  muxInit                             
0800167c  negativeContactorState              
08001689  overChargeCurrent                   
08001688  overDischargeCurrent                
08001678  packCurrent_Scaled                  
000023ec  pbistFail                           
00002470  pbistGetConfigValue                 
000005a8  pbistIsTestCompleted                
000005d4  pbistIsTestPassed                   
00000608  pbistPortTestStatus                 
000004ac  pbistRun                            
000002cc  pbistSelfCheck                      
00000578  pbistStop                           
08001672  peakCurrent_Scaled                  
000077b0  periphInit                          
0000dc2c  phantomInterrupt                    
0000b654  pinmuxGetConfigValue                
0800167d  positiveContactorState              
0800167e  prechargeContactorState             
00007104  pwmDisableNotification              
000070bc  pwmEnableNotification               
00006fdc  pwmGetSignal                        
0000d2b0  pwmNotification                     
00006cdc  pwmSetDuty                          
00006e2c  pwmSetSignal                        
00006c74  pwmStart                            
00006ca8  pwmStop                             
00000000  resetEntry                          
0000cf60  rtiCompare0Interrupt                
0000cfa8  rtiCompare1Interrupt                
0000cff0  rtiCompare2Interrupt                
0000d038  rtiCompare3Interrupt                
0000abf0  rtiDisableNotification              
0000abc8  rtiEnableNotification               
0000ac0c  rtiGetConfigValue                   
0000a95c  rtiGetCurrentTick                   
0000a934  rtiGetPeriod                        
0000a75c  rtiInit                             
0000d1b4  rtiNotification                     
0000d0c8  rtiOverflow0Interrupt               
0000d110  rtiOverflow1Interrupt               
0000a8a8  rtiResetCounter                     
0000a90c  rtiSetPeriod                        
0000a850  rtiStartCounter                     
0000a87c  rtiStopCounter                      
0000d080  rtiTimebaseInterrupt                
08001683  scOutsideSense                      
000087a0  sciDisableLoopback                  
0000882c  sciDisableNotification              
0000876c  sciEnableLoopback                   
000087c4  sciEnableNotification               
00008894  sciEnterResetState                  
000088b4  sciExitResetState                   
000088d4  sciGetConfigValue                   
0000c314  sciHighLevelInterrupt               
000081f0  sciInit                             
0000861c  sciIsIdleDetected                   
00008600  sciIsRxReady                        
00008480  sciIsTxReady                        
0000c4e4  sciLowLevelInterrupt                
0000d278  sciNotification                     
00008694  sciReceive                          
00008668  sciReceiveByte                      
00008638  sciRxError                          
000084cc  sciSend                             
0000849c  sciSendByte                         
000083e4  sciSetBaudrate                      
000083c4  sciSetFunctional                    
00008a2c  scilinGetConfigValue                
00000020  selftestFailNotification            
0000a130  setCurrentBatteryVoltage            
0000a114  setCurrentVehicleVoltage            
00007770  setupFlash                          
000076c8  setupPLL                            
0000391c  spi1GetConfigValue                  
00003aac  spi3GetConfigValue                  
00003c8c  spi4GetConfigValue                  
000038a4  spiDisableLoopback                  
000038f0  spiDisableNotification              
00003870  spiEnableLoopback                   
000038c0  spiEnableNotification               
0000d2a0  spiEndNotification                  
000031c0  spiGetData                          
00002cfc  spiInit                             
0000d28c  spiNotification                     
000030a4  spiReceiveData                      
00003618  spiSendAndGetData                   
000033e4  spiSendData                         
00003084  spiSetFunctional                    
000034dc  spiTransmitAndReceiveData           
000032b8  spiTransmitData                     
00007fe8  sramGetConfigValue                  
08001664  stateOfCharge                       
000025bc  stcGetConfigValue                   
000001b8  stcSelfCheck                        
00000df8  stcSelfCheckFail                    
00007a28  systemGetConfigValue                
0000792c  systemInit                          
000079f8  systemPowerDown                     
00007e3c  tcmflashGetConfigValue              
08001654  timeoutBMS                          
08001658  timeoutCAR                          
00007728  trimLPO                             
0800166e  vehicleVoltage_Scaled               
00009724  vimChannelMap                       
00009920  vimDisableInterrupt                 
000097c8  vimEnableInterrupt                  
000099a4  vimGetConfigValue                   
00009650  vimInit                             
00000e00  vimParityCheck                      
0000ccd0  vimParityErrorHandler               


GLOBAL SYMBOLS: SORTED BY Symbol Address 

address   name                                
-------   ----                                
00000000  __TI_static_base__                  
00000000  resetEntry                          
00000020  selftestFailNotification            
00000030  ccmSelfCheck                        
00000174  memoryInit                          
000001b8  stcSelfCheck                        
00000234  cpuSelfTest                         
000002cc  pbistSelfCheck                      
000004ac  pbistRun                            
00000578  pbistStop                           
000005a8  pbistIsTestCompleted                
000005d4  pbistIsTestPassed                   
00000608  pbistPortTestStatus                 
00000660  efcCheck                            
000006e8  efcStuckZeroTest                    
00000794  efcSelfTest                         
000007bc  checkefcSelfTest                    
0000085c  fmcBus2Check                        
00000898  fmcECCcheck                         
00000938  checkB0RAMECC                       
00000b28  checkB1RAMECC                       
00000d18  checkFlashECC                       
00000df4  custom_dabort                       
00000df8  stcSelfCheckFail                    
00000dfc  cpuSelfTestFail                     
00000e00  vimParityCheck                      
00000eac  dmaParityCheck                      
00000f58  het1ParityCheck                     
00001004  htu1ParityCheck                     
000010c0  het2ParityCheck                     
000011bc  htu2ParityCheck                     
0000126c  adc1ParityCheck                     
00001358  adc2ParityCheck                     
00001410  can1ParityCheck                     
000014e8  can2ParityCheck                     
000015b0  can3ParityCheck                     
00001684  mibspi1ParityCheck                  
0000178c  mibspi3ParityCheck                  
000018b0  mibspi5ParityCheck                  
000019d0  checkRAMECC                         
00001c18  checkClockMonitor                   
00001cf4  checkFlashEEPROMECC                 
00001e8c  checkPLL1Slip                       
00001f8c  checkPLL2Slip                       
00002050  checkRAMAddrParity                  
0000215c  checkRAMUERRTest                    
000022c4  fmcBus1ParityCheck                  
000023ec  pbistFail                           
00002470  pbistGetConfigValue                 
000025bc  stcGetConfigValue                   
00002660  efcGetConfigValue                   
000026fc  ccmr4GetConfigValue                 
0000276c  errata_PBIST_4                      
00002ad0  enableParity                        
00002b58  disableParity                       
00002cfc  spiInit                             
00003084  spiSetFunctional                    
000030a4  spiReceiveData                      
000031c0  spiGetData                          
000032b8  spiTransmitData                     
000033e4  spiSendData                         
000034dc  spiTransmitAndReceiveData           
00003618  spiSendAndGetData                   
00003758  SpiTxStatus                         
000037e4  SpiRxStatus                         
00003870  spiEnableLoopback                   
000038a4  spiDisableLoopback                  
000038c0  spiEnableNotification               
000038f0  spiDisableNotification              
0000391c  spi1GetConfigValue                  
00003aac  spi3GetConfigValue                  
00003c8c  spi4GetConfigValue                  
00003edc  CommClear                           
00003f40  CommReset                           
00003f90  ResetPL455                          
00003f94  WakePL455                           
00003fc0  GetFaultStat                        
00003fe8  WriteReg                            
000045d8  WriteFrame                          
00004800  ReadReg                             
000049e4  ReadFrameReq                        
00004a34  WaitRespFrame                       
00004b7c  B2SWORD                             
00004bb4  B2SDWORD                            
00004c08  B2SINT24                            
00004c48  CRC16                               
00004cd8  delayms                             
00004d20  delayus                             
00004da0  canInit                             
00004fb4  canTransmit                         
000050a8  canGetData                          
000051f8  canGetID                            
00005260  canUpdateID                         
000052d8  canSendRemoteFrame                  
00005378  canFillMessageObjectData            
0000546c  canIsTxMessagePending               
000054c8  canIsRxMessageArrived               
00005524  canIsMessageBoxValid                
00005580  canGetLastError                     
000055a4  canGetErrorLevel                    
000055c8  canEnableErrorNotification          
000055e8  canEnableStatusChangeNotification   
00005608  canDisableStatusChangeNotification  
00005628  canDisableErrorNotification         
00005648  canEnableloopback                   
00005680  canDisableloopback                  
000056b0  canIoSetDirection                   
00005700  canIoSetPort                        
00005750  canIoTxGetBit                       
0000576c  canIoRxGetBit                       
00005788  can1GetConfigValue                  
000058e0  can2GetConfigValue                  
00005a38  can3GetConfigValue                  
00005c50  adcInit                             
00005f04  adcStartConversion                  
00005f88  adcStopConversion                   
00005fb0  adcResetFiFo                        
00005fd8  adcGetData                          
000061a0  adcIsFifoFull                       
000061d0  adcIsConversionComplete             
00006200  adcCalibration                      
000063d8  adcMidPointCalibration              
00006574  adcEnableNotification               
000065c4  adcDisableNotification              
000065ec  adcSetEVTPin                        
0000660c  adcGetEVTPin                        
00006624  adc1GetConfigValue                  
00006824  adc2GetConfigValue                  
00006af0  hetInit                             
00006c74  pwmStart                            
00006ca8  pwmStop                             
00006cdc  pwmSetDuty                          
00006e2c  pwmSetSignal                        
00006fdc  pwmGetSignal                        
000070bc  pwmEnableNotification               
00007104  pwmDisableNotification              
00007134  edgeResetCounter                    
00007160  edgeGetCounter                      
0000718c  edgeEnableNotification              
000071c8  edgeDisableNotification             
00007208  capGetSignal                        
000072e0  hetResetTimestamp                   
000072fc  hetGetTimestamp                     
00007314  het1GetConfigValue                  
000074a4  het2GetConfigValue                  
000076c8  setupPLL                            
00007728  trimLPO                             
00007770  setupFlash                          
000077b0  periphInit                          
00007804  mapClocks                           
0000792c  systemInit                          
000079f8  systemPowerDown                     
00007a28  systemGetConfigValue                
00007e3c  tcmflashGetConfigValue              
00007fe8  sramGetConfigValue                  
000081f0  sciInit                             
000083c4  sciSetFunctional                    
000083e4  sciSetBaudrate                      
00008480  sciIsTxReady                        
0000849c  sciSendByte                         
000084cc  sciSend                             
00008600  sciIsRxReady                        
0000861c  sciIsIdleDetected                   
00008638  sciRxError                          
00008668  sciReceiveByte                      
00008694  sciReceive                          
0000876c  sciEnableLoopback                   
000087a0  sciDisableLoopback                  
000087c4  sciEnableNotification               
0000882c  sciDisableNotification              
00008894  sciEnterResetState                  
000088b4  sciExitResetState                   
000088d4  sciGetConfigValue                   
00008a2c  scilinGetConfigValue                
00008c24  mibspiInit                          
00008e74  mibspiSetFunctional                 
00008e94  mibspiSetData                       
00008fa0  mibspiGetData                       
000090ec  mibspiTransfer                      
0000911c  mibspiIsTransferComplete            
00009188  mibspiEnableLoopback                
000091bc  mibspiDisableLoopback               
000091d8  mibspiPmodeSet                      
00009228  mibspiEnableGroupNotification       
000092b0  mibspiDisableGroupNotification      
000092e4  mibspi5GetConfigValue               
00009650  vimInit                             
00009724  vimChannelMap                       
000097c8  vimEnableInterrupt                  
00009920  vimDisableInterrupt                 
000099a4  vimGetConfigValue                   
00009eec  getDelta                            
00009f20  AMS_start_HV                        
00009fbc  AMS_checkForFaults                  
0000a114  setCurrentVehicleVoltage            
0000a130  setCurrentBatteryVoltage            
0000a14c  AMS_readADC                         
0000a1a4  AMS_readGIO                         
0000a2cc  AMS_readHET                         
0000a328  AMS_canTX_Car                       
0000a514  AMS_readSPI                         
0000a57c  AMS_readSCI                         
0000a5b8  getBMSData                          
0000a614  AMS_checkPreContactorState          
0000a654  AMS_process                         
0000a75c  rtiInit                             
0000a850  rtiStartCounter                     
0000a87c  rtiStopCounter                      
0000a8a8  rtiResetCounter                     
0000a90c  rtiSetPeriod                        
0000a934  rtiGetPeriod                        
0000a95c  rtiGetCurrentTick                   
0000a9e8  dwdInit                             
0000aa10  dwwdInit                            
0000aa58  dwwdGetCurrentDownCounter           
0000aa64  dwdCounterEnable                    
0000aa74  dwdSetPreload                       
0000aa90  dwdReset                            
0000aaac  dwdGenerateSysReset                 
0000aac8  IsdwdKeySequenceCorrect             
0000aafc  dwdGetStatus                        
0000ab30  dwdClearFlag                        
0000ab40  dwdGetViolationStatus               
0000abc8  rtiEnableNotification               
0000abf0  rtiDisableNotification              
0000ac0c  rtiGetConfigValue                   
0000ad94  esmInit                             
0000ae9c  esmError                            
0000aeb8  esmEnableError                      
0000aee4  esmDisableError                     
0000af10  esmTriggerErrorPinReset             
0000af20  esmActivateNormalOperation          
0000af30  esmEnableInterrupt                  
0000af5c  esmDisableInterrupt                 
0000af88  esmSetInterruptLevel                
0000b004  esmClearStatus                      
0000b048  esmClearStatusBuffer                
0000b064  esmSetCounterPreloadValue           
0000b084  esmGetStatus                        
0000b108  esmGetStatusBuffer                  
0000b140  esmEnterSelfTest                    
0000b1c8  esmSelfTestStatus                   
0000b218  esmGetConfigValue                   
0000b36c  muxInit                             
0000b654  pinmuxGetConfigValue                
0000b920  BMS_Init                            
0000be90  gioInit                             
0000bf60  gioSetDirection                     
0000bf80  gioSetBit                           
0000bfd0  gioSetPort                          
0000bff0  gioGetBit                           
0000c018  gioGetPort                          
0000c030  gioToggleBit                        
0000c088  gioEnableNotification               
0000c0f0  gioDisableNotification              
0000c158  gioGetConfigValue                   
0000c314  sciHighLevelInterrupt               
0000c4e4  sciLowLevelInterrupt                
0000c6ec  _coreInitRegisters_                 
0000c7f8  _coreInitStackPointer_              
0000c844  _getCPSRValue_                      
0000c84c  _gotoCPUIdle_                       
0000c864  _coreEnableVfp_                     
0000c87c  _coreEnableEventBusExport_          
0000c88c  _coreDisableEventBusExport_         
0000c89c  _coreEnableRamEcc_                  
0000c8ac  _coreDisableRamEcc_                 
0000c8bc  _coreEnableFlashEcc_                
0000c8d0  _coreDisableFlashEcc_               
0000c8e0  _coreEnableIrqVicOffset_            
0000c8f0  _coreGetDataFault_                  
0000c8f8  _coreClearDataFault_                
0000c904  _coreGetInstructionFault_           
0000c90c  _coreClearInstructionFault_         
0000c918  _coreGetDataFaultAddress_           
0000c920  _coreClearDataFaultAddress_         
0000c92c  _coreGetInstructionFaultAddress_    
0000c934  _coreClearInstructionFaultAddress_  
0000c940  _coreGetAuxiliaryDataFault_         
0000c948  _coreClearAuxiliaryDataFault_       
0000c954  _coreGetAuxiliaryInstructionFault_  
0000c95c  _coreClearAuxiliaryInstructionFault_
0000c968  _disable_interrupt_                 
0000c970  _disable_FIQ_interrupt_             
0000c978  _disable_IRQ_interrupt_             
0000c980  _enable_interrupt_                  
0000c988  _esmCcmErrorsClear_                 
0000ca10  _errata_CORTEXR4_57_                
0000ca20  _errata_CORTEXR4_66_                
0000ca30  __TI_PINIT_Base                     
0000ca34  __TI_PINIT_Limit                    
0000ca38  _c_int00                            
0000ccd0  vimParityErrorHandler               
0000cf60  rtiCompare0Interrupt                
0000cfa8  rtiCompare1Interrupt                
0000cff0  rtiCompare2Interrupt                
0000d038  rtiCompare3Interrupt                
0000d080  rtiTimebaseInterrupt                
0000d0c8  rtiOverflow0Interrupt               
0000d110  rtiOverflow1Interrupt               
0000d15c  esmGroup1Notification               
0000d16c  esmGroup2Notification               
0000d17c  memoryPort0TestFailNotification     
0000d198  memoryPort1TestFailNotification     
0000d1b4  rtiNotification                     
0000d1c4  adcNotification                     
0000d1d8  canErrorNotification                
0000d1ec  canStatusChangeNotification         
0000d200  canMessageNotification              
0000d214  dccNotification                     
0000d228  gioNotification                     
0000d23c  i2cNotification                     
0000d250  mibspiNotification                  
0000d264  mibspiGroupNotification             
0000d278  sciNotification                     
0000d28c  spiNotification                     
0000d2a0  spiEndNotification                  
0000d2b0  pwmNotification                     
0000d2c8  edgeNotification                    
0000d2dc  hetNotification                     
0000d2f0  crcNotification                     
0000d304  dmaGroupANotification               
0000d318  emacTxNotification                  
0000d328  emacRxNotification                  
0000d338  gioHighLevelInterrupt               
0000d3e8  gioLowLevelInterrupt                
0000d488  esmHighInterrupt                    
0000d59c  _dabort                             
0000d685  floor                               
0000d685  floorl                              
0000d764  _pmuInit_                           
0000d7b0  _pmuEnableCountersGlobal_           
0000d7c0  _pmuDisableCountersGlobal_          
0000d7d0  _pmuResetCycleCounter_              
0000d7e0  _pmuResetEventCounters_             
0000d7f0  _pmuResetCounters_                  
0000d800  _pmuStartCounters_                  
0000d808  _pmuStopCounters_                   
0000d810  _pmuSetCountEvent_                  
0000d81c  _pmuGetCycleCount_                  
0000d824  _pmuGetEventCount_                  
0000d830  _pmuGetOverflow_                    
0000d844  main                                
0000d91d  __aeabi_memcpy                      
0000d91d  __aeabi_memcpy4                     
0000d91d  __aeabi_memcpy8                     
0000d91d  memcpy                              
0000d9b9  __aeabi_memclr                      
0000d9b9  __aeabi_memclr4                     
0000d9b9  __aeabi_memclr8                     
0000d9bb  __aeabi_memset                      
0000d9bb  __aeabi_memset4                     
0000d9bb  __aeabi_memset8                     
0000d9c1  memset                              
0000da33  __aeabi_idiv0                       
0000da35  __TI_auto_init                      
0000daa5  __TI_decompress_lzss                
0000db11  C$$EXIT                             
0000db15  abort                               
0000db1d  exit                                
0000db60  __aeabi_uidiv                       
0000db60  __aeabi_uidivmod                    
0000dbb1  copy_in                             
0000dbfd  _register_unlock                    
0000dc03  _register_lock                      
0000dc0b  _nop                                
0000dc11  __TI_decompress_none                
0000dc1f  __TI_zero_init                      
0000dc2b  _system_post_cinit                  
0000dc2c  phantomInterrupt                    
0000e370  crc16_table                         
0000e77c  __TI_Handler_Table_Base             
0000e788  __TI_Handler_Table_Limit            
0000e790  __TI_CINIT_Base                     
0000e7a0  __TI_CINIT_Limit                    
08001500  AMS_DATA                            
08001648  imdPeriod                           
08001650  imdDutyCycle                        
08001654  timeoutBMS                          
08001658  timeoutCAR                          
0800165c  currentSense_75                     
0800165e  currentSense_750                    
08001660  currentVehicleVoltage               
08001662  currentBatteryVoltage               
08001664  stateOfCharge                       
08001666  minCellTemperature_Scaled           
08001668  maxCellTemperature_Scaled           
0800166a  minCellVoltage_Scaled               
0800166c  maxCellVoltage_Scaled               
0800166e  vehicleVoltage_Scaled               
08001670  batteryVoltage_Scaled               
08001672  peakCurrent_Scaled                  
08001674  chargeCurrentLimit_Scaled           
08001676  dischargeCurrentLimit_Scaled        
08001678  packCurrent_Scaled                  
0800167a  AMS_faults                          
0800167c  negativeContactorState              
0800167d  positiveContactorState              
0800167e  prechargeContactorState             
0800167f  contactorOpen                       
08001680  contactorClosed                     
08001681  fiveKWActive                        
08001682  currentShortFault                   
08001683  scOutsideSense                      
08001684  cellOverVoltage                     
08001685  cellUnderVoltage                    
08001686  cellOverTemp                        
08001687  cellUnderTemp                       
08001688  overDischargeCurrent                
08001689  overChargeCurrent                   
0800168a  contactorFault                      
0800168b  bmsFault                            
0800168c  imdFault                            
0800168d  bmsCommFault                        
08001690  __TI_cleanup_ptr                    
08001694  __TI_dtors_ptr                      
08001698  __TI_enable_exit_profile_output     
0800169c  _lock                               
080016a0  _unlock                             
080016a4  UART_RX_RDY                         
080016a8  RTI_TIMEOUT                         
080016ac  dataconfig00_t                      
ffffffff  __TI_pprof_out_hndl                 
ffffffff  __TI_prof_data_size                 
ffffffff  __TI_prof_data_start                
ffffffff  __binit__                           
ffffffff  __c_args__                          
ffffffff  binit                               
UNDEFED   SHT$$INIT_ARRAY$$Base               
UNDEFED   SHT$$INIT_ARRAY$$Limit              

[430 symbols]
