******************************************************************************
                  TI ARM Linker PC v16.9.6                     
******************************************************************************
>> Linked Wed Apr 14 18:15:06 2021

OUTPUT FILE NAME:   <FE07_AMS.out>
ENTRY POINT SYMBOL: "_c_int00"  address: 00005fec


MEMORY CONFIGURATION

         name            origin    length      used     unused   attr    fill
----------------------  --------  ---------  --------  --------  ----  --------
  VECTORS               00000000   00000020  00000020  00000000     X
  FLASH0                00000020   0017ffe0  000075b2  00178a2e  R  X
  FLASH1                00180000   00180000  00000000  00180000  R  X
  STACKS                08000000   00001500  00000000  00001500  RW  
  RAM                   08001500   0003eb00  00000014  0003eaec  RW  


SEGMENT ALLOCATION MAP

run origin  load origin   length   init length attrs members
----------  ----------- ---------- ----------- ----- -------
00000000    00000000    000075d8   000075d8    r-x
  00000000    00000000    00000020   00000020    r-x .intvecs
  00000020    00000020    00006c92   00006c92    r-x .text
  00006cb4    00006cb4    00000900   00000900    r-- .const
  000075b8    000075b8    00000020   00000020    r-- .cinit
08001500    08001500    00000014   00000000    rw-
  08001500    08001500    00000014   00000000    rw- .data


SECTION ALLOCATION MAP

 output                                  attributes/
section   page    origin      length       input sections
--------  ----  ----------  ----------   ----------------
.intvecs   0    00000000    00000020     
                  00000000    00000020     sys_intvecs.obj (.intvecs)

.text      0    00000020    00006c92     
                  00000020    00002cdc     sys_selftest.obj (.text)
                  00002cfc    00000bd4     het.obj (.text)
                  000038d0    00000b28     system.obj (.text)
                  000043f8    00000898     sys_vim.obj (.text)
                  00004c90    000005d8     esm.obj (.text)
                  00005268    000005b4     pinmux.obj (.text)
                  0000581c    00000484     gio.obj (.text)
                  00005ca0    0000034c     sys_core.obj (.text)
                  00005fec    00000298     sys_startup.obj (.text:retain)
                  00006284    00000290     sys_vim.obj (.text:retain)
                  00006514    000001f0     notification.obj (.text)
                  00006704    00000114     esm.obj (.text:retain)
                  00006818    000000e8     dabort.obj (.text)
                  00006900    000000e0     sys_pmu.obj (.text)
                  000069e0    0000009c     rtsv7R4_T_le_v3D16_eabi.lib : memcpy_t2.obj (.text)
                  00006a7c    00000070                                 : autoinit.obj (.text)
                  00006aec    0000006c                                 : copy_decompress_lzss.obj (.text:decompress:lzss)
                  00006b58    00000050                                 : exit.obj (.text)
                  00006ba8    00000050                                 : u_div32.obj (.text)
                  00006bf8    0000004c                                 : cpy_tbl.obj (.text)
                  00006c44    00000044     sys_main.obj (.text)
                  00006c88    00000014     rtsv7R4_T_le_v3D16_eabi.lib : _lock.obj (.text)
                  00006c9c    0000000e                                 : copy_decompress_none.obj (.text:decompress:none)
                  00006caa    00000002                                 : i_div0.obj (.text)
                  00006cac    00000004     sys_phantom.obj (.text:retain)
                  00006cb0    00000002     rtsv7R4_T_le_v3D16_eabi.lib : startup.obj (.text)

.const     0    00006cb4    00000900     
                  00006cb4    000003a0     het.obj (.const:het1PROGRAM)
                  00007054    000003a0     het.obj (.const:het2PROGRAM)
                  000073f4    00000180     sys_vim.obj (.const:s_vim_init)
                  00007574    00000020     het.obj (.const:s_het1pwmPolarity)
                  00007594    00000020     het.obj (.const:s_het2pwmPolarity)

.cinit     0    000075b8    00000020     
                  000075b8    0000000e     (.cinit..data.load) [load image, compression = lzss]
                  000075c6    00000002     --HOLE-- [fill = 0]
                  000075c8    00000008     (__TI_handler_table)
                  000075d0    00000008     (__TI_cinit_table)

.data      0    08001500    00000014     UNINITIALIZED
                  08001500    0000000c     rtsv7R4_T_le_v3D16_eabi.lib : exit.obj (.data:$O1$$)
                  0800150c    00000008                                 : _lock.obj (.data:$O1$$)

MODULE SUMMARY

       Module                     code    ro data   rw data
       ------                     ----    -------   -------
    .\source\
       sys_selftest.obj           11484   0         0      
       het.obj                    3028    1920      0      
       sys_vim.obj                2856    384       0      
       system.obj                 2856    0         0      
       esm.obj                    1772    0         0      
       pinmux.obj                 1460    0         0      
       gio.obj                    1156    0         0      
       sys_core.obj               844     0         0      
       sys_startup.obj            664     0         0      
       notification.obj           496     0         0      
       dabort.obj                 232     0         0      
       sys_pmu.obj                224     0         0      
       sys_main.obj               68      0         0      
       sys_intvecs.obj            32      0         0      
       sys_phantom.obj            4       0         0      
    +--+--------------------------+-------+---------+---------+
       Total:                     27176   2304      0      
                                                           
    C:/ti/ccs740/ccsv7/tools/compiler/ti-cgt-arm_16.9.6.LTS/lib/rtsv7R4_T_le_v3D16_eabi.lib
       memcpy_t2.obj              156     0         0      
       autoinit.obj               112     0         0      
       copy_decompress_lzss.obj   108     0         0      
       exit.obj                   80      0         12     
       u_div32.obj                80      0         0      
       cpy_tbl.obj                76      0         0      
       _lock.obj                  20      0         8      
       copy_decompress_none.obj   14      0         0      
       i_div0.obj                 2       0         0      
       startup.obj                2       0         0      
    +--+--------------------------+-------+---------+---------+
       Total:                     650     0         20     
                                                           
       Linker Generated:          0       30        0      
    +--+--------------------------+-------+---------+---------+
       Grand Total:               27826   2334      20     


LINKER GENERATED COPY TABLES

__TI_cinit_table @ 000075d0 records: 1, size/record: 8, table size: 8
	.data: load addr=000075b8, load size=0000000e bytes, run addr=08001500, run size=00000014 bytes, compression=lzss


LINKER GENERATED HANDLER TABLE

__TI_handler_table @ 000075c8 records: 2, size/record: 4, table size: 8
	index: 0, handler: __TI_decompress_lzss
	index: 1, handler: __TI_decompress_none


GLOBAL SYMBOLS: SORTED ALPHABETICALLY BY Name 

address   name                                
-------   ----                                
00006b59  C$$EXIT                             
UNDEFED   SHT$$INIT_ARRAY$$Base               
UNDEFED   SHT$$INIT_ARRAY$$Limit              
000075d0  __TI_CINIT_Base                     
000075d8  __TI_CINIT_Limit                    
000075c8  __TI_Handler_Table_Base             
000075d0  __TI_Handler_Table_Limit            
00005fe4  __TI_PINIT_Base                     
00005fe8  __TI_PINIT_Limit                    
00006a7d  __TI_auto_init                      
08001500  __TI_cleanup_ptr                    
00006aed  __TI_decompress_lzss                
00006c9d  __TI_decompress_none                
08001504  __TI_dtors_ptr                      
08001508  __TI_enable_exit_profile_output     
ffffffff  __TI_pprof_out_hndl                 
ffffffff  __TI_prof_data_size                 
ffffffff  __TI_prof_data_start                
00000000  __TI_static_base__                  
00006cab  __aeabi_idiv0                       
000069e1  __aeabi_memcpy                      
000069e1  __aeabi_memcpy4                     
000069e1  __aeabi_memcpy8                     
00006ba8  __aeabi_uidiv                       
00006ba8  __aeabi_uidivmod                    
ffffffff  __binit__                           
ffffffff  __c_args__                          
00005fec  _c_int00                            
00005efc  _coreClearAuxiliaryDataFault_       
00005f10  _coreClearAuxiliaryInstructionFault_
00005ed4  _coreClearDataFaultAddress_         
00005eac  _coreClearDataFault_                
00005ee8  _coreClearInstructionFaultAddress_  
00005ec0  _coreClearInstructionFault_         
00005e40  _coreDisableEventBusExport_         
00005e84  _coreDisableFlashEcc_               
00005e60  _coreDisableRamEcc_                 
00005e30  _coreEnableEventBusExport_          
00005e70  _coreEnableFlashEcc_                
00005e94  _coreEnableIrqVicOffset_            
00005e50  _coreEnableRamEcc_                  
00005e18  _coreEnableVfp_                     
00005ef4  _coreGetAuxiliaryDataFault_         
00005f08  _coreGetAuxiliaryInstructionFault_  
00005ecc  _coreGetDataFaultAddress_           
00005ea4  _coreGetDataFault_                  
00005ee0  _coreGetInstructionFaultAddress_    
00005eb8  _coreGetInstructionFault_           
00005ca0  _coreInitRegisters_                 
00005dac  _coreInitStackPointer_              
00006818  _dabort                             
00005f24  _disable_FIQ_interrupt_             
00005f2c  _disable_IRQ_interrupt_             
00005f1c  _disable_interrupt_                 
00005f34  _enable_interrupt_                  
00005fc4  _errata_CORTEXR4_57_                
00005fd4  _errata_CORTEXR4_66_                
00005f3c  _esmCcmErrorsClear_                 
00005df8  _getCPSRValue_                      
00005e00  _gotoCPUIdle_                       
0800150c  _lock                               
00006c97  _nop                                
0000695c  _pmuDisableCountersGlobal_          
0000694c  _pmuEnableCountersGlobal_           
000069b8  _pmuGetCycleCount_                  
000069c0  _pmuGetEventCount_                  
000069cc  _pmuGetOverflow_                    
00006900  _pmuInit_                           
0000698c  _pmuResetCounters_                  
0000696c  _pmuResetCycleCounter_              
0000697c  _pmuResetEventCounters_             
000069ac  _pmuSetCountEvent_                  
0000699c  _pmuStartCounters_                  
000069a4  _pmuStopCounters_                   
00006c8f  _register_lock                      
00006c89  _register_unlock                    
00006cb1  _system_post_cinit                  
08001510  _unlock                             
00006b5d  abort                               
0000126c  adc1ParityCheck                     
00001358  adc2ParityCheck                     
0000657c  adcNotification                     
ffffffff  binit                               
00001410  can1ParityCheck                     
000014e8  can2ParityCheck                     
000015b0  can3ParityCheck                     
00006590  canErrorNotification                
000065b8  canMessageNotification              
000065a4  canStatusChangeNotification         
00003414  capGetSignal                        
00000030  ccmSelfCheck                        
000026fc  ccmr4GetConfigValue                 
00000938  checkB0RAMECC                       
00000b28  checkB1RAMECC                       
00001c18  checkClockMonitor                   
00000d18  checkFlashECC                       
00001cf4  checkFlashEEPROMECC                 
00001e8c  checkPLL1Slip                       
00001f8c  checkPLL2Slip                       
00002050  checkRAMAddrParity                  
000019d0  checkRAMECC                         
0000215c  checkRAMUERRTest                    
000007bc  checkefcSelfTest                    
00006bf9  copy_in                             
00000234  cpuSelfTest                         
00000dfc  cpuSelfTestFail                     
000066bc  crcNotification                     
00000df4  custom_dabort                       
000065cc  dccNotification                     
00002b58  disableParity                       
000066d0  dmaGroupANotification               
00000eac  dmaParityCheck                      
000033d4  edgeDisableNotification             
00003398  edgeEnableNotification              
0000336c  edgeGetCounter                      
00006694  edgeNotification                    
00003340  edgeResetCounter                    
00000660  efcCheck                            
00002660  efcGetConfigValue                   
00000794  efcSelfTest                         
000006e8  efcStuckZeroTest                    
000066f4  emacRxNotification                  
000066e4  emacTxNotification                  
00002ad0  enableParity                        
0000276c  errata_PBIST_4                      
00004e1c  esmActivateNormalOperation          
00004f00  esmClearStatus                      
00004f44  esmClearStatusBuffer                
00004de0  esmDisableError                     
00004e58  esmDisableInterrupt                 
00004db4  esmEnableError                      
00004e2c  esmEnableInterrupt                  
0000503c  esmEnterSelfTest                    
00004d98  esmError                            
00005114  esmGetConfigValue                   
00004f80  esmGetStatus                        
00005004  esmGetStatusBuffer                  
00006514  esmGroup1Notification               
00006524  esmGroup2Notification               
00006704  esmHighInterrupt                    
00004c90  esmInit                             
000050c4  esmSelfTestStatus                   
00004f60  esmSetCounterPreloadValue           
00004e84  esmSetInterruptLevel                
00004e0c  esmTriggerErrorPinReset             
00006b65  exit                                
000022c4  fmcBus1ParityCheck                  
0000085c  fmcBus2Check                        
00000898  fmcECCcheck                         
00005a7c  gioDisableNotification              
00005a14  gioEnableNotification               
0000597c  gioGetBit                           
00005ae4  gioGetConfigValue                   
000059a4  gioGetPort                          
0000581c  gioInit                             
000065e0  gioNotification                     
0000590c  gioSetBit                           
000058ec  gioSetDirection                     
0000595c  gioSetPort                          
000059bc  gioToggleBit                        
00003520  het1GetConfigValue                  
00000f58  het1ParityCheck                     
000036b0  het2GetConfigValue                  
000010c0  het2ParityCheck                     
00003508  hetGetTimestamp                     
00002cfc  hetInit                             
000066a8  hetNotification                     
000034ec  hetResetTimestamp                   
00001004  htu1ParityCheck                     
000011bc  htu2ParityCheck                     
000065f4  i2cNotification                     
00006608  linNotification                     
00006c44  main                                
00003a0c  mapClocks                           
000069e1  memcpy                              
00000174  memoryInit                          
00006534  memoryPort0TestFailNotification     
00006550  memoryPort1TestFailNotification     
00001684  mibspi1ParityCheck                  
0000178c  mibspi3ParityCheck                  
000018b0  mibspi5ParityCheck                  
00006630  mibspiGroupNotification             
0000661c  mibspiNotification                  
00005268  muxInit                             
000023ec  pbistFail                           
00002470  pbistGetConfigValue                 
000005a8  pbistIsTestCompleted                
000005d4  pbistIsTestPassed                   
00000608  pbistPortTestStatus                 
000004ac  pbistRun                            
000002cc  pbistSelfCheck                      
00000578  pbistStop                           
000039b8  periphInit                          
00006cac  phantomInterrupt                    
00005554  pinmuxGetConfigValue                
00003310  pwmDisableNotification              
000032c8  pwmEnableNotification               
000031e8  pwmGetSignal                        
0000667c  pwmNotification                     
00002ee8  pwmSetDuty                          
00003038  pwmSetSignal                        
00002e80  pwmStart                            
00002eb4  pwmStop                             
00000000  resetEntry                          
0000656c  rtiNotification                     
00006644  sciNotification                     
00000020  selftestFailNotification            
00003978  setupFlash                          
000038d0  setupPLL                            
0000666c  spiEndNotification                  
00006658  spiNotification                     
000041f0  sramGetConfigValue                  
000025bc  stcGetConfigValue                   
000001b8  stcSelfCheck                        
00000df8  stcSelfCheckFail                    
00003c30  systemGetConfigValue                
00003b34  systemInit                          
00003c00  systemPowerDown                     
00004044  tcmflashGetConfigValue              
00003930  trimLPO                             
000044cc  vimChannelMap                       
000046c8  vimDisableInterrupt                 
00004570  vimEnableInterrupt                  
0000474c  vimGetConfigValue                   
000043f8  vimInit                             
00000e00  vimParityCheck                      
00006284  vimParityErrorHandler               


GLOBAL SYMBOLS: SORTED BY Symbol Address 

address   name                                
-------   ----                                
00000000  __TI_static_base__                  
00000000  resetEntry                          
00000020  selftestFailNotification            
00000030  ccmSelfCheck                        
00000174  memoryInit                          
000001b8  stcSelfCheck                        
00000234  cpuSelfTest                         
000002cc  pbistSelfCheck                      
000004ac  pbistRun                            
00000578  pbistStop                           
000005a8  pbistIsTestCompleted                
000005d4  pbistIsTestPassed                   
00000608  pbistPortTestStatus                 
00000660  efcCheck                            
000006e8  efcStuckZeroTest                    
00000794  efcSelfTest                         
000007bc  checkefcSelfTest                    
0000085c  fmcBus2Check                        
00000898  fmcECCcheck                         
00000938  checkB0RAMECC                       
00000b28  checkB1RAMECC                       
00000d18  checkFlashECC                       
00000df4  custom_dabort                       
00000df8  stcSelfCheckFail                    
00000dfc  cpuSelfTestFail                     
00000e00  vimParityCheck                      
00000eac  dmaParityCheck                      
00000f58  het1ParityCheck                     
00001004  htu1ParityCheck                     
000010c0  het2ParityCheck                     
000011bc  htu2ParityCheck                     
0000126c  adc1ParityCheck                     
00001358  adc2ParityCheck                     
00001410  can1ParityCheck                     
000014e8  can2ParityCheck                     
000015b0  can3ParityCheck                     
00001684  mibspi1ParityCheck                  
0000178c  mibspi3ParityCheck                  
000018b0  mibspi5ParityCheck                  
000019d0  checkRAMECC                         
00001c18  checkClockMonitor                   
00001cf4  checkFlashEEPROMECC                 
00001e8c  checkPLL1Slip                       
00001f8c  checkPLL2Slip                       
00002050  checkRAMAddrParity                  
0000215c  checkRAMUERRTest                    
000022c4  fmcBus1ParityCheck                  
000023ec  pbistFail                           
00002470  pbistGetConfigValue                 
000025bc  stcGetConfigValue                   
00002660  efcGetConfigValue                   
000026fc  ccmr4GetConfigValue                 
0000276c  errata_PBIST_4                      
00002ad0  enableParity                        
00002b58  disableParity                       
00002cfc  hetInit                             
00002e80  pwmStart                            
00002eb4  pwmStop                             
00002ee8  pwmSetDuty                          
00003038  pwmSetSignal                        
000031e8  pwmGetSignal                        
000032c8  pwmEnableNotification               
00003310  pwmDisableNotification              
00003340  edgeResetCounter                    
0000336c  edgeGetCounter                      
00003398  edgeEnableNotification              
000033d4  edgeDisableNotification             
00003414  capGetSignal                        
000034ec  hetResetTimestamp                   
00003508  hetGetTimestamp                     
00003520  het1GetConfigValue                  
000036b0  het2GetConfigValue                  
000038d0  setupPLL                            
00003930  trimLPO                             
00003978  setupFlash                          
000039b8  periphInit                          
00003a0c  mapClocks                           
00003b34  systemInit                          
00003c00  systemPowerDown                     
00003c30  systemGetConfigValue                
00004044  tcmflashGetConfigValue              
000041f0  sramGetConfigValue                  
000043f8  vimInit                             
000044cc  vimChannelMap                       
00004570  vimEnableInterrupt                  
000046c8  vimDisableInterrupt                 
0000474c  vimGetConfigValue                   
00004c90  esmInit                             
00004d98  esmError                            
00004db4  esmEnableError                      
00004de0  esmDisableError                     
00004e0c  esmTriggerErrorPinReset             
00004e1c  esmActivateNormalOperation          
00004e2c  esmEnableInterrupt                  
00004e58  esmDisableInterrupt                 
00004e84  esmSetInterruptLevel                
00004f00  esmClearStatus                      
00004f44  esmClearStatusBuffer                
00004f60  esmSetCounterPreloadValue           
00004f80  esmGetStatus                        
00005004  esmGetStatusBuffer                  
0000503c  esmEnterSelfTest                    
000050c4  esmSelfTestStatus                   
00005114  esmGetConfigValue                   
00005268  muxInit                             
00005554  pinmuxGetConfigValue                
0000581c  gioInit                             
000058ec  gioSetDirection                     
0000590c  gioSetBit                           
0000595c  gioSetPort                          
0000597c  gioGetBit                           
000059a4  gioGetPort                          
000059bc  gioToggleBit                        
00005a14  gioEnableNotification               
00005a7c  gioDisableNotification              
00005ae4  gioGetConfigValue                   
00005ca0  _coreInitRegisters_                 
00005dac  _coreInitStackPointer_              
00005df8  _getCPSRValue_                      
00005e00  _gotoCPUIdle_                       
00005e18  _coreEnableVfp_                     
00005e30  _coreEnableEventBusExport_          
00005e40  _coreDisableEventBusExport_         
00005e50  _coreEnableRamEcc_                  
00005e60  _coreDisableRamEcc_                 
00005e70  _coreEnableFlashEcc_                
00005e84  _coreDisableFlashEcc_               
00005e94  _coreEnableIrqVicOffset_            
00005ea4  _coreGetDataFault_                  
00005eac  _coreClearDataFault_                
00005eb8  _coreGetInstructionFault_           
00005ec0  _coreClearInstructionFault_         
00005ecc  _coreGetDataFaultAddress_           
00005ed4  _coreClearDataFaultAddress_         
00005ee0  _coreGetInstructionFaultAddress_    
00005ee8  _coreClearInstructionFaultAddress_  
00005ef4  _coreGetAuxiliaryDataFault_         
00005efc  _coreClearAuxiliaryDataFault_       
00005f08  _coreGetAuxiliaryInstructionFault_  
00005f10  _coreClearAuxiliaryInstructionFault_
00005f1c  _disable_interrupt_                 
00005f24  _disable_FIQ_interrupt_             
00005f2c  _disable_IRQ_interrupt_             
00005f34  _enable_interrupt_                  
00005f3c  _esmCcmErrorsClear_                 
00005fc4  _errata_CORTEXR4_57_                
00005fd4  _errata_CORTEXR4_66_                
00005fe4  __TI_PINIT_Base                     
00005fe8  __TI_PINIT_Limit                    
00005fec  _c_int00                            
00006284  vimParityErrorHandler               
00006514  esmGroup1Notification               
00006524  esmGroup2Notification               
00006534  memoryPort0TestFailNotification     
00006550  memoryPort1TestFailNotification     
0000656c  rtiNotification                     
0000657c  adcNotification                     
00006590  canErrorNotification                
000065a4  canStatusChangeNotification         
000065b8  canMessageNotification              
000065cc  dccNotification                     
000065e0  gioNotification                     
000065f4  i2cNotification                     
00006608  linNotification                     
0000661c  mibspiNotification                  
00006630  mibspiGroupNotification             
00006644  sciNotification                     
00006658  spiNotification                     
0000666c  spiEndNotification                  
0000667c  pwmNotification                     
00006694  edgeNotification                    
000066a8  hetNotification                     
000066bc  crcNotification                     
000066d0  dmaGroupANotification               
000066e4  emacTxNotification                  
000066f4  emacRxNotification                  
00006704  esmHighInterrupt                    
00006818  _dabort                             
00006900  _pmuInit_                           
0000694c  _pmuEnableCountersGlobal_           
0000695c  _pmuDisableCountersGlobal_          
0000696c  _pmuResetCycleCounter_              
0000697c  _pmuResetEventCounters_             
0000698c  _pmuResetCounters_                  
0000699c  _pmuStartCounters_                  
000069a4  _pmuStopCounters_                   
000069ac  _pmuSetCountEvent_                  
000069b8  _pmuGetCycleCount_                  
000069c0  _pmuGetEventCount_                  
000069cc  _pmuGetOverflow_                    
000069e1  __aeabi_memcpy                      
000069e1  __aeabi_memcpy4                     
000069e1  __aeabi_memcpy8                     
000069e1  memcpy                              
00006a7d  __TI_auto_init                      
00006aed  __TI_decompress_lzss                
00006b59  C$$EXIT                             
00006b5d  abort                               
00006b65  exit                                
00006ba8  __aeabi_uidiv                       
00006ba8  __aeabi_uidivmod                    
00006bf9  copy_in                             
00006c44  main                                
00006c89  _register_unlock                    
00006c8f  _register_lock                      
00006c97  _nop                                
00006c9d  __TI_decompress_none                
00006cab  __aeabi_idiv0                       
00006cac  phantomInterrupt                    
00006cb1  _system_post_cinit                  
000075c8  __TI_Handler_Table_Base             
000075d0  __TI_CINIT_Base                     
000075d0  __TI_Handler_Table_Limit            
000075d8  __TI_CINIT_Limit                    
08001500  __TI_cleanup_ptr                    
08001504  __TI_dtors_ptr                      
08001508  __TI_enable_exit_profile_output     
0800150c  _lock                               
08001510  _unlock                             
ffffffff  __TI_pprof_out_hndl                 
ffffffff  __TI_prof_data_size                 
ffffffff  __TI_prof_data_start                
ffffffff  __binit__                           
ffffffff  __c_args__                          
ffffffff  binit                               
UNDEFED   SHT$$INIT_ARRAY$$Base               
UNDEFED   SHT$$INIT_ARRAY$$Limit              

[227 symbols]
