******************************************************************************
                  TI ARM Linker PC v20.2.2                     
******************************************************************************
>> Linked Sat May  1 04:41:12 2021

OUTPUT FILE NAME:   <FE07_AMS.out>
ENTRY POINT SYMBOL: "_c_int00"  address: 0000c3bc


MEMORY CONFIGURATION

         name            origin    length      used     unused   attr    fill
----------------------  --------  ---------  --------  --------  ----  --------
  VECTORS               00000000   00000020  00000020  00000000     X
  FLASH0                00000020   0017ffe0  0000e071  00171f6f  R  X
  FLASH1                00180000   00180000  00000000  00180000  R  X
  STACKS                08000000   00001500  00000000  00001500  RW  
  RAM                   08001500   0003eb00  0000019c  0003e964  RW  


SEGMENT ALLOCATION MAP

run origin  load origin   length   init length attrs members
----------  ----------- ---------- ----------- ----- -------
00000000    00000000    0000e098   0000e098    r-x
  00000000    00000000    00000020   00000020    r-x .intvecs
  00000020    00000020    0000d504   0000d504    r-x .text
  0000d524    0000d524    00000b35   00000b35    r-- .const
  0000e060    0000e060    00000038   00000038    r-- .cinit
08001500    08001500    0000019c   00000000    rw-
  08001500    08001500    00000148   00000000    rw- .bss
  08001648    08001648    00000054   00000000    rw- .data


SECTION ALLOCATION MAP

 output                                  attributes/
section   page    origin      length       input sections
--------  ----  ----------  ----------   ----------------
.intvecs   0    00000000    00000020     
                  00000000    00000020     sys_intvecs.obj (.intvecs)

.text      0    00000020    0000d504     
                  00000020    00002cdc     sys_selftest.obj (.text)
                  00002cfc    000011e0     spi.obj (.text)
                  00003edc    00000eb0     can.obj (.text)
                  00004d8c    00000ea0     adc.obj (.text)
                  00005c2c    00000ddc     pl455.obj (.text)
                  00006a08    00000bd8     het.obj (.text)
                  000075e0    00000b28     system.obj (.text)
                  00008108    00000a34     sci.obj (.text)
                  00008b3c    00000a2c     mibspi.obj (.text)
                  00009568    0000089c     sys_vim.obj (.text)
                  00009e04    00000870     FE_AMS.obj (.text)
                  0000a674    00000638     rti.obj (.text)
                  0000acac    000005bc     esm.obj (.text)
                  0000b268    000005ac     pinmux.obj (.text)
                  0000b814    00000484     gio.obj (.text)
                  0000bc98    000003d8     sci.obj (.text:retain)
                  0000c070    0000034c     sys_core.obj (.text)
                  0000c3bc    00000290     sys_startup.obj (.text:retain)
                  0000c64c    00000290     sys_vim.obj (.text:retain)
                  0000c8dc    000001fc     rti.obj (.text:retain)
                  0000cad8    000001dc     notification.obj (.text)
                  0000ccb4    00000150     gio.obj (.text:retain)
                  0000ce04    00000118     sys_main.obj (.text)
                  0000cf1c    00000114     esm.obj (.text:retain)
                  0000d030    000000e8     dabort.obj (.text)
                  0000d118    000000e0     rtsv7R4_T_le_v3D16_eabi.lib : s_floor.c.obj (.text:floor)
                  0000d1f8    000000e0     sys_pmu.obj (.text)
                  0000d2d8    0000009c     rtsv7R4_T_le_v3D16_eabi.lib : memcpy_t2.asm.obj (.text)
                  0000d374    0000007a                                 : memset_t2.asm.obj (.text)
                  0000d3ee    0000006c                                 : copy_decompress_lzss.c.obj (.text:decompress:lzss:__TI_decompress_lzss)
                  0000d45a    00000002                                 : div0.asm.obj (.text)
                  0000d45c    00000050                                 : u_div32.asm.obj (.text)
                  0000d4ac    00000044                                 : autoinit.c.obj (.text:__TI_auto_init_nobinit_nopinit:__TI_auto_init_nobinit_nopinit)
                  0000d4f0    0000001c                                 : copy_zero_init.c.obj (.text:decompress:ZI:__TI_zero_init_nomemset:__TI_zero_init_nomemset)
                  0000d50c    0000000e                                 : copy_decompress_none.c.obj (.text:decompress:none:__TI_decompress_none)
                  0000d51a    00000004                                 : exit.c.obj (.text:abort:abort)
                  0000d51e    00000002     --HOLE-- [fill = 0]
                  0000d520    00000004     sys_phantom.obj (.text:retain)

.const     0    0000d524    00000b35     
                  0000d524    000003a0     het.obj (.const:het1PROGRAM)
                  0000d8c4    000003a0     het.obj (.const:het2PROGRAM)
                  0000dc64    00000200     pl455.obj (.const:crc16_table)
                  0000de64    00000180     sys_vim.obj (.const:s_vim_init)
                  0000dfe4    00000020     het.obj (.const:s_het1pwmPolarity)
                  0000e004    00000020     het.obj (.const:s_het2pwmPolarity)
                  0000e024    00000018     adc.obj (.const:s_adcFiFoSize)
                  0000e03c    00000018     adc.obj (.const:s_adcSelect)
                  0000e054    00000005     sys_main.obj (.const:.string:$P$T0$1)

.cinit     0    0000e060    00000038     
                  0000e060    00000012     (.cinit..data.load) [load image, compression = lzss]
                  0000e072    00000002     --HOLE-- [fill = 0]
                  0000e074    0000000c     (__TI_handler_table)
                  0000e080    00000008     (.cinit..bss.load) [load image, compression = zero_init]
                  0000e088    00000010     (__TI_cinit_table)

.bss       0    08001500    00000148     UNINITIALIZED
                  08001500    000000a4     (.common:AMS_DATA)
                  080015a4    00000078     spi.obj (.bss:g_spiPacket_t)
                  0800161c    00000028     sci.obj (.bss:g_sciTransfer_t)
                  08001644    00000004     pl455.obj (.bss)

.data      0    08001648    00000054     UNINITIALIZED
                  08001648    00000046     FE_AMS.obj (.data)
                  0800168e    00000002     --HOLE--
                  08001690    00000008     BMS.obj (.data)
                  08001698    00000004     FE_AMS.obj (.data:dataconfig00_t)

__llvm_prf_cnts 
*          0    08001500    00000000     UNINITIALIZED

MODULE SUMMARY

       Module                       code    ro data   rw data
       ------                       ----    -------   -------
    .\source\
       sys_selftest.obj             11484   0         0      
       het.obj                      3032    1920      0      
       spi.obj                      4576    0         120    
       pl455.obj                    3548    512       4      
       adc.obj                      3744    48        0      
       can.obj                      3760    0         0      
       sci.obj                      3596    0         40     
       sys_vim.obj                  2860    384       0      
       system.obj                   2856    0         0      
       mibspi.obj                   2604    0         0      
       FE_AMS.obj                   2160    0         238    
       rti.obj                      2100    0         0      
       esm.obj                      1744    0         0      
       gio.obj                      1492    0         0      
       pinmux.obj                   1452    0         0      
       sys_core.obj                 844     0         0      
       sys_startup.obj              656     0         0      
       notification.obj             476     0         0      
       sys_main.obj                 280     5         0      
       dabort.obj                   232     0         0      
       sys_pmu.obj                  224     0         0      
       sys_intvecs.obj              32      0         0      
       BMS.obj                      0       0         8      
       sys_phantom.obj              4       0         0      
    +--+----------------------------+-------+---------+---------+
       Total:                       53756   2869      410    
                                                             
    C:/ti/ccs1020/ccs/tools/compiler/ti-cgt-arm_20.2.2.LTS/lib/rtsv7R4_T_le_v3D16_eabi.lib
       s_floor.c.obj                224     0         0      
       memcpy_t2.asm.obj            156     0         0      
       memset_t2.asm.obj            122     0         0      
       copy_decompress_lzss.c.obj   108     0         0      
       u_div32.asm.obj              80      0         0      
       autoinit.c.obj               68      0         0      
       copy_zero_init.c.obj         28      0         0      
       copy_decompress_none.c.obj   14      0         0      
       exit.c.obj                   4       0         0      
       div0.asm.obj                 2       0         0      
    +--+----------------------------+-------+---------+---------+
       Total:                       806     0         0      
                                                             
       Linker Generated:            0       54        0      
    +--+----------------------------+-------+---------+---------+
       Grand Total:                 54562   2923      410    


LINKER GENERATED COPY TABLES

__TI_cinit_table @ 0000e088 records: 2, size/record: 8, table size: 16
	.data: load addr=0000e060, load size=00000012 bytes, run addr=08001648, run size=00000054 bytes, compression=lzss
	.bss: load addr=0000e080, load size=00000008 bytes, run addr=08001500, run size=00000148 bytes, compression=zero_init


LINKER GENERATED HANDLER TABLE

__TI_handler_table @ 0000e074 records: 3, size/record: 4, table size: 12
	index: 0, handler: __TI_zero_init
	index: 1, handler: __TI_decompress_lzss
	index: 2, handler: __TI_decompress_none


GLOBAL SYMBOLS: SORTED ALPHABETICALLY BY Name 

address   name                                
-------   ----                                
08001500  AMS_DATA                            
0000a240  AMS_canTX_Car                       
00009ed4  AMS_checkForFaults                  
0000a52c  AMS_checkPreContactorState          
0800167a  AMS_faults                          
0000a56c  AMS_process                         
0000a064  AMS_readADC                         
0000a0bc  AMS_readGIO                         
0000a1e4  AMS_readHET                         
0000a494  AMS_readSCI                         
0000a42c  AMS_readSPI                         
00009e38  AMS_start_HV                        
0000681c  B2SDWORD                            
00006870  B2SINT24                            
000067e4  B2SWORD                             
0000d51b  C$$EXIT                             
000068b0  CRC16                               
00005c2c  CommClear                           
00005c90  CommReset                           
00005d10  GetFaultStat                        
0000a9e0  IsdwdKeySequenceCorrect             
08001694  RTI_TIMEOUT                         
0000664c  ReadFrameReq                        
00006468  ReadReg                             
00005ce0  ResetPL455                          
UNDEFED   SHT$$INIT_ARRAY$$Base               
UNDEFED   SHT$$INIT_ARRAY$$Limit              
000037e4  SpiRxStatus                         
00003758  SpiTxStatus                         
08001690  UART_RX_RDY                         
0000669c  WaitRespFrame                       
00005ce4  WakePL455                           
00006240  WriteFrame                          
00005d38  WriteReg                            
0000e088  __TI_CINIT_Base                     
0000e098  __TI_CINIT_Limit                    
0000e074  __TI_Handler_Table_Base             
0000e080  __TI_Handler_Table_Limit            
0000c3b4  __TI_PINIT_Base                     
0000c3b8  __TI_PINIT_Limit                    
0000d4ad  __TI_auto_init_nobinit_nopinit      
0000d3ef  __TI_decompress_lzss                
0000d50d  __TI_decompress_none                
ffffffff  __TI_pprof_out_hndl                 
ffffffff  __TI_prof_data_size                 
ffffffff  __TI_prof_data_start                
00000000  __TI_static_base__                  
0000d4f1  __TI_zero_init_nomemset             
0000d45b  __aeabi_idiv0                       
0000d45b  __aeabi_ldiv0                       
0000d375  __aeabi_memclr                      
0000d375  __aeabi_memclr4                     
0000d375  __aeabi_memclr8                     
0000d2d9  __aeabi_memcpy                      
0000d2d9  __aeabi_memcpy4                     
0000d2d9  __aeabi_memcpy8                     
0000d377  __aeabi_memset                      
0000d377  __aeabi_memset4                     
0000d377  __aeabi_memset8                     
0000d45c  __aeabi_uidiv                       
0000d45c  __aeabi_uidivmod                    
ffffffff  __binit__                           
ffffffff  __c_args__                          
08001500  __start___llvm_prf_cnts             
08001500  __stop___llvm_prf_cnts              
0000c3bc  _c_int00                            
0000c2cc  _coreClearAuxiliaryDataFault_       
0000c2e0  _coreClearAuxiliaryInstructionFault_
0000c2a4  _coreClearDataFaultAddress_         
0000c27c  _coreClearDataFault_                
0000c2b8  _coreClearInstructionFaultAddress_  
0000c290  _coreClearInstructionFault_         
0000c210  _coreDisableEventBusExport_         
0000c254  _coreDisableFlashEcc_               
0000c230  _coreDisableRamEcc_                 
0000c200  _coreEnableEventBusExport_          
0000c240  _coreEnableFlashEcc_                
0000c264  _coreEnableIrqVicOffset_            
0000c220  _coreEnableRamEcc_                  
0000c1e8  _coreEnableVfp_                     
0000c2c4  _coreGetAuxiliaryDataFault_         
0000c2d8  _coreGetAuxiliaryInstructionFault_  
0000c29c  _coreGetDataFaultAddress_           
0000c274  _coreGetDataFault_                  
0000c2b0  _coreGetInstructionFaultAddress_    
0000c288  _coreGetInstructionFault_           
0000c070  _coreInitRegisters_                 
0000c17c  _coreInitStackPointer_              
0000d030  _dabort                             
0000c2f4  _disable_FIQ_interrupt_             
0000c2fc  _disable_IRQ_interrupt_             
0000c2ec  _disable_interrupt_                 
0000c304  _enable_interrupt_                  
0000c394  _errata_CORTEXR4_57_                
0000c3a4  _errata_CORTEXR4_66_                
0000c30c  _esmCcmErrorsClear_                 
0000c1c8  _getCPSRValue_                      
0000c1d0  _gotoCPUIdle_                       
0000d254  _pmuDisableCountersGlobal_          
0000d244  _pmuEnableCountersGlobal_           
0000d2b0  _pmuGetCycleCount_                  
0000d2b8  _pmuGetEventCount_                  
0000d2c4  _pmuGetOverflow_                    
0000d1f8  _pmuInit_                           
0000d284  _pmuResetCounters_                  
0000d264  _pmuResetCycleCounter_              
0000d274  _pmuResetEventCounters_             
0000d2a4  _pmuSetCountEvent_                  
0000d294  _pmuStartCounters_                  
0000d29c  _pmuStopCounters_                   
UNDEFED   _system_post_cinit                  
0000d51b  abort                               
00005760  adc1GetConfigValue                  
0000126c  adc1ParityCheck                     
00005960  adc2GetConfigValue                  
00001358  adc2ParityCheck                     
0000533c  adcCalibration                      
00005700  adcDisableNotification              
000056b0  adcEnableNotification               
00005114  adcGetData                          
00005748  adcGetEVTPin                        
00004d8c  adcInit                             
0000530c  adcIsConversionComplete             
000052dc  adcIsFifoFull                       
00005514  adcMidPointCalibration              
0000cb40  adcNotification                     
000050ec  adcResetFiFo                        
00005728  adcSetEVTPin                        
00005040  adcStartConversion                  
000050c4  adcStopConversion                   
08001670  batteryVoltage_Scaled               
ffffffff  binit                               
0800168d  bmsCommFault                        
0800168b  bmsFault                            
000048c4  can1GetConfigValue                  
00001410  can1ParityCheck                     
00004a1c  can2GetConfigValue                  
000014e8  can2ParityCheck                     
00004b74  can3GetConfigValue                  
000015b0  can3ParityCheck                     
00004764  canDisableErrorNotification         
00004744  canDisableStatusChangeNotification  
000047bc  canDisableloopback                  
00004704  canEnableErrorNotification          
00004724  canEnableStatusChangeNotification   
00004784  canEnableloopback                   
0000cb54  canErrorNotification                
000044b4  canFillMessageObjectData            
000041e4  canGetData                          
000046e0  canGetErrorLevel                    
00004334  canGetID                            
000046bc  canGetLastError                     
00003edc  canInit                             
000048a8  canIoRxGetBit                       
000047ec  canIoSetDirection                   
0000483c  canIoSetPort                        
0000488c  canIoTxGetBit                       
00004660  canIsMessageBoxValid                
00004604  canIsRxMessageArrived               
000045a8  canIsTxMessagePending               
0000cb7c  canMessageNotification              
00004414  canSendRemoteFrame                  
0000cb68  canStatusChangeNotification         
000040f0  canTransmit                         
0000439c  canUpdateID                         
00007120  capGetSignal                        
00000030  ccmSelfCheck                        
000026fc  ccmr4GetConfigValue                 
08001686  cellOverTemp                        
08001684  cellOverVoltage                     
08001687  cellUnderTemp                       
08001685  cellUnderVoltage                    
08001674  chargeCurrentLimit_Scaled           
00000938  checkB0RAMECC                       
00000b28  checkB1RAMECC                       
00001c18  checkClockMonitor                   
00000d18  checkFlashECC                       
00001cf4  checkFlashEEPROMECC                 
00001e8c  checkPLL1Slip                       
00001f8c  checkPLL2Slip                       
00002050  checkRAMAddrParity                  
000019d0  checkRAMECC                         
0000215c  checkRAMUERRTest                    
000007bc  checkefcSelfTest                    
08001680  contactorClosed                     
0800168a  contactorFault                      
0800167f  contactorOpen                       
00000234  cpuSelfTest                         
00000dfc  cpuSelfTestFail                     
0000dc64  crc16_table                         
0000cc6c  crcNotification                     
08001662  currentBatteryVoltage               
0800165c  currentSense_75                     
0800165e  currentSense_750                    
08001682  currentShortFault                   
08001660  currentVehicleVoltage               
00000df4  custom_dabort                       
08001698  dataconfig00_t                      
0000cb90  dccNotification                     
00006940  delayms                             
00006988  delayus                             
00002b58  disableParity                       
08001676  dischargeCurrentLimit_Scaled        
0000cc80  dmaGroupANotification               
00000eac  dmaParityCheck                      
0000aa48  dwdClearFlag                        
0000a97c  dwdCounterEnable                    
0000a9c4  dwdGenerateSysReset                 
0000aa14  dwdGetStatus                        
0000aa58  dwdGetViolationStatus               
0000a900  dwdInit                             
0000a9a8  dwdReset                            
0000a98c  dwdSetPreload                       
0000a970  dwwdGetCurrentDownCounter           
0000a928  dwwdInit                            
000070e0  edgeDisableNotification             
000070a4  edgeEnableNotification              
00007078  edgeGetCounter                      
0000cc44  edgeNotification                    
0000704c  edgeResetCounter                    
00000660  efcCheck                            
00002660  efcGetConfigValue                   
00000794  efcSelfTest                         
000006e8  efcStuckZeroTest                    
0000cca4  emacRxNotification                  
0000cc94  emacTxNotification                  
00002ad0  enableParity                        
0000276c  errata_PBIST_4                      
0000ae30  esmActivateNormalOperation          
0000af04  esmClearStatus                      
0000af44  esmClearStatusBuffer                
0000adf8  esmDisableError                     
0000ae68  esmDisableInterrupt                 
0000add0  esmEnableError                      
0000ae40  esmEnableInterrupt                  
0000b03c  esmEnterSelfTest                    
0000adb4  esmError                            
0000b114  esmGetConfigValue                   
0000af80  esmGetStatus                        
0000b004  esmGetStatusBuffer                  
0000cad8  esmGroup1Notification               
0000cae8  esmGroup2Notification               
0000cf1c  esmHighInterrupt                    
0000acac  esmInit                             
0000b0c4  esmSelfTestStatus                   
0000af60  esmSetCounterPreloadValue           
0000ae90  esmSetInterruptLevel                
0000ae20  esmTriggerErrorPinReset             
08001681  fiveKWActive                        
0000d119  floor                               
0000d119  floorl                              
000022c4  fmcBus1ParityCheck                  
0000085c  fmcBus2Check                        
00000898  fmcECCcheck                         
0000a4d0  getBMSData                          
00009e04  getDelta                            
0000ba74  gioDisableNotification              
0000ba0c  gioEnableNotification               
0000b974  gioGetBit                           
0000badc  gioGetConfigValue                   
0000b99c  gioGetPort                          
0000ccb4  gioHighLevelInterrupt               
0000b814  gioInit                             
0000cd64  gioLowLevelInterrupt                
0000cba4  gioNotification                     
0000b904  gioSetBit                           
0000b8e4  gioSetDirection                     
0000b954  gioSetPort                          
0000b9b4  gioToggleBit                        
0000722c  het1GetConfigValue                  
00000f58  het1ParityCheck                     
000073bc  het2GetConfigValue                  
000010c0  het2ParityCheck                     
00007214  hetGetTimestamp                     
00006a08  hetInit                             
0000cc58  hetNotification                     
000071f8  hetResetTimestamp                   
00001004  htu1ParityCheck                     
000011bc  htu2ParityCheck                     
0000cbb8  i2cNotification                     
08001650  imdDutyCycle                        
0800168c  imdFault                            
08001648  imdPeriod                           
0000ce04  main                                
0000771c  mapClocks                           
08001668  maxCellTemperature_Scaled           
0800166c  maxCellVoltage_Scaled               
0000d2d9  memcpy                              
00000174  memoryInit                          
0000caf8  memoryPort0TestFailNotification     
0000cb14  memoryPort1TestFailNotification     
0000d37d  memset                              
00001684  mibspi1ParityCheck                  
0000178c  mibspi3ParityCheck                  
000091fc  mibspi5GetConfigValue               
000018b0  mibspi5ParityCheck                  
000091c8  mibspiDisableGroupNotification      
000090d4  mibspiDisableLoopback               
00009140  mibspiEnableGroupNotification       
000090a0  mibspiEnableLoopback                
00008eb8  mibspiGetData                       
0000cbe0  mibspiGroupNotification             
00008b3c  mibspiInit                          
00009034  mibspiIsTransferComplete            
0000cbcc  mibspiNotification                  
000090f0  mibspiPmodeSet                      
00008dac  mibspiSetData                       
00008d8c  mibspiSetFunctional                 
00009004  mibspiTransfer                      
08001666  minCellTemperature_Scaled           
0800166a  minCellVoltage_Scaled               
0000b268  muxInit                             
0800167c  negativeContactorState              
08001689  overChargeCurrent                   
08001688  overDischargeCurrent                
08001678  packCurrent_Scaled                  
000023ec  pbistFail                           
00002470  pbistGetConfigValue                 
000005a8  pbistIsTestCompleted                
000005d4  pbistIsTestPassed                   
00000608  pbistPortTestStatus                 
000004ac  pbistRun                            
000002cc  pbistSelfCheck                      
00000578  pbistStop                           
08001672  peakCurrent_Scaled                  
000076c8  periphInit                          
0000d520  phantomInterrupt                    
0000b550  pinmuxGetConfigValue                
0800167d  positiveContactorState              
0800167e  prechargeContactorState             
0000701c  pwmDisableNotification              
00006fd4  pwmEnableNotification               
00006ef4  pwmGetSignal                        
0000cc2c  pwmNotification                     
00006bf4  pwmSetDuty                          
00006d44  pwmSetSignal                        
00006b8c  pwmStart                            
00006bc0  pwmStop                             
00000000  resetEntry                          
0000c8dc  rtiCompare0Interrupt                
0000c924  rtiCompare1Interrupt                
0000c96c  rtiCompare2Interrupt                
0000c9b4  rtiCompare3Interrupt                
0000ab08  rtiDisableNotification              
0000aae0  rtiEnableNotification               
0000ab24  rtiGetConfigValue                   
0000a874  rtiGetCurrentTick                   
0000a84c  rtiGetPeriod                        
0000a674  rtiInit                             
0000cb30  rtiNotification                     
0000ca44  rtiOverflow0Interrupt               
0000ca8c  rtiOverflow1Interrupt               
0000a7c0  rtiResetCounter                     
0000a824  rtiSetPeriod                        
0000a768  rtiStartCounter                     
0000a794  rtiStopCounter                      
0000c9fc  rtiTimebaseInterrupt                
08001683  scOutsideSense                      
000086b8  sciDisableLoopback                  
00008744  sciDisableNotification              
00008684  sciEnableLoopback                   
000086dc  sciEnableNotification               
000087ac  sciEnterResetState                  
000087cc  sciExitResetState                   
000087ec  sciGetConfigValue                   
0000bc98  sciHighLevelInterrupt               
00008108  sciInit                             
00008534  sciIsIdleDetected                   
00008518  sciIsRxReady                        
00008398  sciIsTxReady                        
0000be68  sciLowLevelInterrupt                
0000cbf4  sciNotification                     
000085ac  sciReceive                          
00008580  sciReceiveByte                      
00008550  sciRxError                          
000083e4  sciSend                             
000083b4  sciSendByte                         
000082fc  sciSetBaudrate                      
000082dc  sciSetFunctional                    
00008944  scilinGetConfigValue                
00000020  selftestFailNotification            
0000a048  setCurrentBatteryVoltage            
0000a02c  setCurrentVehicleVoltage            
00007688  setupFlash                          
000075e0  setupPLL                            
0000391c  spi1GetConfigValue                  
00003aac  spi3GetConfigValue                  
00003c8c  spi4GetConfigValue                  
000038a4  spiDisableLoopback                  
000038f0  spiDisableNotification              
00003870  spiEnableLoopback                   
000038c0  spiEnableNotification               
0000cc1c  spiEndNotification                  
000031c0  spiGetData                          
00002cfc  spiInit                             
0000cc08  spiNotification                     
000030a4  spiReceiveData                      
00003618  spiSendAndGetData                   
000033e4  spiSendData                         
00003084  spiSetFunctional                    
000034dc  spiTransmitAndReceiveData           
000032b8  spiTransmitData                     
00007f00  sramGetConfigValue                  
08001664  stateOfCharge                       
000025bc  stcGetConfigValue                   
000001b8  stcSelfCheck                        
00000df8  stcSelfCheckFail                    
00007940  systemGetConfigValue                
00007844  systemInit                          
00007910  systemPowerDown                     
00007d54  tcmflashGetConfigValue              
08001654  timeoutBMS                          
08001658  timeoutCAR                          
00007640  trimLPO                             
0800166e  vehicleVoltage_Scaled               
0000963c  vimChannelMap                       
00009838  vimDisableInterrupt                 
000096e0  vimEnableInterrupt                  
000098bc  vimGetConfigValue                   
00009568  vimInit                             
00000e00  vimParityCheck                      
0000c64c  vimParityErrorHandler               


GLOBAL SYMBOLS: SORTED BY Symbol Address 

address   name                                
-------   ----                                
00000000  __TI_static_base__                  
00000000  resetEntry                          
00000020  selftestFailNotification            
00000030  ccmSelfCheck                        
00000174  memoryInit                          
000001b8  stcSelfCheck                        
00000234  cpuSelfTest                         
000002cc  pbistSelfCheck                      
000004ac  pbistRun                            
00000578  pbistStop                           
000005a8  pbistIsTestCompleted                
000005d4  pbistIsTestPassed                   
00000608  pbistPortTestStatus                 
00000660  efcCheck                            
000006e8  efcStuckZeroTest                    
00000794  efcSelfTest                         
000007bc  checkefcSelfTest                    
0000085c  fmcBus2Check                        
00000898  fmcECCcheck                         
00000938  checkB0RAMECC                       
00000b28  checkB1RAMECC                       
00000d18  checkFlashECC                       
00000df4  custom_dabort                       
00000df8  stcSelfCheckFail                    
00000dfc  cpuSelfTestFail                     
00000e00  vimParityCheck                      
00000eac  dmaParityCheck                      
00000f58  het1ParityCheck                     
00001004  htu1ParityCheck                     
000010c0  het2ParityCheck                     
000011bc  htu2ParityCheck                     
0000126c  adc1ParityCheck                     
00001358  adc2ParityCheck                     
00001410  can1ParityCheck                     
000014e8  can2ParityCheck                     
000015b0  can3ParityCheck                     
00001684  mibspi1ParityCheck                  
0000178c  mibspi3ParityCheck                  
000018b0  mibspi5ParityCheck                  
000019d0  checkRAMECC                         
00001c18  checkClockMonitor                   
00001cf4  checkFlashEEPROMECC                 
00001e8c  checkPLL1Slip                       
00001f8c  checkPLL2Slip                       
00002050  checkRAMAddrParity                  
0000215c  checkRAMUERRTest                    
000022c4  fmcBus1ParityCheck                  
000023ec  pbistFail                           
00002470  pbistGetConfigValue                 
000025bc  stcGetConfigValue                   
00002660  efcGetConfigValue                   
000026fc  ccmr4GetConfigValue                 
0000276c  errata_PBIST_4                      
00002ad0  enableParity                        
00002b58  disableParity                       
00002cfc  spiInit                             
00003084  spiSetFunctional                    
000030a4  spiReceiveData                      
000031c0  spiGetData                          
000032b8  spiTransmitData                     
000033e4  spiSendData                         
000034dc  spiTransmitAndReceiveData           
00003618  spiSendAndGetData                   
00003758  SpiTxStatus                         
000037e4  SpiRxStatus                         
00003870  spiEnableLoopback                   
000038a4  spiDisableLoopback                  
000038c0  spiEnableNotification               
000038f0  spiDisableNotification              
0000391c  spi1GetConfigValue                  
00003aac  spi3GetConfigValue                  
00003c8c  spi4GetConfigValue                  
00003edc  canInit                             
000040f0  canTransmit                         
000041e4  canGetData                          
00004334  canGetID                            
0000439c  canUpdateID                         
00004414  canSendRemoteFrame                  
000044b4  canFillMessageObjectData            
000045a8  canIsTxMessagePending               
00004604  canIsRxMessageArrived               
00004660  canIsMessageBoxValid                
000046bc  canGetLastError                     
000046e0  canGetErrorLevel                    
00004704  canEnableErrorNotification          
00004724  canEnableStatusChangeNotification   
00004744  canDisableStatusChangeNotification  
00004764  canDisableErrorNotification         
00004784  canEnableloopback                   
000047bc  canDisableloopback                  
000047ec  canIoSetDirection                   
0000483c  canIoSetPort                        
0000488c  canIoTxGetBit                       
000048a8  canIoRxGetBit                       
000048c4  can1GetConfigValue                  
00004a1c  can2GetConfigValue                  
00004b74  can3GetConfigValue                  
00004d8c  adcInit                             
00005040  adcStartConversion                  
000050c4  adcStopConversion                   
000050ec  adcResetFiFo                        
00005114  adcGetData                          
000052dc  adcIsFifoFull                       
0000530c  adcIsConversionComplete             
0000533c  adcCalibration                      
00005514  adcMidPointCalibration              
000056b0  adcEnableNotification               
00005700  adcDisableNotification              
00005728  adcSetEVTPin                        
00005748  adcGetEVTPin                        
00005760  adc1GetConfigValue                  
00005960  adc2GetConfigValue                  
00005c2c  CommClear                           
00005c90  CommReset                           
00005ce0  ResetPL455                          
00005ce4  WakePL455                           
00005d10  GetFaultStat                        
00005d38  WriteReg                            
00006240  WriteFrame                          
00006468  ReadReg                             
0000664c  ReadFrameReq                        
0000669c  WaitRespFrame                       
000067e4  B2SWORD                             
0000681c  B2SDWORD                            
00006870  B2SINT24                            
000068b0  CRC16                               
00006940  delayms                             
00006988  delayus                             
00006a08  hetInit                             
00006b8c  pwmStart                            
00006bc0  pwmStop                             
00006bf4  pwmSetDuty                          
00006d44  pwmSetSignal                        
00006ef4  pwmGetSignal                        
00006fd4  pwmEnableNotification               
0000701c  pwmDisableNotification              
0000704c  edgeResetCounter                    
00007078  edgeGetCounter                      
000070a4  edgeEnableNotification              
000070e0  edgeDisableNotification             
00007120  capGetSignal                        
000071f8  hetResetTimestamp                   
00007214  hetGetTimestamp                     
0000722c  het1GetConfigValue                  
000073bc  het2GetConfigValue                  
000075e0  setupPLL                            
00007640  trimLPO                             
00007688  setupFlash                          
000076c8  periphInit                          
0000771c  mapClocks                           
00007844  systemInit                          
00007910  systemPowerDown                     
00007940  systemGetConfigValue                
00007d54  tcmflashGetConfigValue              
00007f00  sramGetConfigValue                  
00008108  sciInit                             
000082dc  sciSetFunctional                    
000082fc  sciSetBaudrate                      
00008398  sciIsTxReady                        
000083b4  sciSendByte                         
000083e4  sciSend                             
00008518  sciIsRxReady                        
00008534  sciIsIdleDetected                   
00008550  sciRxError                          
00008580  sciReceiveByte                      
000085ac  sciReceive                          
00008684  sciEnableLoopback                   
000086b8  sciDisableLoopback                  
000086dc  sciEnableNotification               
00008744  sciDisableNotification              
000087ac  sciEnterResetState                  
000087cc  sciExitResetState                   
000087ec  sciGetConfigValue                   
00008944  scilinGetConfigValue                
00008b3c  mibspiInit                          
00008d8c  mibspiSetFunctional                 
00008dac  mibspiSetData                       
00008eb8  mibspiGetData                       
00009004  mibspiTransfer                      
00009034  mibspiIsTransferComplete            
000090a0  mibspiEnableLoopback                
000090d4  mibspiDisableLoopback               
000090f0  mibspiPmodeSet                      
00009140  mibspiEnableGroupNotification       
000091c8  mibspiDisableGroupNotification      
000091fc  mibspi5GetConfigValue               
00009568  vimInit                             
0000963c  vimChannelMap                       
000096e0  vimEnableInterrupt                  
00009838  vimDisableInterrupt                 
000098bc  vimGetConfigValue                   
00009e04  getDelta                            
00009e38  AMS_start_HV                        
00009ed4  AMS_checkForFaults                  
0000a02c  setCurrentVehicleVoltage            
0000a048  setCurrentBatteryVoltage            
0000a064  AMS_readADC                         
0000a0bc  AMS_readGIO                         
0000a1e4  AMS_readHET                         
0000a240  AMS_canTX_Car                       
0000a42c  AMS_readSPI                         
0000a494  AMS_readSCI                         
0000a4d0  getBMSData                          
0000a52c  AMS_checkPreContactorState          
0000a56c  AMS_process                         
0000a674  rtiInit                             
0000a768  rtiStartCounter                     
0000a794  rtiStopCounter                      
0000a7c0  rtiResetCounter                     
0000a824  rtiSetPeriod                        
0000a84c  rtiGetPeriod                        
0000a874  rtiGetCurrentTick                   
0000a900  dwdInit                             
0000a928  dwwdInit                            
0000a970  dwwdGetCurrentDownCounter           
0000a97c  dwdCounterEnable                    
0000a98c  dwdSetPreload                       
0000a9a8  dwdReset                            
0000a9c4  dwdGenerateSysReset                 
0000a9e0  IsdwdKeySequenceCorrect             
0000aa14  dwdGetStatus                        
0000aa48  dwdClearFlag                        
0000aa58  dwdGetViolationStatus               
0000aae0  rtiEnableNotification               
0000ab08  rtiDisableNotification              
0000ab24  rtiGetConfigValue                   
0000acac  esmInit                             
0000adb4  esmError                            
0000add0  esmEnableError                      
0000adf8  esmDisableError                     
0000ae20  esmTriggerErrorPinReset             
0000ae30  esmActivateNormalOperation          
0000ae40  esmEnableInterrupt                  
0000ae68  esmDisableInterrupt                 
0000ae90  esmSetInterruptLevel                
0000af04  esmClearStatus                      
0000af44  esmClearStatusBuffer                
0000af60  esmSetCounterPreloadValue           
0000af80  esmGetStatus                        
0000b004  esmGetStatusBuffer                  
0000b03c  esmEnterSelfTest                    
0000b0c4  esmSelfTestStatus                   
0000b114  esmGetConfigValue                   
0000b268  muxInit                             
0000b550  pinmuxGetConfigValue                
0000b814  gioInit                             
0000b8e4  gioSetDirection                     
0000b904  gioSetBit                           
0000b954  gioSetPort                          
0000b974  gioGetBit                           
0000b99c  gioGetPort                          
0000b9b4  gioToggleBit                        
0000ba0c  gioEnableNotification               
0000ba74  gioDisableNotification              
0000badc  gioGetConfigValue                   
0000bc98  sciHighLevelInterrupt               
0000be68  sciLowLevelInterrupt                
0000c070  _coreInitRegisters_                 
0000c17c  _coreInitStackPointer_              
0000c1c8  _getCPSRValue_                      
0000c1d0  _gotoCPUIdle_                       
0000c1e8  _coreEnableVfp_                     
0000c200  _coreEnableEventBusExport_          
0000c210  _coreDisableEventBusExport_         
0000c220  _coreEnableRamEcc_                  
0000c230  _coreDisableRamEcc_                 
0000c240  _coreEnableFlashEcc_                
0000c254  _coreDisableFlashEcc_               
0000c264  _coreEnableIrqVicOffset_            
0000c274  _coreGetDataFault_                  
0000c27c  _coreClearDataFault_                
0000c288  _coreGetInstructionFault_           
0000c290  _coreClearInstructionFault_         
0000c29c  _coreGetDataFaultAddress_           
0000c2a4  _coreClearDataFaultAddress_         
0000c2b0  _coreGetInstructionFaultAddress_    
0000c2b8  _coreClearInstructionFaultAddress_  
0000c2c4  _coreGetAuxiliaryDataFault_         
0000c2cc  _coreClearAuxiliaryDataFault_       
0000c2d8  _coreGetAuxiliaryInstructionFault_  
0000c2e0  _coreClearAuxiliaryInstructionFault_
0000c2ec  _disable_interrupt_                 
0000c2f4  _disable_FIQ_interrupt_             
0000c2fc  _disable_IRQ_interrupt_             
0000c304  _enable_interrupt_                  
0000c30c  _esmCcmErrorsClear_                 
0000c394  _errata_CORTEXR4_57_                
0000c3a4  _errata_CORTEXR4_66_                
0000c3b4  __TI_PINIT_Base                     
0000c3b8  __TI_PINIT_Limit                    
0000c3bc  _c_int00                            
0000c64c  vimParityErrorHandler               
0000c8dc  rtiCompare0Interrupt                
0000c924  rtiCompare1Interrupt                
0000c96c  rtiCompare2Interrupt                
0000c9b4  rtiCompare3Interrupt                
0000c9fc  rtiTimebaseInterrupt                
0000ca44  rtiOverflow0Interrupt               
0000ca8c  rtiOverflow1Interrupt               
0000cad8  esmGroup1Notification               
0000cae8  esmGroup2Notification               
0000caf8  memoryPort0TestFailNotification     
0000cb14  memoryPort1TestFailNotification     
0000cb30  rtiNotification                     
0000cb40  adcNotification                     
0000cb54  canErrorNotification                
0000cb68  canStatusChangeNotification         
0000cb7c  canMessageNotification              
0000cb90  dccNotification                     
0000cba4  gioNotification                     
0000cbb8  i2cNotification                     
0000cbcc  mibspiNotification                  
0000cbe0  mibspiGroupNotification             
0000cbf4  sciNotification                     
0000cc08  spiNotification                     
0000cc1c  spiEndNotification                  
0000cc2c  pwmNotification                     
0000cc44  edgeNotification                    
0000cc58  hetNotification                     
0000cc6c  crcNotification                     
0000cc80  dmaGroupANotification               
0000cc94  emacTxNotification                  
0000cca4  emacRxNotification                  
0000ccb4  gioHighLevelInterrupt               
0000cd64  gioLowLevelInterrupt                
0000ce04  main                                
0000cf1c  esmHighInterrupt                    
0000d030  _dabort                             
0000d119  floor                               
0000d119  floorl                              
0000d1f8  _pmuInit_                           
0000d244  _pmuEnableCountersGlobal_           
0000d254  _pmuDisableCountersGlobal_          
0000d264  _pmuResetCycleCounter_              
0000d274  _pmuResetEventCounters_             
0000d284  _pmuResetCounters_                  
0000d294  _pmuStartCounters_                  
0000d29c  _pmuStopCounters_                   
0000d2a4  _pmuSetCountEvent_                  
0000d2b0  _pmuGetCycleCount_                  
0000d2b8  _pmuGetEventCount_                  
0000d2c4  _pmuGetOverflow_                    
0000d2d9  __aeabi_memcpy                      
0000d2d9  __aeabi_memcpy4                     
0000d2d9  __aeabi_memcpy8                     
0000d2d9  memcpy                              
0000d375  __aeabi_memclr                      
0000d375  __aeabi_memclr4                     
0000d375  __aeabi_memclr8                     
0000d377  __aeabi_memset                      
0000d377  __aeabi_memset4                     
0000d377  __aeabi_memset8                     
0000d37d  memset                              
0000d3ef  __TI_decompress_lzss                
0000d45b  __aeabi_idiv0                       
0000d45b  __aeabi_ldiv0                       
0000d45c  __aeabi_uidiv                       
0000d45c  __aeabi_uidivmod                    
0000d4ad  __TI_auto_init_nobinit_nopinit      
0000d4f1  __TI_zero_init_nomemset             
0000d50d  __TI_decompress_none                
0000d51b  C$$EXIT                             
0000d51b  abort                               
0000d520  phantomInterrupt                    
0000dc64  crc16_table                         
0000e074  __TI_Handler_Table_Base             
0000e080  __TI_Handler_Table_Limit            
0000e088  __TI_CINIT_Base                     
0000e098  __TI_CINIT_Limit                    
08001500  AMS_DATA                            
08001500  __start___llvm_prf_cnts             
08001500  __stop___llvm_prf_cnts              
08001648  imdPeriod                           
08001650  imdDutyCycle                        
08001654  timeoutBMS                          
08001658  timeoutCAR                          
0800165c  currentSense_75                     
0800165e  currentSense_750                    
08001660  currentVehicleVoltage               
08001662  currentBatteryVoltage               
08001664  stateOfCharge                       
08001666  minCellTemperature_Scaled           
08001668  maxCellTemperature_Scaled           
0800166a  minCellVoltage_Scaled               
0800166c  maxCellVoltage_Scaled               
0800166e  vehicleVoltage_Scaled               
08001670  batteryVoltage_Scaled               
08001672  peakCurrent_Scaled                  
08001674  chargeCurrentLimit_Scaled           
08001676  dischargeCurrentLimit_Scaled        
08001678  packCurrent_Scaled                  
0800167a  AMS_faults                          
0800167c  negativeContactorState              
0800167d  positiveContactorState              
0800167e  prechargeContactorState             
0800167f  contactorOpen                       
08001680  contactorClosed                     
08001681  fiveKWActive                        
08001682  currentShortFault                   
08001683  scOutsideSense                      
08001684  cellOverVoltage                     
08001685  cellUnderVoltage                    
08001686  cellOverTemp                        
08001687  cellUnderTemp                       
08001688  overDischargeCurrent                
08001689  overChargeCurrent                   
0800168a  contactorFault                      
0800168b  bmsFault                            
0800168c  imdFault                            
0800168d  bmsCommFault                        
08001690  UART_RX_RDY                         
08001694  RTI_TIMEOUT                         
08001698  dataconfig00_t                      
ffffffff  __TI_pprof_out_hndl                 
ffffffff  __TI_prof_data_size                 
ffffffff  __TI_prof_data_start                
ffffffff  __binit__                           
ffffffff  __c_args__                          
ffffffff  binit                               
UNDEFED   SHT$$INIT_ARRAY$$Base               
UNDEFED   SHT$$INIT_ARRAY$$Limit              
UNDEFED   _system_post_cinit                  

[422 symbols]
