******************************************************************************
                  TI ARM Linker PC v20.2.2                     
******************************************************************************
>> Linked Wed Apr 21 17:36:30 2021

OUTPUT FILE NAME:   <FE07_AMS.out>
ENTRY POINT SYMBOL: "_c_int00"  address: 000093f4


MEMORY CONFIGURATION

         name            origin    length      used     unused   attr    fill
----------------------  --------  ---------  --------  --------  ----  --------
  VECTORS               00000000   00000020  00000020  00000000     X
  FLASH0                00000020   0017ffe0  0000aba4  0017543c  R  X
  FLASH1                00180000   00180000  00000000  00180000  R  X
  STACKS                08000000   00001500  00000000  00001500  RW  
  RAM                   08001500   0003eb00  0000010c  0003e9f4  RW  


SEGMENT ALLOCATION MAP

run origin  load origin   length   init length attrs members
----------  ----------- ---------- ----------- ----- -------
00000000    00000000    0000abc8   0000abc8    r-x
  00000000    00000000    00000020   00000020    r-x .intvecs
  00000020    00000020    0000a244   0000a244    r-x .text
  0000a264    0000a264    00000930   00000930    r-- .const
  0000ab98    0000ab98    00000030   00000030    r-- .cinit
08001500    08001500    0000010c   00000000    rw-
  08001500    08001500    00000090   00000000    rw- .data
  08001590    08001590    0000007c   00000000    rw- .bss


SECTION ALLOCATION MAP

 output                                  attributes/
section   page    origin      length       input sections
--------  ----  ----------  ----------   ----------------
.intvecs   0    00000000    00000020     
                  00000000    00000020     sys_intvecs.obj (.intvecs)

.text      0    00000020    0000a244     
                  00000020    00002cdc     sys_selftest.obj (.text)
                  00002cfc    000011e0     spi.obj (.text)
                  00003edc    00000ea0     adc.obj (.text)
                  00004d7c    00000bd8     het.obj (.text)
                  00005954    00000b64     system.obj (.text)
                  000064b8    00000a2c     mibspi.obj (.text)
                  00006ee4    0000089c     sys_vim.obj (.text)
                  00007780    00000664     errata_SSWF021_45.obj (.text)
                  00007de4    000005bc     esm.obj (.text)
                  000083a0    000005ac     pinmux.obj (.text)
                  0000894c    00000484     gio.obj (.text)
                  00008dd0    0000034c     sys_core.obj (.text)
                  0000911c    000002d8     FE_AMS.obj (.text)
                  000093f4    000002a4     sys_startup.obj (.text:retain)
                  00009698    00000290     sys_vim.obj (.text:retain)
                  00009928    000001dc     notification.obj (.text)
                  00009b04    00000150     gio.obj (.text:retain)
                  00009c54    00000114     esm.obj (.text:retain)
                  00009d68    000000e8     dabort.obj (.text)
                  00009e50    000000e4     sys_main.obj (.text)
                  00009f34    000000e0     sys_pmu.obj (.text)
                  0000a014    0000009c     rtsv7R4_T_le_v3D16_eabi.lib : memcpy_t2.asm.obj (.text)
                  0000a0b0    0000007a                                 : memset_t2.asm.obj (.text)
                  0000a12a    0000006c                                 : copy_decompress_lzss.c.obj (.text:decompress:lzss:__TI_decompress_lzss)
                  0000a196    00000002                                 : div0.asm.obj (.text)
                  0000a198    00000050                                 : u_div32.asm.obj (.text)
                  0000a1e8    00000044                                 : autoinit.c.obj (.text:__TI_auto_init_nobinit_nopinit:__TI_auto_init_nobinit_nopinit)
                  0000a22c    0000001c                                 : copy_zero_init.c.obj (.text:decompress:ZI:__TI_zero_init_nomemset:__TI_zero_init_nomemset)
                  0000a248    0000000e                                 : copy_decompress_none.c.obj (.text:decompress:none:__TI_decompress_none)
                  0000a256    00000004                                 : exit.c.obj (.text:abort:abort)
                  0000a25a    00000002     --HOLE-- [fill = 0]
                  0000a25c    00000004     sys_phantom.obj (.text:retain)
                  0000a260    00000004     sys_startup.obj (.text)

.const     0    0000a264    00000930     
                  0000a264    000003a0     het.obj (.const:het1PROGRAM)
                  0000a604    000003a0     het.obj (.const:het2PROGRAM)
                  0000a9a4    00000180     sys_vim.obj (.const:s_vim_init)
                  0000ab24    00000020     het.obj (.const:s_het1pwmPolarity)
                  0000ab44    00000020     het.obj (.const:s_het2pwmPolarity)
                  0000ab64    00000018     adc.obj (.const:s_adcFiFoSize)
                  0000ab7c    00000018     adc.obj (.const:s_adcSelect)

.cinit     0    0000ab98    00000030     
                  0000ab98    0000000c     (__TI_handler_table)
                  0000aba4    00000004     --HOLE-- [fill = 0]
                  0000aba8    00000008     (.cinit..bss.load) [load image, compression = zero_init]
                  0000abb0    00000008     (.cinit..data.load) [load image, compression = lzss]
                  0000abb8    00000010     (__TI_cinit_table)

.data      0    08001500    00000090     UNINITIALIZED
                  08001500    00000020     FE_AMS.obj (.data:RX_Data_M)
                  08001520    00000020     sys_main.obj (.data:RX_Data_Master)
                  08001540    00000020     FE_AMS.obj (.data:RX_Data_S)
                  08001560    00000020     sys_main.obj (.data:RX_Data_Slave)
                  08001580    00000010     FE_AMS.obj (.data)

.bss       0    08001590    0000007c     UNINITIALIZED
                  08001590    00000078     spi.obj (.bss:g_spiPacket_t)
                  08001608    00000004     (.common:dataconfig00_t)

__llvm_prf_cnts 
*          0    08001500    00000000     UNINITIALIZED

MODULE SUMMARY

       Module                       code    ro data   rw data
       ------                       ----    -------   -------
    .\source\
       sys_selftest.obj             11484   0         0      
       het.obj                      3032    1920      0      
       spi.obj                      4576    0         120    
       adc.obj                      3744    48        0      
       sys_vim.obj                  2860    384       0      
       system.obj                   2916    0         0      
       mibspi.obj                   2604    0         0      
       esm.obj                      1744    0         0      
       errata_SSWF021_45.obj        1636    0         0      
       gio.obj                      1492    0         0      
       pinmux.obj                   1452    0         0      
       sys_core.obj                 844     0         0      
       FE_AMS.obj                   728     0         84     
       sys_startup.obj              680     0         0      
       notification.obj             476     0         0      
       sys_main.obj                 228     0         64     
       dabort.obj                   232     0         0      
       sys_pmu.obj                  224     0         0      
       sys_intvecs.obj              32      0         0      
       sys_phantom.obj              4       0         0      
    +--+----------------------------+-------+---------+---------+
       Total:                       40988   2352      268    
                                                             
    C:/ti/ccs1020/ccs/tools/compiler/ti-cgt-arm_20.2.2.LTS/lib/rtsv7R4_T_le_v3D16_eabi.lib
       memcpy_t2.asm.obj            156     0         0      
       memset_t2.asm.obj            122     0         0      
       copy_decompress_lzss.c.obj   108     0         0      
       u_div32.asm.obj              80      0         0      
       autoinit.c.obj               68      0         0      
       copy_zero_init.c.obj         28      0         0      
       copy_decompress_none.c.obj   14      0         0      
       exit.c.obj                   4       0         0      
       div0.asm.obj                 2       0         0      
    +--+----------------------------+-------+---------+---------+
       Total:                       582     0         0      
                                                             
       Linker Generated:            0       44        0      
    +--+----------------------------+-------+---------+---------+
       Grand Total:                 41570   2396      268    


LINKER GENERATED COPY TABLES

__TI_cinit_table @ 0000abb8 records: 2, size/record: 8, table size: 16
	.bss: load addr=0000aba8, load size=00000008 bytes, run addr=08001590, run size=0000007c bytes, compression=zero_init
	.data: load addr=0000abb0, load size=00000008 bytes, run addr=08001500, run size=00000090 bytes, compression=lzss


LINKER GENERATED HANDLER TABLE

__TI_handler_table @ 0000ab98 records: 3, size/record: 4, table size: 12
	index: 0, handler: __TI_zero_init
	index: 1, handler: __TI_decompress_lzss
	index: 2, handler: __TI_decompress_none


GLOBAL SYMBOLS: SORTED ALPHABETICALLY BY Name 

address   name                                
-------   ----                                
0000924c  AMS_checkForFaults                  
00009324  AMS_process                         
00009354  AMS_readADC                         
00009184  AMS_start_HV                        
0000a257  C$$EXIT                             
08001500  RX_Data_M                           
08001520  RX_Data_Master                      
08001540  RX_Data_S                           
08001560  RX_Data_Slave                       
UNDEFED   SHT$$INIT_ARRAY$$Base               
UNDEFED   SHT$$INIT_ARRAY$$Limit              
000037e4  SpiRxStatus                         
00003758  SpiTxStatus                         
0000abb8  __TI_CINIT_Base                     
0000abc8  __TI_CINIT_Limit                    
0000ab98  __TI_Handler_Table_Base             
0000aba4  __TI_Handler_Table_Limit            
00009114  __TI_PINIT_Base                     
00009118  __TI_PINIT_Limit                    
0000a1e9  __TI_auto_init_nobinit_nopinit      
0000a12b  __TI_decompress_lzss                
0000a249  __TI_decompress_none                
ffffffff  __TI_pprof_out_hndl                 
ffffffff  __TI_prof_data_size                 
ffffffff  __TI_prof_data_start                
00000000  __TI_static_base__                  
0000a22d  __TI_zero_init_nomemset             
0000a197  __aeabi_idiv0                       
0000a197  __aeabi_ldiv0                       
0000a0b1  __aeabi_memclr                      
0000a0b1  __aeabi_memclr4                     
0000a0b1  __aeabi_memclr8                     
0000a015  __aeabi_memcpy                      
0000a015  __aeabi_memcpy4                     
0000a015  __aeabi_memcpy8                     
0000a0b3  __aeabi_memset                      
0000a0b3  __aeabi_memset4                     
0000a0b3  __aeabi_memset8                     
0000a198  __aeabi_uidiv                       
0000a198  __aeabi_uidivmod                    
ffffffff  __binit__                           
ffffffff  __c_args__                          
08001500  __start___llvm_prf_cnts             
08001500  __stop___llvm_prf_cnts              
000093f4  _c_int00                            
0000902c  _coreClearAuxiliaryDataFault_       
00009040  _coreClearAuxiliaryInstructionFault_
00009004  _coreClearDataFaultAddress_         
00008fdc  _coreClearDataFault_                
00009018  _coreClearInstructionFaultAddress_  
00008ff0  _coreClearInstructionFault_         
00008f70  _coreDisableEventBusExport_         
00008fb4  _coreDisableFlashEcc_               
00008f90  _coreDisableRamEcc_                 
00008f60  _coreEnableEventBusExport_          
00008fa0  _coreEnableFlashEcc_                
00008fc4  _coreEnableIrqVicOffset_            
00008f80  _coreEnableRamEcc_                  
00008f48  _coreEnableVfp_                     
00009024  _coreGetAuxiliaryDataFault_         
00009038  _coreGetAuxiliaryInstructionFault_  
00008ffc  _coreGetDataFaultAddress_           
00008fd4  _coreGetDataFault_                  
00009010  _coreGetInstructionFaultAddress_    
00008fe8  _coreGetInstructionFault_           
00008dd0  _coreInitRegisters_                 
00008edc  _coreInitStackPointer_              
00009d68  _dabort                             
00009054  _disable_FIQ_interrupt_             
0000905c  _disable_IRQ_interrupt_             
0000904c  _disable_interrupt_                 
00009064  _enable_interrupt_                  
000090f4  _errata_CORTEXR4_57_                
00009104  _errata_CORTEXR4_66_                
00007780  _errata_SSWF021_45_both_plls        
00007974  _errata_SSWF021_45_pll1             
00007aec  _errata_SSWF021_45_pll2             
0000906c  _esmCcmErrorsClear_                 
00008f28  _getCPSRValue_                      
00008f30  _gotoCPUIdle_                       
00009f90  _pmuDisableCountersGlobal_          
00009f80  _pmuEnableCountersGlobal_           
00009fec  _pmuGetCycleCount_                  
00009ff4  _pmuGetEventCount_                  
0000a000  _pmuGetOverflow_                    
00009f34  _pmuInit_                           
00009fc0  _pmuResetCounters_                  
00009fa0  _pmuResetCycleCounter_              
00009fb0  _pmuResetEventCounters_             
00009fe0  _pmuSetCountEvent_                  
00009fd0  _pmuStartCounters_                  
00009fd8  _pmuStopCounters_                   
UNDEFED   _system_post_cinit                  
0000a257  abort                               
000048b0  adc1GetConfigValue                  
0000126c  adc1ParityCheck                     
00004ab0  adc2GetConfigValue                  
00001358  adc2ParityCheck                     
0000448c  adcCalibration                      
00004850  adcDisableNotification              
00004800  adcEnableNotification               
00004264  adcGetData                          
00004898  adcGetEVTPin                        
00003edc  adcInit                             
0000445c  adcIsConversionComplete             
0000442c  adcIsFifoFull                       
00004664  adcMidPointCalibration              
00009990  adcNotification                     
0000423c  adcResetFiFo                        
00004878  adcSetEVTPin                        
00004190  adcStartConversion                  
00004214  adcStopConversion                   
ffffffff  binit                               
00001410  can1ParityCheck                     
000014e8  can2ParityCheck                     
000015b0  can3ParityCheck                     
000099a4  canErrorNotification                
000099cc  canMessageNotification              
000099b8  canStatusChangeNotification         
00005494  capGetSignal                        
00000030  ccmSelfCheck                        
000026fc  ccmr4GetConfigValue                 
00000938  checkB0RAMECC                       
00000b28  checkB1RAMECC                       
00001c18  checkClockMonitor                   
00000d18  checkFlashECC                       
00001cf4  checkFlashEEPROMECC                 
00001e8c  checkPLL1Slip                       
00001f8c  checkPLL2Slip                       
00002050  checkRAMAddrParity                  
000019d0  checkRAMECC                         
0000215c  checkRAMUERRTest                    
000007bc  checkefcSelfTest                    
00000234  cpuSelfTest                         
00000dfc  cpuSelfTestFail                     
00009abc  crcNotification                     
0800158e  currentBatteryVoltage               
08001588  currentSense_75                     
0800158a  currentSense_750                    
0800158c  currentVehicleVoltage               
000063dc  customTrimLPO                       
00000df4  custom_dabort                       
0000911c  dataConfigFnct                      
08001608  dataconfig00_t                      
000099e0  dccNotification                     
00002b58  disableParity                       
00009ad0  dmaGroupANotification               
00000eac  dmaParityCheck                      
00005454  edgeDisableNotification             
00005418  edgeEnableNotification              
000053ec  edgeGetCounter                      
00009a94  edgeNotification                    
000053c0  edgeResetCounter                    
00000660  efcCheck                            
00002660  efcGetConfigValue                   
00000794  efcSelfTest                         
000006e8  efcStuckZeroTest                    
00009af4  emacRxNotification                  
00009ae4  emacTxNotification                  
00002ad0  enableParity                        
0000276c  errata_PBIST_4                      
00007f68  esmActivateNormalOperation          
0000803c  esmClearStatus                      
0000807c  esmClearStatusBuffer                
00007f30  esmDisableError                     
00007fa0  esmDisableInterrupt                 
00007f08  esmEnableError                      
00007f78  esmEnableInterrupt                  
00008174  esmEnterSelfTest                    
00007eec  esmError                            
0000824c  esmGetConfigValue                   
000080b8  esmGetStatus                        
0000813c  esmGetStatusBuffer                  
00009928  esmGroup1Notification               
00009938  esmGroup2Notification               
00009c54  esmHighInterrupt                    
00007de4  esmInit                             
000081fc  esmSelfTestStatus                   
00008098  esmSetCounterPreloadValue           
00007fc8  esmSetInterruptLevel                
00007f58  esmTriggerErrorPinReset             
000022c4  fmcBus1ParityCheck                  
0000085c  fmcBus2Check                        
00000898  fmcECCcheck                         
00009150  getDelta                            
00008bac  gioDisableNotification              
00008b44  gioEnableNotification               
00008aac  gioGetBit                           
00008c14  gioGetConfigValue                   
00008ad4  gioGetPort                          
00009b04  gioHighLevelInterrupt               
0000894c  gioInit                             
00009bb4  gioLowLevelInterrupt                
000099f4  gioNotification                     
00008a3c  gioSetBit                           
00008a1c  gioSetDirection                     
00008a8c  gioSetPort                          
00008aec  gioToggleBit                        
0000a260  handlePLLLockFail                   
000055a0  het1GetConfigValue                  
00000f58  het1ParityCheck                     
00005730  het2GetConfigValue                  
000010c0  het2ParityCheck                     
00005588  hetGetTimestamp                     
00004d7c  hetInit                             
00009aa8  hetNotification                     
0000556c  hetResetTimestamp                   
00001004  htu1ParityCheck                     
000011bc  htu2ParityCheck                     
00009a08  i2cNotification                     
00009e50  main                                
00005abc  mapClocks                           
0000a015  memcpy                              
00000174  memoryInit                          
00009948  memoryPort0TestFailNotification     
00009964  memoryPort1TestFailNotification     
0000a0b9  memset                              
00001684  mibspi1ParityCheck                  
0000178c  mibspi3ParityCheck                  
00006b78  mibspi5GetConfigValue               
000018b0  mibspi5ParityCheck                  
00006b44  mibspiDisableGroupNotification      
00006a50  mibspiDisableLoopback               
00006abc  mibspiEnableGroupNotification       
00006a1c  mibspiEnableLoopback                
00006834  mibspiGetData                       
00009a30  mibspiGroupNotification             
000064b8  mibspiInit                          
000069b0  mibspiIsTransferComplete            
00009a1c  mibspiNotification                  
00006a6c  mibspiPmodeSet                      
00006728  mibspiSetData                       
00006708  mibspiSetFunctional                 
00006980  mibspiTransfer                      
000083a0  muxInit                             
000023ec  pbistFail                           
00002470  pbistGetConfigValue                 
000005a8  pbistIsTestCompleted                
000005d4  pbistIsTestPassed                   
00000608  pbistPortTestStatus                 
000004ac  pbistRun                            
000002cc  pbistSelfCheck                      
00000578  pbistStop                           
00005a68  periphInit                          
0000a25c  phantomInterrupt                    
00008688  pinmuxGetConfigValue                
00005390  pwmDisableNotification              
00005348  pwmEnableNotification               
00005268  pwmGetSignal                        
00009a7c  pwmNotification                     
00004f68  pwmSetDuty                          
000050b8  pwmSetSignal                        
00004f00  pwmStart                            
00004f34  pwmStop                             
00000000  resetEntry                          
00009980  rtiNotification                     
00009a44  sciNotification                     
00000020  selftestFailNotification            
00009308  setCurrentBatteryVoltage            
000092ec  setCurrentVehicleVoltage            
00005a28  setupFlash                          
00005954  setupPLL                            
0000391c  spi1GetConfigValue                  
00003aac  spi3GetConfigValue                  
00003c8c  spi4GetConfigValue                  
000038a4  spiDisableLoopback                  
000038f0  spiDisableNotification              
00003870  spiEnableLoopback                   
000038c0  spiEnableNotification               
00009a6c  spiEndNotification                  
000031c0  spiGetData                          
00002cfc  spiInit                             
00009a58  spiNotification                     
000030a4  spiReceiveData                      
00003618  spiSendAndGetData                   
000033e4  spiSendData                         
00003084  spiSetFunctional                    
000034dc  spiTransmitAndReceiveData           
000032b8  spiTransmitData                     
000062a0  sramGetConfigValue                  
000025bc  stcGetConfigValue                   
000001b8  stcSelfCheck                        
00000df8  stcSelfCheckFail                    
00005ce0  systemGetConfigValue                
00005be4  systemInit                          
00005cb0  systemPowerDown                     
000060f4  tcmflashGetConfigValue              
08001580  timeoutBMS                          
08001584  timeoutCAR                          
000059b4  trimLPO                             
00006fb8  vimChannelMap                       
000071b4  vimDisableInterrupt                 
0000705c  vimEnableInterrupt                  
00007238  vimGetConfigValue                   
00006ee4  vimInit                             
00000e00  vimParityCheck                      
00009698  vimParityErrorHandler               


GLOBAL SYMBOLS: SORTED BY Symbol Address 

address   name                                
-------   ----                                
00000000  __TI_static_base__                  
00000000  resetEntry                          
00000020  selftestFailNotification            
00000030  ccmSelfCheck                        
00000174  memoryInit                          
000001b8  stcSelfCheck                        
00000234  cpuSelfTest                         
000002cc  pbistSelfCheck                      
000004ac  pbistRun                            
00000578  pbistStop                           
000005a8  pbistIsTestCompleted                
000005d4  pbistIsTestPassed                   
00000608  pbistPortTestStatus                 
00000660  efcCheck                            
000006e8  efcStuckZeroTest                    
00000794  efcSelfTest                         
000007bc  checkefcSelfTest                    
0000085c  fmcBus2Check                        
00000898  fmcECCcheck                         
00000938  checkB0RAMECC                       
00000b28  checkB1RAMECC                       
00000d18  checkFlashECC                       
00000df4  custom_dabort                       
00000df8  stcSelfCheckFail                    
00000dfc  cpuSelfTestFail                     
00000e00  vimParityCheck                      
00000eac  dmaParityCheck                      
00000f58  het1ParityCheck                     
00001004  htu1ParityCheck                     
000010c0  het2ParityCheck                     
000011bc  htu2ParityCheck                     
0000126c  adc1ParityCheck                     
00001358  adc2ParityCheck                     
00001410  can1ParityCheck                     
000014e8  can2ParityCheck                     
000015b0  can3ParityCheck                     
00001684  mibspi1ParityCheck                  
0000178c  mibspi3ParityCheck                  
000018b0  mibspi5ParityCheck                  
000019d0  checkRAMECC                         
00001c18  checkClockMonitor                   
00001cf4  checkFlashEEPROMECC                 
00001e8c  checkPLL1Slip                       
00001f8c  checkPLL2Slip                       
00002050  checkRAMAddrParity                  
0000215c  checkRAMUERRTest                    
000022c4  fmcBus1ParityCheck                  
000023ec  pbistFail                           
00002470  pbistGetConfigValue                 
000025bc  stcGetConfigValue                   
00002660  efcGetConfigValue                   
000026fc  ccmr4GetConfigValue                 
0000276c  errata_PBIST_4                      
00002ad0  enableParity                        
00002b58  disableParity                       
00002cfc  spiInit                             
00003084  spiSetFunctional                    
000030a4  spiReceiveData                      
000031c0  spiGetData                          
000032b8  spiTransmitData                     
000033e4  spiSendData                         
000034dc  spiTransmitAndReceiveData           
00003618  spiSendAndGetData                   
00003758  SpiTxStatus                         
000037e4  SpiRxStatus                         
00003870  spiEnableLoopback                   
000038a4  spiDisableLoopback                  
000038c0  spiEnableNotification               
000038f0  spiDisableNotification              
0000391c  spi1GetConfigValue                  
00003aac  spi3GetConfigValue                  
00003c8c  spi4GetConfigValue                  
00003edc  adcInit                             
00004190  adcStartConversion                  
00004214  adcStopConversion                   
0000423c  adcResetFiFo                        
00004264  adcGetData                          
0000442c  adcIsFifoFull                       
0000445c  adcIsConversionComplete             
0000448c  adcCalibration                      
00004664  adcMidPointCalibration              
00004800  adcEnableNotification               
00004850  adcDisableNotification              
00004878  adcSetEVTPin                        
00004898  adcGetEVTPin                        
000048b0  adc1GetConfigValue                  
00004ab0  adc2GetConfigValue                  
00004d7c  hetInit                             
00004f00  pwmStart                            
00004f34  pwmStop                             
00004f68  pwmSetDuty                          
000050b8  pwmSetSignal                        
00005268  pwmGetSignal                        
00005348  pwmEnableNotification               
00005390  pwmDisableNotification              
000053c0  edgeResetCounter                    
000053ec  edgeGetCounter                      
00005418  edgeEnableNotification              
00005454  edgeDisableNotification             
00005494  capGetSignal                        
0000556c  hetResetTimestamp                   
00005588  hetGetTimestamp                     
000055a0  het1GetConfigValue                  
00005730  het2GetConfigValue                  
00005954  setupPLL                            
000059b4  trimLPO                             
00005a28  setupFlash                          
00005a68  periphInit                          
00005abc  mapClocks                           
00005be4  systemInit                          
00005cb0  systemPowerDown                     
00005ce0  systemGetConfigValue                
000060f4  tcmflashGetConfigValue              
000062a0  sramGetConfigValue                  
000063dc  customTrimLPO                       
000064b8  mibspiInit                          
00006708  mibspiSetFunctional                 
00006728  mibspiSetData                       
00006834  mibspiGetData                       
00006980  mibspiTransfer                      
000069b0  mibspiIsTransferComplete            
00006a1c  mibspiEnableLoopback                
00006a50  mibspiDisableLoopback               
00006a6c  mibspiPmodeSet                      
00006abc  mibspiEnableGroupNotification       
00006b44  mibspiDisableGroupNotification      
00006b78  mibspi5GetConfigValue               
00006ee4  vimInit                             
00006fb8  vimChannelMap                       
0000705c  vimEnableInterrupt                  
000071b4  vimDisableInterrupt                 
00007238  vimGetConfigValue                   
00007780  _errata_SSWF021_45_both_plls        
00007974  _errata_SSWF021_45_pll1             
00007aec  _errata_SSWF021_45_pll2             
00007de4  esmInit                             
00007eec  esmError                            
00007f08  esmEnableError                      
00007f30  esmDisableError                     
00007f58  esmTriggerErrorPinReset             
00007f68  esmActivateNormalOperation          
00007f78  esmEnableInterrupt                  
00007fa0  esmDisableInterrupt                 
00007fc8  esmSetInterruptLevel                
0000803c  esmClearStatus                      
0000807c  esmClearStatusBuffer                
00008098  esmSetCounterPreloadValue           
000080b8  esmGetStatus                        
0000813c  esmGetStatusBuffer                  
00008174  esmEnterSelfTest                    
000081fc  esmSelfTestStatus                   
0000824c  esmGetConfigValue                   
000083a0  muxInit                             
00008688  pinmuxGetConfigValue                
0000894c  gioInit                             
00008a1c  gioSetDirection                     
00008a3c  gioSetBit                           
00008a8c  gioSetPort                          
00008aac  gioGetBit                           
00008ad4  gioGetPort                          
00008aec  gioToggleBit                        
00008b44  gioEnableNotification               
00008bac  gioDisableNotification              
00008c14  gioGetConfigValue                   
00008dd0  _coreInitRegisters_                 
00008edc  _coreInitStackPointer_              
00008f28  _getCPSRValue_                      
00008f30  _gotoCPUIdle_                       
00008f48  _coreEnableVfp_                     
00008f60  _coreEnableEventBusExport_          
00008f70  _coreDisableEventBusExport_         
00008f80  _coreEnableRamEcc_                  
00008f90  _coreDisableRamEcc_                 
00008fa0  _coreEnableFlashEcc_                
00008fb4  _coreDisableFlashEcc_               
00008fc4  _coreEnableIrqVicOffset_            
00008fd4  _coreGetDataFault_                  
00008fdc  _coreClearDataFault_                
00008fe8  _coreGetInstructionFault_           
00008ff0  _coreClearInstructionFault_         
00008ffc  _coreGetDataFaultAddress_           
00009004  _coreClearDataFaultAddress_         
00009010  _coreGetInstructionFaultAddress_    
00009018  _coreClearInstructionFaultAddress_  
00009024  _coreGetAuxiliaryDataFault_         
0000902c  _coreClearAuxiliaryDataFault_       
00009038  _coreGetAuxiliaryInstructionFault_  
00009040  _coreClearAuxiliaryInstructionFault_
0000904c  _disable_interrupt_                 
00009054  _disable_FIQ_interrupt_             
0000905c  _disable_IRQ_interrupt_             
00009064  _enable_interrupt_                  
0000906c  _esmCcmErrorsClear_                 
000090f4  _errata_CORTEXR4_57_                
00009104  _errata_CORTEXR4_66_                
00009114  __TI_PINIT_Base                     
00009118  __TI_PINIT_Limit                    
0000911c  dataConfigFnct                      
00009150  getDelta                            
00009184  AMS_start_HV                        
0000924c  AMS_checkForFaults                  
000092ec  setCurrentVehicleVoltage            
00009308  setCurrentBatteryVoltage            
00009324  AMS_process                         
00009354  AMS_readADC                         
000093f4  _c_int00                            
00009698  vimParityErrorHandler               
00009928  esmGroup1Notification               
00009938  esmGroup2Notification               
00009948  memoryPort0TestFailNotification     
00009964  memoryPort1TestFailNotification     
00009980  rtiNotification                     
00009990  adcNotification                     
000099a4  canErrorNotification                
000099b8  canStatusChangeNotification         
000099cc  canMessageNotification              
000099e0  dccNotification                     
000099f4  gioNotification                     
00009a08  i2cNotification                     
00009a1c  mibspiNotification                  
00009a30  mibspiGroupNotification             
00009a44  sciNotification                     
00009a58  spiNotification                     
00009a6c  spiEndNotification                  
00009a7c  pwmNotification                     
00009a94  edgeNotification                    
00009aa8  hetNotification                     
00009abc  crcNotification                     
00009ad0  dmaGroupANotification               
00009ae4  emacTxNotification                  
00009af4  emacRxNotification                  
00009b04  gioHighLevelInterrupt               
00009bb4  gioLowLevelInterrupt                
00009c54  esmHighInterrupt                    
00009d68  _dabort                             
00009e50  main                                
00009f34  _pmuInit_                           
00009f80  _pmuEnableCountersGlobal_           
00009f90  _pmuDisableCountersGlobal_          
00009fa0  _pmuResetCycleCounter_              
00009fb0  _pmuResetEventCounters_             
00009fc0  _pmuResetCounters_                  
00009fd0  _pmuStartCounters_                  
00009fd8  _pmuStopCounters_                   
00009fe0  _pmuSetCountEvent_                  
00009fec  _pmuGetCycleCount_                  
00009ff4  _pmuGetEventCount_                  
0000a000  _pmuGetOverflow_                    
0000a015  __aeabi_memcpy                      
0000a015  __aeabi_memcpy4                     
0000a015  __aeabi_memcpy8                     
0000a015  memcpy                              
0000a0b1  __aeabi_memclr                      
0000a0b1  __aeabi_memclr4                     
0000a0b1  __aeabi_memclr8                     
0000a0b3  __aeabi_memset                      
0000a0b3  __aeabi_memset4                     
0000a0b3  __aeabi_memset8                     
0000a0b9  memset                              
0000a12b  __TI_decompress_lzss                
0000a197  __aeabi_idiv0                       
0000a197  __aeabi_ldiv0                       
0000a198  __aeabi_uidiv                       
0000a198  __aeabi_uidivmod                    
0000a1e9  __TI_auto_init_nobinit_nopinit      
0000a22d  __TI_zero_init_nomemset             
0000a249  __TI_decompress_none                
0000a257  C$$EXIT                             
0000a257  abort                               
0000a25c  phantomInterrupt                    
0000a260  handlePLLLockFail                   
0000ab98  __TI_Handler_Table_Base             
0000aba4  __TI_Handler_Table_Limit            
0000abb8  __TI_CINIT_Base                     
0000abc8  __TI_CINIT_Limit                    
08001500  RX_Data_M                           
08001500  __start___llvm_prf_cnts             
08001500  __stop___llvm_prf_cnts              
08001520  RX_Data_Master                      
08001540  RX_Data_S                           
08001560  RX_Data_Slave                       
08001580  timeoutBMS                          
08001584  timeoutCAR                          
08001588  currentSense_75                     
0800158a  currentSense_750                    
0800158c  currentVehicleVoltage               
0800158e  currentBatteryVoltage               
08001608  dataconfig00_t                      
ffffffff  __TI_pprof_out_hndl                 
ffffffff  __TI_prof_data_size                 
ffffffff  __TI_prof_data_start                
ffffffff  __binit__                           
ffffffff  __c_args__                          
ffffffff  binit                               
UNDEFED   SHT$$INIT_ARRAY$$Base               
UNDEFED   SHT$$INIT_ARRAY$$Limit              
UNDEFED   _system_post_cinit                  

[297 symbols]
