******************************************************************************
                  TI ARM Linker PC v16.9.6                     
******************************************************************************
>> Linked Sat Apr 17 01:49:16 2021

OUTPUT FILE NAME:   <FE07_AMS.out>
ENTRY POINT SYMBOL: "_c_int00"  address: 00007518


MEMORY CONFIGURATION

         name            origin    length      used     unused   attr    fill
----------------------  --------  ---------  --------  --------  ----  --------
  VECTORS               00000000   00000020  00000020  00000000     X
  FLASH0                00000020   0017ffe0  00008c1a  001773c6  R  X
  FLASH1                00180000   00180000  00000000  00180000  R  X
  STACKS                08000000   00001500  00000000  00001500  RW  
  RAM                   08001500   0003eb00  00000074  0003ea8c  RW  


SEGMENT ALLOCATION MAP

run origin  load origin   length   init length attrs members
----------  ----------- ---------- ----------- ----- -------
00000000    00000000    00008c3c   00008c3c    r-x
  00000000    00000000    00000020   00000020    r-x .intvecs
  00000020    00000020    000082d6   000082d6    r-x .text
  000082f8    000082f8    00000900   00000900    r-- .const
  00008bf8    00008bf8    00000044   00000044    r-- .cinit
08001500    08001500    00000074   00000000    rw-
  08001500    08001500    00000074   00000000    rw- .data


SECTION ALLOCATION MAP

 output                                  attributes/
section   page    origin      length       input sections
--------  ----  ----------  ----------   ----------------
.intvecs   0    00000000    00000020     
                  00000000    00000020     sys_intvecs.obj (.intvecs)

.text      0    00000020    000082d6     
                  00000020    00002cdc     sys_selftest.obj (.text)
                  00002cfc    0000152c     mibspi.obj (.text)
                  00004228    00000bd4     het.obj (.text)
                  00004dfc    00000b28     system.obj (.text)
                  00005924    00000898     sys_vim.obj (.text)
                  000061bc    000005d8     esm.obj (.text)
                  00006794    000005b4     pinmux.obj (.text)
                  00006d48    00000484     gio.obj (.text)
                  000071cc    0000034c     sys_core.obj (.text)
                  00007518    00000298     sys_startup.obj (.text:retain)
                  000077b0    00000290     sys_vim.obj (.text:retain)
                  00007a40    000001dc     notification.obj (.text)
                  00007c1c    00000114     esm.obj (.text:retain)
                  00007d30    000000e8     dabort.obj (.text)
                  00007e18    000000e0     sys_pmu.obj (.text)
                  00007ef8    000000d8     sys_main.obj (.text)
                  00007fd0    0000009c     rtsv7R4_T_le_v3D16_eabi.lib : memcpy_t2.obj (.text)
                  0000806c    00000098     gio.obj (.text:retain)
                  00008104    00000070     rtsv7R4_T_le_v3D16_eabi.lib : autoinit.obj (.text)
                  00008174    0000006c                                 : copy_decompress_lzss.obj (.text:decompress:lzss)
                  000081e0    00000050                                 : exit.obj (.text)
                  00008230    00000050                                 : u_div32.obj (.text)
                  00008280    0000004c                                 : cpy_tbl.obj (.text)
                  000082cc    00000014                                 : _lock.obj (.text)
                  000082e0    0000000e                                 : copy_decompress_none.obj (.text:decompress:none)
                  000082ee    00000002                                 : i_div0.obj (.text)
                  000082f0    00000004     sys_phantom.obj (.text:retain)
                  000082f4    00000002     rtsv7R4_T_le_v3D16_eabi.lib : startup.obj (.text)

.const     0    000082f8    00000900     
                  000082f8    000003a0     het.obj (.const:het1PROGRAM)
                  00008698    000003a0     het.obj (.const:het2PROGRAM)
                  00008a38    00000180     sys_vim.obj (.const:s_vim_init)
                  00008bb8    00000020     het.obj (.const:s_het1pwmPolarity)
                  00008bd8    00000020     het.obj (.const:s_het2pwmPolarity)

.cinit     0    00008bf8    00000044     
                  00008bf8    00000033     (.cinit..data.load) [load image, compression = lzss]
                  00008c2b    00000001     --HOLE-- [fill = 0]
                  00008c2c    00000008     (__TI_handler_table)
                  00008c34    00000008     (__TI_cinit_table)

.data      0    08001500    00000074     UNINITIALIZED
                  08001500    00000020     sys_main.obj (.data:RX_Data_Master)
                  08001520    00000020     sys_main.obj (.data:RX_Data_Slave)
                  08001540    00000020     sys_main.obj (.data:TX_Data_Master)
                  08001560    0000000c     rtsv7R4_T_le_v3D16_eabi.lib : exit.obj (.data:$O1$$)
                  0800156c    00000008                                 : _lock.obj (.data:$O1$$)

MODULE SUMMARY

       Module                     code    ro data   rw data
       ------                     ----    -------   -------
    .\source\
       sys_selftest.obj           11484   0         0      
       mibspi.obj                 5420    0         0      
       het.obj                    3028    1920      0      
       sys_vim.obj                2856    384       0      
       system.obj                 2856    0         0      
       esm.obj                    1772    0         0      
       pinmux.obj                 1460    0         0      
       gio.obj                    1308    0         0      
       sys_core.obj               844     0         0      
       sys_startup.obj            664     0         0      
       notification.obj           476     0         0      
       sys_main.obj               216     0         96     
       dabort.obj                 232     0         0      
       sys_pmu.obj                224     0         0      
       sys_intvecs.obj            32      0         0      
       sys_phantom.obj            4       0         0      
    +--+--------------------------+-------+---------+---------+
       Total:                     32876   2304      96     
                                                           
    C:/ti/ccs740/ccsv7/tools/compiler/ti-cgt-arm_16.9.6.LTS/lib/rtsv7R4_T_le_v3D16_eabi.lib
       memcpy_t2.obj              156     0         0      
       autoinit.obj               112     0         0      
       copy_decompress_lzss.obj   108     0         0      
       exit.obj                   80      0         12     
       u_div32.obj                80      0         0      
       cpy_tbl.obj                76      0         0      
       _lock.obj                  20      0         8      
       copy_decompress_none.obj   14      0         0      
       i_div0.obj                 2       0         0      
       startup.obj                2       0         0      
    +--+--------------------------+-------+---------+---------+
       Total:                     650     0         20     
                                                           
       Linker Generated:          0       67        0      
    +--+--------------------------+-------+---------+---------+
       Grand Total:               33526   2371      116    


LINKER GENERATED COPY TABLES

__TI_cinit_table @ 00008c34 records: 1, size/record: 8, table size: 8
	.data: load addr=00008bf8, load size=00000033 bytes, run addr=08001500, run size=00000074 bytes, compression=lzss


LINKER GENERATED HANDLER TABLE

__TI_handler_table @ 00008c2c records: 2, size/record: 4, table size: 8
	index: 0, handler: __TI_decompress_lzss
	index: 1, handler: __TI_decompress_none


GLOBAL SYMBOLS: SORTED ALPHABETICALLY BY Name 

address   name                                
-------   ----                                
000081e1  C$$EXIT                             
08001500  RX_Data_Master                      
08001520  RX_Data_Slave                       
UNDEFED   SHT$$INIT_ARRAY$$Base               
UNDEFED   SHT$$INIT_ARRAY$$Limit              
08001540  TX_Data_Master                      
00008c34  __TI_CINIT_Base                     
00008c3c  __TI_CINIT_Limit                    
00008c2c  __TI_Handler_Table_Base             
00008c34  __TI_Handler_Table_Limit            
00007510  __TI_PINIT_Base                     
00007514  __TI_PINIT_Limit                    
00008105  __TI_auto_init                      
08001560  __TI_cleanup_ptr                    
00008175  __TI_decompress_lzss                
000082e1  __TI_decompress_none                
08001564  __TI_dtors_ptr                      
08001568  __TI_enable_exit_profile_output     
ffffffff  __TI_pprof_out_hndl                 
ffffffff  __TI_prof_data_size                 
ffffffff  __TI_prof_data_start                
00000000  __TI_static_base__                  
000082ef  __aeabi_idiv0                       
00007fd1  __aeabi_memcpy                      
00007fd1  __aeabi_memcpy4                     
00007fd1  __aeabi_memcpy8                     
00008230  __aeabi_uidiv                       
00008230  __aeabi_uidivmod                    
ffffffff  __binit__                           
ffffffff  __c_args__                          
00007518  _c_int00                            
00007428  _coreClearAuxiliaryDataFault_       
0000743c  _coreClearAuxiliaryInstructionFault_
00007400  _coreClearDataFaultAddress_         
000073d8  _coreClearDataFault_                
00007414  _coreClearInstructionFaultAddress_  
000073ec  _coreClearInstructionFault_         
0000736c  _coreDisableEventBusExport_         
000073b0  _coreDisableFlashEcc_               
0000738c  _coreDisableRamEcc_                 
0000735c  _coreEnableEventBusExport_          
0000739c  _coreEnableFlashEcc_                
000073c0  _coreEnableIrqVicOffset_            
0000737c  _coreEnableRamEcc_                  
00007344  _coreEnableVfp_                     
00007420  _coreGetAuxiliaryDataFault_         
00007434  _coreGetAuxiliaryInstructionFault_  
000073f8  _coreGetDataFaultAddress_           
000073d0  _coreGetDataFault_                  
0000740c  _coreGetInstructionFaultAddress_    
000073e4  _coreGetInstructionFault_           
000071cc  _coreInitRegisters_                 
000072d8  _coreInitStackPointer_              
00007d30  _dabort                             
00007450  _disable_FIQ_interrupt_             
00007458  _disable_IRQ_interrupt_             
00007448  _disable_interrupt_                 
00007460  _enable_interrupt_                  
000074f0  _errata_CORTEXR4_57_                
00007500  _errata_CORTEXR4_66_                
00007468  _esmCcmErrorsClear_                 
00007324  _getCPSRValue_                      
0000732c  _gotoCPUIdle_                       
0800156c  _lock                               
000082db  _nop                                
00007e74  _pmuDisableCountersGlobal_          
00007e64  _pmuEnableCountersGlobal_           
00007ed0  _pmuGetCycleCount_                  
00007ed8  _pmuGetEventCount_                  
00007ee4  _pmuGetOverflow_                    
00007e18  _pmuInit_                           
00007ea4  _pmuResetCounters_                  
00007e84  _pmuResetCycleCounter_              
00007e94  _pmuResetEventCounters_             
00007ec4  _pmuSetCountEvent_                  
00007eb4  _pmuStartCounters_                  
00007ebc  _pmuStopCounters_                   
000082d3  _register_lock                      
000082cd  _register_unlock                    
000082f5  _system_post_cinit                  
08001570  _unlock                             
000081e5  abort                               
0000126c  adc1ParityCheck                     
00001358  adc2ParityCheck                     
00007aa8  adcNotification                     
ffffffff  binit                               
00001410  can1ParityCheck                     
000014e8  can2ParityCheck                     
000015b0  can3ParityCheck                     
00007abc  canErrorNotification                
00007ae4  canMessageNotification              
00007ad0  canStatusChangeNotification         
00004940  capGetSignal                        
00000030  ccmSelfCheck                        
000026fc  ccmr4GetConfigValue                 
00000938  checkB0RAMECC                       
00000b28  checkB1RAMECC                       
00001c18  checkClockMonitor                   
00000d18  checkFlashECC                       
00001cf4  checkFlashEEPROMECC                 
00001e8c  checkPLL1Slip                       
00001f8c  checkPLL2Slip                       
00002050  checkRAMAddrParity                  
000019d0  checkRAMECC                         
0000215c  checkRAMUERRTest                    
000007bc  checkefcSelfTest                    
00008281  copy_in                             
00000234  cpuSelfTest                         
00000dfc  cpuSelfTestFail                     
00007bd4  crcNotification                     
00000df4  custom_dabort                       
00007af8  dccNotification                     
00002b58  disableParity                       
00007be8  dmaGroupANotification               
00000eac  dmaParityCheck                      
00004900  edgeDisableNotification             
000048c4  edgeEnableNotification              
00004898  edgeGetCounter                      
00007bac  edgeNotification                    
0000486c  edgeResetCounter                    
00000660  efcCheck                            
00002660  efcGetConfigValue                   
00000794  efcSelfTest                         
000006e8  efcStuckZeroTest                    
00007c0c  emacRxNotification                  
00007bfc  emacTxNotification                  
00002ad0  enableParity                        
0000276c  errata_PBIST_4                      
00006348  esmActivateNormalOperation          
0000642c  esmClearStatus                      
00006470  esmClearStatusBuffer                
0000630c  esmDisableError                     
00006384  esmDisableInterrupt                 
000062e0  esmEnableError                      
00006358  esmEnableInterrupt                  
00006568  esmEnterSelfTest                    
000062c4  esmError                            
00006640  esmGetConfigValue                   
000064ac  esmGetStatus                        
00006530  esmGetStatusBuffer                  
00007a40  esmGroup1Notification               
00007a50  esmGroup2Notification               
00007c1c  esmHighInterrupt                    
000061bc  esmInit                             
000065f0  esmSelfTestStatus                   
0000648c  esmSetCounterPreloadValue           
000063b0  esmSetInterruptLevel                
00006338  esmTriggerErrorPinReset             
000081ed  exit                                
000022c4  fmcBus1ParityCheck                  
0000085c  fmcBus2Check                        
00000898  fmcECCcheck                         
00006fa8  gioDisableNotification              
00006f40  gioEnableNotification               
00006ea8  gioGetBit                           
00007010  gioGetConfigValue                   
00006ed0  gioGetPort                          
0000806c  gioHighLevelInterrupt               
00006d48  gioInit                             
00007b0c  gioNotification                     
00006e38  gioSetBit                           
00006e18  gioSetDirection                     
00006e88  gioSetPort                          
00006ee8  gioToggleBit                        
00004a4c  het1GetConfigValue                  
00000f58  het1ParityCheck                     
00004bdc  het2GetConfigValue                  
000010c0  het2ParityCheck                     
00004a34  hetGetTimestamp                     
00004228  hetInit                             
00007bc0  hetNotification                     
00004a18  hetResetTimestamp                   
00001004  htu1ParityCheck                     
000011bc  htu2ParityCheck                     
00007b20  i2cNotification                     
00007ef8  main                                
00004f38  mapClocks                           
00007fd1  memcpy                              
00000174  memoryInit                          
00007a60  memoryPort0TestFailNotification     
00007a7c  memoryPort1TestFailNotification     
0000382c  mibspi1GetConfigValue               
00001684  mibspi1ParityCheck                  
00003b44  mibspi3GetConfigValue               
0000178c  mibspi3ParityCheck                  
00003ebc  mibspi5GetConfigValue               
000018b0  mibspi5ParityCheck                  
000037f8  mibspiDisableGroupNotification      
00003704  mibspiDisableLoopback               
00003770  mibspiEnableGroupNotification       
000036d0  mibspiEnableLoopback                
000034e8  mibspiGetData                       
00007b48  mibspiGroupNotification             
00002cfc  mibspiInit                          
00003664  mibspiIsTransferComplete            
00007b34  mibspiNotification                  
00003720  mibspiPmodeSet                      
000033dc  mibspiSetData                       
000033bc  mibspiSetFunctional                 
00003634  mibspiTransfer                      
00006794  muxInit                             
000023ec  pbistFail                           
00002470  pbistGetConfigValue                 
000005a8  pbistIsTestCompleted                
000005d4  pbistIsTestPassed                   
00000608  pbistPortTestStatus                 
000004ac  pbistRun                            
000002cc  pbistSelfCheck                      
00000578  pbistStop                           
00004ee4  periphInit                          
000082f0  phantomInterrupt                    
00006a80  pinmuxGetConfigValue                
0000483c  pwmDisableNotification              
000047f4  pwmEnableNotification               
00004714  pwmGetSignal                        
00007b94  pwmNotification                     
00004414  pwmSetDuty                          
00004564  pwmSetSignal                        
000043ac  pwmStart                            
000043e0  pwmStop                             
00000000  resetEntry                          
00007a98  rtiNotification                     
00007b5c  sciNotification                     
00000020  selftestFailNotification            
00004ea4  setupFlash                          
00004dfc  setupPLL                            
00007b84  spiEndNotification                  
00007b70  spiNotification                     
0000571c  sramGetConfigValue                  
000025bc  stcGetConfigValue                   
000001b8  stcSelfCheck                        
00000df8  stcSelfCheckFail                    
0000515c  systemGetConfigValue                
00005060  systemInit                          
0000512c  systemPowerDown                     
00005570  tcmflashGetConfigValue              
00004e5c  trimLPO                             
000059f8  vimChannelMap                       
00005bf4  vimDisableInterrupt                 
00005a9c  vimEnableInterrupt                  
00005c78  vimGetConfigValue                   
00005924  vimInit                             
00000e00  vimParityCheck                      
000077b0  vimParityErrorHandler               


GLOBAL SYMBOLS: SORTED BY Symbol Address 

address   name                                
-------   ----                                
00000000  __TI_static_base__                  
00000000  resetEntry                          
00000020  selftestFailNotification            
00000030  ccmSelfCheck                        
00000174  memoryInit                          
000001b8  stcSelfCheck                        
00000234  cpuSelfTest                         
000002cc  pbistSelfCheck                      
000004ac  pbistRun                            
00000578  pbistStop                           
000005a8  pbistIsTestCompleted                
000005d4  pbistIsTestPassed                   
00000608  pbistPortTestStatus                 
00000660  efcCheck                            
000006e8  efcStuckZeroTest                    
00000794  efcSelfTest                         
000007bc  checkefcSelfTest                    
0000085c  fmcBus2Check                        
00000898  fmcECCcheck                         
00000938  checkB0RAMECC                       
00000b28  checkB1RAMECC                       
00000d18  checkFlashECC                       
00000df4  custom_dabort                       
00000df8  stcSelfCheckFail                    
00000dfc  cpuSelfTestFail                     
00000e00  vimParityCheck                      
00000eac  dmaParityCheck                      
00000f58  het1ParityCheck                     
00001004  htu1ParityCheck                     
000010c0  het2ParityCheck                     
000011bc  htu2ParityCheck                     
0000126c  adc1ParityCheck                     
00001358  adc2ParityCheck                     
00001410  can1ParityCheck                     
000014e8  can2ParityCheck                     
000015b0  can3ParityCheck                     
00001684  mibspi1ParityCheck                  
0000178c  mibspi3ParityCheck                  
000018b0  mibspi5ParityCheck                  
000019d0  checkRAMECC                         
00001c18  checkClockMonitor                   
00001cf4  checkFlashEEPROMECC                 
00001e8c  checkPLL1Slip                       
00001f8c  checkPLL2Slip                       
00002050  checkRAMAddrParity                  
0000215c  checkRAMUERRTest                    
000022c4  fmcBus1ParityCheck                  
000023ec  pbistFail                           
00002470  pbistGetConfigValue                 
000025bc  stcGetConfigValue                   
00002660  efcGetConfigValue                   
000026fc  ccmr4GetConfigValue                 
0000276c  errata_PBIST_4                      
00002ad0  enableParity                        
00002b58  disableParity                       
00002cfc  mibspiInit                          
000033bc  mibspiSetFunctional                 
000033dc  mibspiSetData                       
000034e8  mibspiGetData                       
00003634  mibspiTransfer                      
00003664  mibspiIsTransferComplete            
000036d0  mibspiEnableLoopback                
00003704  mibspiDisableLoopback               
00003720  mibspiPmodeSet                      
00003770  mibspiEnableGroupNotification       
000037f8  mibspiDisableGroupNotification      
0000382c  mibspi1GetConfigValue               
00003b44  mibspi3GetConfigValue               
00003ebc  mibspi5GetConfigValue               
00004228  hetInit                             
000043ac  pwmStart                            
000043e0  pwmStop                             
00004414  pwmSetDuty                          
00004564  pwmSetSignal                        
00004714  pwmGetSignal                        
000047f4  pwmEnableNotification               
0000483c  pwmDisableNotification              
0000486c  edgeResetCounter                    
00004898  edgeGetCounter                      
000048c4  edgeEnableNotification              
00004900  edgeDisableNotification             
00004940  capGetSignal                        
00004a18  hetResetTimestamp                   
00004a34  hetGetTimestamp                     
00004a4c  het1GetConfigValue                  
00004bdc  het2GetConfigValue                  
00004dfc  setupPLL                            
00004e5c  trimLPO                             
00004ea4  setupFlash                          
00004ee4  periphInit                          
00004f38  mapClocks                           
00005060  systemInit                          
0000512c  systemPowerDown                     
0000515c  systemGetConfigValue                
00005570  tcmflashGetConfigValue              
0000571c  sramGetConfigValue                  
00005924  vimInit                             
000059f8  vimChannelMap                       
00005a9c  vimEnableInterrupt                  
00005bf4  vimDisableInterrupt                 
00005c78  vimGetConfigValue                   
000061bc  esmInit                             
000062c4  esmError                            
000062e0  esmEnableError                      
0000630c  esmDisableError                     
00006338  esmTriggerErrorPinReset             
00006348  esmActivateNormalOperation          
00006358  esmEnableInterrupt                  
00006384  esmDisableInterrupt                 
000063b0  esmSetInterruptLevel                
0000642c  esmClearStatus                      
00006470  esmClearStatusBuffer                
0000648c  esmSetCounterPreloadValue           
000064ac  esmGetStatus                        
00006530  esmGetStatusBuffer                  
00006568  esmEnterSelfTest                    
000065f0  esmSelfTestStatus                   
00006640  esmGetConfigValue                   
00006794  muxInit                             
00006a80  pinmuxGetConfigValue                
00006d48  gioInit                             
00006e18  gioSetDirection                     
00006e38  gioSetBit                           
00006e88  gioSetPort                          
00006ea8  gioGetBit                           
00006ed0  gioGetPort                          
00006ee8  gioToggleBit                        
00006f40  gioEnableNotification               
00006fa8  gioDisableNotification              
00007010  gioGetConfigValue                   
000071cc  _coreInitRegisters_                 
000072d8  _coreInitStackPointer_              
00007324  _getCPSRValue_                      
0000732c  _gotoCPUIdle_                       
00007344  _coreEnableVfp_                     
0000735c  _coreEnableEventBusExport_          
0000736c  _coreDisableEventBusExport_         
0000737c  _coreEnableRamEcc_                  
0000738c  _coreDisableRamEcc_                 
0000739c  _coreEnableFlashEcc_                
000073b0  _coreDisableFlashEcc_               
000073c0  _coreEnableIrqVicOffset_            
000073d0  _coreGetDataFault_                  
000073d8  _coreClearDataFault_                
000073e4  _coreGetInstructionFault_           
000073ec  _coreClearInstructionFault_         
000073f8  _coreGetDataFaultAddress_           
00007400  _coreClearDataFaultAddress_         
0000740c  _coreGetInstructionFaultAddress_    
00007414  _coreClearInstructionFaultAddress_  
00007420  _coreGetAuxiliaryDataFault_         
00007428  _coreClearAuxiliaryDataFault_       
00007434  _coreGetAuxiliaryInstructionFault_  
0000743c  _coreClearAuxiliaryInstructionFault_
00007448  _disable_interrupt_                 
00007450  _disable_FIQ_interrupt_             
00007458  _disable_IRQ_interrupt_             
00007460  _enable_interrupt_                  
00007468  _esmCcmErrorsClear_                 
000074f0  _errata_CORTEXR4_57_                
00007500  _errata_CORTEXR4_66_                
00007510  __TI_PINIT_Base                     
00007514  __TI_PINIT_Limit                    
00007518  _c_int00                            
000077b0  vimParityErrorHandler               
00007a40  esmGroup1Notification               
00007a50  esmGroup2Notification               
00007a60  memoryPort0TestFailNotification     
00007a7c  memoryPort1TestFailNotification     
00007a98  rtiNotification                     
00007aa8  adcNotification                     
00007abc  canErrorNotification                
00007ad0  canStatusChangeNotification         
00007ae4  canMessageNotification              
00007af8  dccNotification                     
00007b0c  gioNotification                     
00007b20  i2cNotification                     
00007b34  mibspiNotification                  
00007b48  mibspiGroupNotification             
00007b5c  sciNotification                     
00007b70  spiNotification                     
00007b84  spiEndNotification                  
00007b94  pwmNotification                     
00007bac  edgeNotification                    
00007bc0  hetNotification                     
00007bd4  crcNotification                     
00007be8  dmaGroupANotification               
00007bfc  emacTxNotification                  
00007c0c  emacRxNotification                  
00007c1c  esmHighInterrupt                    
00007d30  _dabort                             
00007e18  _pmuInit_                           
00007e64  _pmuEnableCountersGlobal_           
00007e74  _pmuDisableCountersGlobal_          
00007e84  _pmuResetCycleCounter_              
00007e94  _pmuResetEventCounters_             
00007ea4  _pmuResetCounters_                  
00007eb4  _pmuStartCounters_                  
00007ebc  _pmuStopCounters_                   
00007ec4  _pmuSetCountEvent_                  
00007ed0  _pmuGetCycleCount_                  
00007ed8  _pmuGetEventCount_                  
00007ee4  _pmuGetOverflow_                    
00007ef8  main                                
00007fd1  __aeabi_memcpy                      
00007fd1  __aeabi_memcpy4                     
00007fd1  __aeabi_memcpy8                     
00007fd1  memcpy                              
0000806c  gioHighLevelInterrupt               
00008105  __TI_auto_init                      
00008175  __TI_decompress_lzss                
000081e1  C$$EXIT                             
000081e5  abort                               
000081ed  exit                                
00008230  __aeabi_uidiv                       
00008230  __aeabi_uidivmod                    
00008281  copy_in                             
000082cd  _register_unlock                    
000082d3  _register_lock                      
000082db  _nop                                
000082e1  __TI_decompress_none                
000082ef  __aeabi_idiv0                       
000082f0  phantomInterrupt                    
000082f5  _system_post_cinit                  
00008c2c  __TI_Handler_Table_Base             
00008c34  __TI_CINIT_Base                     
00008c34  __TI_Handler_Table_Limit            
00008c3c  __TI_CINIT_Limit                    
08001500  RX_Data_Master                      
08001520  RX_Data_Slave                       
08001540  TX_Data_Master                      
08001560  __TI_cleanup_ptr                    
08001564  __TI_dtors_ptr                      
08001568  __TI_enable_exit_profile_output     
0800156c  _lock                               
08001570  _unlock                             
ffffffff  __TI_pprof_out_hndl                 
ffffffff  __TI_prof_data_size                 
ffffffff  __TI_prof_data_start                
ffffffff  __binit__                           
ffffffff  __c_args__                          
ffffffff  binit                               
UNDEFED   SHT$$INIT_ARRAY$$Base               
UNDEFED   SHT$$INIT_ARRAY$$Limit              

[244 symbols]
