******************************************************************************
                  TI ARM Linker PC v20.2.2                     
******************************************************************************
>> Linked Sat May  1 18:23:51 2021

OUTPUT FILE NAME:   <FE07_AMS.out>
ENTRY POINT SYMBOL: "_c_int00"  address: 0000d388


MEMORY CONFIGURATION

         name            origin    length      used     unused   attr    fill
----------------------  --------  ---------  --------  --------  ----  --------
  VECTORS               00000000   00000020  00000020  00000000     X
  FLASH0                00000020   0017ffe0  0000f100  00170ee0  R  X
  FLASH1                00180000   00180000  00000000  00180000  R  X
  STACKS                08000000   00001500  00000000  00001500  RW  
  RAM                   08001500   0003eb00  0000019c  0003e964  RW  


SEGMENT ALLOCATION MAP

run origin  load origin   length   init length attrs members
----------  ----------- ---------- ----------- ----- -------
00000000    00000000    0000f120   0000f120    r-x
  00000000    00000000    00000020   00000020    r-x .intvecs
  00000020    00000020    0000e534   0000e534    r-x .text
  0000e554    0000e554    00000b94   00000b94    r-- .const
  0000f0e8    0000f0e8    00000038   00000038    r-- .cinit
08001500    08001500    0000019c   00000000    rw-
  08001500    08001500    00000148   00000000    rw- .bss
  08001648    08001648    00000054   00000000    rw- .data


SECTION ALLOCATION MAP

 output                                  attributes/
section   page    origin      length       input sections
--------  ----  ----------  ----------   ----------------
.intvecs   0    00000000    00000020     
                  00000000    00000020     sys_intvecs.obj (.intvecs)

.text      0    00000020    0000e534     
                  00000020    00002cdc     sys_selftest.obj (.text)
                  00002cfc    000011e0     spi.obj (.text)
                  00003edc    00000fcc     BMS.obj (.text)
                  00004ea8    00000eb0     can.obj (.text)
                  00005d58    00000ea0     adc.obj (.text)
                  00006bf8    00000ddc     pl455.obj (.text)
                  000079d4    00000bd8     het.obj (.text)
                  000085ac    00000b28     system.obj (.text)
                  000090d4    00000a34     sci.obj (.text)
                  00009b08    00000a2c     mibspi.obj (.text)
                  0000a534    0000089c     sys_vim.obj (.text)
                  0000add0    00000870     FE_AMS.obj (.text)
                  0000b640    00000638     rti.obj (.text)
                  0000bc78    000005bc     esm.obj (.text)
                  0000c234    000005ac     pinmux.obj (.text)
                  0000c7e0    00000484     gio.obj (.text)
                  0000cc64    000003d8     sci.obj (.text:retain)
                  0000d03c    0000034c     sys_core.obj (.text)
                  0000d388    00000290     sys_startup.obj (.text:retain)
                  0000d618    00000290     sys_vim.obj (.text:retain)
                  0000d8a8    000001fc     rti.obj (.text:retain)
                  0000daa4    000001dc     notification.obj (.text)
                  0000dc80    00000150     gio.obj (.text:retain)
                  0000ddd0    00000114     esm.obj (.text:retain)
                  0000dee4    000000e8     dabort.obj (.text)
                  0000dfcc    000000e0     rtsv7R4_T_le_v3D16_eabi.lib : s_floor.c.obj (.text:floor)
                  0000e0ac    000000e0     sys_pmu.obj (.text)
                  0000e18c    000000dc     rtsv7R4_T_le_v3D16_eabi.lib : s_ceil.c.obj (.text:ceil)
                  0000e268    000000a0     sys_main.obj (.text)
                  0000e308    0000009c     rtsv7R4_T_le_v3D16_eabi.lib : memcpy_t2.asm.obj (.text)
                  0000e3a4    0000007a                                 : memset_t2.asm.obj (.text)
                  0000e41e    0000006c                                 : copy_decompress_lzss.c.obj (.text:decompress:lzss:__TI_decompress_lzss)
                  0000e48a    00000002                                 : div0.asm.obj (.text)
                  0000e48c    00000050                                 : u_div32.asm.obj (.text)
                  0000e4dc    00000044                                 : autoinit.c.obj (.text:__TI_auto_init_nobinit_nopinit:__TI_auto_init_nobinit_nopinit)
                  0000e520    0000001c                                 : copy_zero_init.c.obj (.text:decompress:ZI:__TI_zero_init_nomemset:__TI_zero_init_nomemset)
                  0000e53c    0000000e                                 : copy_decompress_none.c.obj (.text:decompress:none:__TI_decompress_none)
                  0000e54a    00000004                                 : exit.c.obj (.text:abort:abort)
                  0000e54e    00000002     --HOLE-- [fill = 0]
                  0000e550    00000004     sys_phantom.obj (.text:retain)

.const     0    0000e554    00000b94     
                  0000e554    000003a0     het.obj (.const:het1PROGRAM)
                  0000e8f4    000003a0     het.obj (.const:het2PROGRAM)
                  0000ec94    00000200     pl455.obj (.const:crc16_table)
                  0000ee94    00000180     sys_vim.obj (.const:s_vim_init)
                  0000f014    00000020     het.obj (.const:s_het1pwmPolarity)
                  0000f034    00000020     het.obj (.const:s_het2pwmPolarity)
                  0000f054    00000018     adc.obj (.const:s_adcFiFoSize)
                  0000f06c    00000018     adc.obj (.const:s_adcSelect)
                  0000f084    00000007     BMS.obj (.const:.string:$P$T14$15)
                  0000f08b    00000006     BMS.obj (.const:.string:$P$T16$17)
                  0000f091    00000005     BMS.obj (.const:.string:$P$T17$18)
                  0000f096    00000005     BMS.obj (.const:.string:$P$T18$19)
                  0000f09b    00000005     BMS.obj (.const:.string:$P$T5$6)
                  0000f0a0    00000005     BMS.obj (.const:.string:$P$T6$7)
                  0000f0a5    00000005     BMS.obj (.const:.string:$P$T7$8)
                  0000f0aa    00000004     BMS.obj (.const:.string:$P$T0$1)
                  0000f0ae    00000004     BMS.obj (.const:.string:$P$T10$11)
                  0000f0b2    00000004     BMS.obj (.const:.string:$P$T11$12)
                  0000f0b6    00000004     BMS.obj (.const:.string:$P$T12$13)
                  0000f0ba    00000004     BMS.obj (.const:.string:$P$T13$14)
                  0000f0be    00000004     BMS.obj (.const:.string:$P$T19$20)
                  0000f0c2    00000004     BMS.obj (.const:.string:$P$T20$21)
                  0000f0c6    00000004     BMS.obj (.const:.string:$P$T23$24)
                  0000f0ca    00000004     BMS.obj (.const:.string:$P$T4$5)
                  0000f0ce    00000004     BMS.obj (.const:.string:$P$T8$9)
                  0000f0d2    00000004     BMS.obj (.const:.string:$P$T9$10)
                  0000f0d6    00000003     BMS.obj (.const:.string:$P$T1$2)
                  0000f0d9    00000003     BMS.obj (.const:.string:$P$T15$16)
                  0000f0dc    00000003     BMS.obj (.const:.string:$P$T2$3)
                  0000f0df    00000003     BMS.obj (.const:.string:$P$T21$22)
                  0000f0e2    00000003     BMS.obj (.const:.string:$P$T22$23)
                  0000f0e5    00000003     BMS.obj (.const:.string:$P$T3$4)

.cinit     0    0000f0e8    00000038     
                  0000f0e8    00000012     (.cinit..data.load) [load image, compression = lzss]
                  0000f0fa    00000002     --HOLE-- [fill = 0]
                  0000f0fc    0000000c     (__TI_handler_table)
                  0000f108    00000008     (.cinit..bss.load) [load image, compression = zero_init]
                  0000f110    00000010     (__TI_cinit_table)

.bss       0    08001500    00000148     UNINITIALIZED
                  08001500    000000a4     (.common:AMS_DATA)
                  080015a4    00000078     spi.obj (.bss:g_spiPacket_t)
                  0800161c    00000028     sci.obj (.bss:g_sciTransfer_t)
                  08001644    00000004     pl455.obj (.bss)

.data      0    08001648    00000054     UNINITIALIZED
                  08001648    00000046     FE_AMS.obj (.data)
                  0800168e    00000002     --HOLE--
                  08001690    00000008     BMS.obj (.data)
                  08001698    00000004     FE_AMS.obj (.data:dataconfig00_t)

__llvm_prf_cnts 
*          0    08001500    00000000     UNINITIALIZED

MODULE SUMMARY

       Module                       code    ro data   rw data
       ------                       ----    -------   -------
    .\source\
       sys_selftest.obj             11484   0         0      
       het.obj                      3032    1920      0      
       spi.obj                      4576    0         120    
       BMS.obj                      4044    100       8      
       pl455.obj                    3548    512       4      
       adc.obj                      3744    48        0      
       can.obj                      3760    0         0      
       sci.obj                      3596    0         40     
       sys_vim.obj                  2860    384       0      
       system.obj                   2856    0         0      
       mibspi.obj                   2604    0         0      
       FE_AMS.obj                   2160    0         238    
       rti.obj                      2100    0         0      
       esm.obj                      1744    0         0      
       gio.obj                      1492    0         0      
       pinmux.obj                   1452    0         0      
       sys_core.obj                 844     0         0      
       sys_startup.obj              656     0         0      
       notification.obj             476     0         0      
       dabort.obj                   232     0         0      
       sys_pmu.obj                  224     0         0      
       sys_main.obj                 160     0         0      
       sys_intvecs.obj              32      0         0      
       sys_phantom.obj              4       0         0      
    +--+----------------------------+-------+---------+---------+
       Total:                       57680   2964      410    
                                                             
    C:/ti/ccs1020/ccs/tools/compiler/ti-cgt-arm_20.2.2.LTS/lib/rtsv7R4_T_le_v3D16_eabi.lib
       s_floor.c.obj                224     0         0      
       s_ceil.c.obj                 220     0         0      
       memcpy_t2.asm.obj            156     0         0      
       memset_t2.asm.obj            122     0         0      
       copy_decompress_lzss.c.obj   108     0         0      
       u_div32.asm.obj              80      0         0      
       autoinit.c.obj               68      0         0      
       copy_zero_init.c.obj         28      0         0      
       copy_decompress_none.c.obj   14      0         0      
       exit.c.obj                   4       0         0      
       div0.asm.obj                 2       0         0      
    +--+----------------------------+-------+---------+---------+
       Total:                       1026    0         0      
                                                             
       Linker Generated:            0       54        0      
    +--+----------------------------+-------+---------+---------+
       Grand Total:                 58706   3018      410    


LINKER GENERATED COPY TABLES

__TI_cinit_table @ 0000f110 records: 2, size/record: 8, table size: 16
	.data: load addr=0000f0e8, load size=00000012 bytes, run addr=08001648, run size=00000054 bytes, compression=lzss
	.bss: load addr=0000f108, load size=00000008 bytes, run addr=08001500, run size=00000148 bytes, compression=zero_init


LINKER GENERATED HANDLER TABLE

__TI_handler_table @ 0000f0fc records: 3, size/record: 4, table size: 12
	index: 0, handler: __TI_zero_init
	index: 1, handler: __TI_decompress_lzss
	index: 2, handler: __TI_decompress_none


GLOBAL SYMBOLS: SORTED ALPHABETICALLY BY Name 

address   name                                
-------   ----                                
08001500  AMS_DATA                            
0000b20c  AMS_canTX_Car                       
0000aea0  AMS_checkForFaults                  
0000b4f8  AMS_checkPreContactorState          
0800167a  AMS_faults                          
0000b538  AMS_process                         
0000b030  AMS_readADC                         
0000b088  AMS_readGIO                         
0000b1b0  AMS_readHET                         
0000b460  AMS_readSCI                         
0000b3f8  AMS_readSPI                         
0000ae04  AMS_start_HV                        
000077e8  B2SDWORD                            
0000783c  B2SINT24                            
000077b0  B2SWORD                             
00003edc  BMS_Init                            
0000477c  BMS_checkAllFaults                  
00004698  BMS_checkFault                      
000043cc  BMS_checkHeartbeats                 
00004524  BMS_clearFaults                     
0000463c  BMS_configOversample                
00004500  BMS_disableBottomLowSideRx          
000044dc  BMS_disableTopHighSideRx            
00004d28  BMS_getAllIndividualData            
00004cc4  BMS_getBroadcastData                
0000415c  BMS_getCRCBytes                     
00004328  BMS_initAutoAddress                 
00004308  BMS_initialConfig                   
00004240  BMS_messageIsExpected               
00004074  BMS_receiveByte                     
000040e4  BMS_receiveMessage                  
000041b4  BMS_sendMessage                     
00004368  BMS_setAddresses                    
00004978  BMS_setAllModulesNumChannels        
00004bdc  BMS_setAllOvervolt                  
00004c50  BMS_setAllUndervolt                 
000045e0  BMS_setSamplePeriods                
00004584  BMS_setSamplingDelay                
00004810  BMS_setSingleModuleNumChannels      
00004ad4  BMS_setSingleModuleOvervolt         
00004b58  BMS_setSingleModuleUndervolt        
00004d04  BMS_syncSampleAll                   
00004048  BMS_wakeup                          
0000e54b  C$$EXIT                             
0000787c  CRC16                               
00006bf8  CommClear                           
00006c5c  CommReset                           
00006cdc  GetFaultStat                        
0000b9ac  IsdwdKeySequenceCorrect             
08001694  RTI_TIMEOUT                         
00007618  ReadFrameReq                        
00007434  ReadReg                             
00006cac  ResetPL455                          
UNDEFED   SHT$$INIT_ARRAY$$Base               
UNDEFED   SHT$$INIT_ARRAY$$Limit              
000037e4  SpiRxStatus                         
00003758  SpiTxStatus                         
08001690  UART_RX_RDY                         
00007668  WaitRespFrame                       
00006cb0  WakePL455                           
0000720c  WriteFrame                          
00006d04  WriteReg                            
0000f110  __TI_CINIT_Base                     
0000f120  __TI_CINIT_Limit                    
0000f0fc  __TI_Handler_Table_Base             
0000f108  __TI_Handler_Table_Limit            
0000d380  __TI_PINIT_Base                     
0000d384  __TI_PINIT_Limit                    
0000e4dd  __TI_auto_init_nobinit_nopinit      
0000e41f  __TI_decompress_lzss                
0000e53d  __TI_decompress_none                
ffffffff  __TI_pprof_out_hndl                 
ffffffff  __TI_prof_data_size                 
ffffffff  __TI_prof_data_start                
00000000  __TI_static_base__                  
0000e521  __TI_zero_init_nomemset             
0000e48b  __aeabi_idiv0                       
0000e48b  __aeabi_ldiv0                       
0000e3a5  __aeabi_memclr                      
0000e3a5  __aeabi_memclr4                     
0000e3a5  __aeabi_memclr8                     
0000e309  __aeabi_memcpy                      
0000e309  __aeabi_memcpy4                     
0000e309  __aeabi_memcpy8                     
0000e3a7  __aeabi_memset                      
0000e3a7  __aeabi_memset4                     
0000e3a7  __aeabi_memset8                     
0000e48c  __aeabi_uidiv                       
0000e48c  __aeabi_uidivmod                    
ffffffff  __binit__                           
ffffffff  __c_args__                          
08001500  __start___llvm_prf_cnts             
08001500  __stop___llvm_prf_cnts              
0000d388  _c_int00                            
0000d298  _coreClearAuxiliaryDataFault_       
0000d2ac  _coreClearAuxiliaryInstructionFault_
0000d270  _coreClearDataFaultAddress_         
0000d248  _coreClearDataFault_                
0000d284  _coreClearInstructionFaultAddress_  
0000d25c  _coreClearInstructionFault_         
0000d1dc  _coreDisableEventBusExport_         
0000d220  _coreDisableFlashEcc_               
0000d1fc  _coreDisableRamEcc_                 
0000d1cc  _coreEnableEventBusExport_          
0000d20c  _coreEnableFlashEcc_                
0000d230  _coreEnableIrqVicOffset_            
0000d1ec  _coreEnableRamEcc_                  
0000d1b4  _coreEnableVfp_                     
0000d290  _coreGetAuxiliaryDataFault_         
0000d2a4  _coreGetAuxiliaryInstructionFault_  
0000d268  _coreGetDataFaultAddress_           
0000d240  _coreGetDataFault_                  
0000d27c  _coreGetInstructionFaultAddress_    
0000d254  _coreGetInstructionFault_           
0000d03c  _coreInitRegisters_                 
0000d148  _coreInitStackPointer_              
0000dee4  _dabort                             
0000d2c0  _disable_FIQ_interrupt_             
0000d2c8  _disable_IRQ_interrupt_             
0000d2b8  _disable_interrupt_                 
0000d2d0  _enable_interrupt_                  
0000d360  _errata_CORTEXR4_57_                
0000d370  _errata_CORTEXR4_66_                
0000d2d8  _esmCcmErrorsClear_                 
0000d194  _getCPSRValue_                      
0000d19c  _gotoCPUIdle_                       
0000e108  _pmuDisableCountersGlobal_          
0000e0f8  _pmuEnableCountersGlobal_           
0000e164  _pmuGetCycleCount_                  
0000e16c  _pmuGetEventCount_                  
0000e178  _pmuGetOverflow_                    
0000e0ac  _pmuInit_                           
0000e138  _pmuResetCounters_                  
0000e118  _pmuResetCycleCounter_              
0000e128  _pmuResetEventCounters_             
0000e158  _pmuSetCountEvent_                  
0000e148  _pmuStartCounters_                  
0000e150  _pmuStopCounters_                   
UNDEFED   _system_post_cinit                  
0000e54b  abort                               
0000672c  adc1GetConfigValue                  
0000126c  adc1ParityCheck                     
0000692c  adc2GetConfigValue                  
00001358  adc2ParityCheck                     
00006308  adcCalibration                      
000066cc  adcDisableNotification              
0000667c  adcEnableNotification               
000060e0  adcGetData                          
00006714  adcGetEVTPin                        
00005d58  adcInit                             
000062d8  adcIsConversionComplete             
000062a8  adcIsFifoFull                       
000064e0  adcMidPointCalibration              
0000db0c  adcNotification                     
000060b8  adcResetFiFo                        
000066f4  adcSetEVTPin                        
0000600c  adcStartConversion                  
00006090  adcStopConversion                   
08001670  batteryVoltage_Scaled               
ffffffff  binit                               
0800168d  bmsCommFault                        
0800168b  bmsFault                            
00005890  can1GetConfigValue                  
00001410  can1ParityCheck                     
000059e8  can2GetConfigValue                  
000014e8  can2ParityCheck                     
00005b40  can3GetConfigValue                  
000015b0  can3ParityCheck                     
00005730  canDisableErrorNotification         
00005710  canDisableStatusChangeNotification  
00005788  canDisableloopback                  
000056d0  canEnableErrorNotification          
000056f0  canEnableStatusChangeNotification   
00005750  canEnableloopback                   
0000db20  canErrorNotification                
00005480  canFillMessageObjectData            
000051b0  canGetData                          
000056ac  canGetErrorLevel                    
00005300  canGetID                            
00005688  canGetLastError                     
00004ea8  canInit                             
00005874  canIoRxGetBit                       
000057b8  canIoSetDirection                   
00005808  canIoSetPort                        
00005858  canIoTxGetBit                       
0000562c  canIsMessageBoxValid                
000055d0  canIsRxMessageArrived               
00005574  canIsTxMessagePending               
0000db48  canMessageNotification              
000053e0  canSendRemoteFrame                  
0000db34  canStatusChangeNotification         
000050bc  canTransmit                         
00005368  canUpdateID                         
000080ec  capGetSignal                        
00000030  ccmSelfCheck                        
000026fc  ccmr4GetConfigValue                 
0000e18d  ceil                                
0000e18d  ceill                               
08001686  cellOverTemp                        
08001684  cellOverVoltage                     
08001687  cellUnderTemp                       
08001685  cellUnderVoltage                    
08001674  chargeCurrentLimit_Scaled           
00000938  checkB0RAMECC                       
00000b28  checkB1RAMECC                       
00001c18  checkClockMonitor                   
00000d18  checkFlashECC                       
00001cf4  checkFlashEEPROMECC                 
00001e8c  checkPLL1Slip                       
00001f8c  checkPLL2Slip                       
00002050  checkRAMAddrParity                  
000019d0  checkRAMECC                         
0000215c  checkRAMUERRTest                    
000007bc  checkefcSelfTest                    
08001680  contactorClosed                     
0800168a  contactorFault                      
0800167f  contactorOpen                       
00000234  cpuSelfTest                         
00000dfc  cpuSelfTestFail                     
0000ec94  crc16_table                         
0000dc38  crcNotification                     
08001662  currentBatteryVoltage               
0800165c  currentSense_75                     
0800165e  currentSense_750                    
08001682  currentShortFault                   
08001660  currentVehicleVoltage               
00000df4  custom_dabort                       
08001698  dataconfig00_t                      
0000db5c  dccNotification                     
0000790c  delayms                             
00007954  delayus                             
00002b58  disableParity                       
08001676  dischargeCurrentLimit_Scaled        
0000dc4c  dmaGroupANotification               
00000eac  dmaParityCheck                      
0000ba14  dwdClearFlag                        
0000b948  dwdCounterEnable                    
0000b990  dwdGenerateSysReset                 
0000b9e0  dwdGetStatus                        
0000ba24  dwdGetViolationStatus               
0000b8cc  dwdInit                             
0000b974  dwdReset                            
0000b958  dwdSetPreload                       
0000b93c  dwwdGetCurrentDownCounter           
0000b8f4  dwwdInit                            
000080ac  edgeDisableNotification             
00008070  edgeEnableNotification              
00008044  edgeGetCounter                      
0000dc10  edgeNotification                    
00008018  edgeResetCounter                    
00000660  efcCheck                            
00002660  efcGetConfigValue                   
00000794  efcSelfTest                         
000006e8  efcStuckZeroTest                    
0000dc70  emacRxNotification                  
0000dc60  emacTxNotification                  
00002ad0  enableParity                        
0000276c  errata_PBIST_4                      
0000bdfc  esmActivateNormalOperation          
0000bed0  esmClearStatus                      
0000bf10  esmClearStatusBuffer                
0000bdc4  esmDisableError                     
0000be34  esmDisableInterrupt                 
0000bd9c  esmEnableError                      
0000be0c  esmEnableInterrupt                  
0000c008  esmEnterSelfTest                    
0000bd80  esmError                            
0000c0e0  esmGetConfigValue                   
0000bf4c  esmGetStatus                        
0000bfd0  esmGetStatusBuffer                  
0000daa4  esmGroup1Notification               
0000dab4  esmGroup2Notification               
0000ddd0  esmHighInterrupt                    
0000bc78  esmInit                             
0000c090  esmSelfTestStatus                   
0000bf2c  esmSetCounterPreloadValue           
0000be5c  esmSetInterruptLevel                
0000bdec  esmTriggerErrorPinReset             
08001681  fiveKWActive                        
0000dfcd  floor                               
0000dfcd  floorl                              
000022c4  fmcBus1ParityCheck                  
0000085c  fmcBus2Check                        
00000898  fmcECCcheck                         
0000b49c  getBMSData                          
0000add0  getDelta                            
0000ca40  gioDisableNotification              
0000c9d8  gioEnableNotification               
0000c940  gioGetBit                           
0000caa8  gioGetConfigValue                   
0000c968  gioGetPort                          
0000dc80  gioHighLevelInterrupt               
0000c7e0  gioInit                             
0000dd30  gioLowLevelInterrupt                
0000db70  gioNotification                     
0000c8d0  gioSetBit                           
0000c8b0  gioSetDirection                     
0000c920  gioSetPort                          
0000c980  gioToggleBit                        
000081f8  het1GetConfigValue                  
00000f58  het1ParityCheck                     
00008388  het2GetConfigValue                  
000010c0  het2ParityCheck                     
000081e0  hetGetTimestamp                     
000079d4  hetInit                             
0000dc24  hetNotification                     
000081c4  hetResetTimestamp                   
00001004  htu1ParityCheck                     
000011bc  htu2ParityCheck                     
0000db84  i2cNotification                     
08001650  imdDutyCycle                        
0800168c  imdFault                            
08001648  imdPeriod                           
0000e268  main                                
000086e8  mapClocks                           
08001668  maxCellTemperature_Scaled           
0800166c  maxCellVoltage_Scaled               
0000e309  memcpy                              
00000174  memoryInit                          
0000dac4  memoryPort0TestFailNotification     
0000dae0  memoryPort1TestFailNotification     
0000e3ad  memset                              
00001684  mibspi1ParityCheck                  
0000178c  mibspi3ParityCheck                  
0000a1c8  mibspi5GetConfigValue               
000018b0  mibspi5ParityCheck                  
0000a194  mibspiDisableGroupNotification      
0000a0a0  mibspiDisableLoopback               
0000a10c  mibspiEnableGroupNotification       
0000a06c  mibspiEnableLoopback                
00009e84  mibspiGetData                       
0000dbac  mibspiGroupNotification             
00009b08  mibspiInit                          
0000a000  mibspiIsTransferComplete            
0000db98  mibspiNotification                  
0000a0bc  mibspiPmodeSet                      
00009d78  mibspiSetData                       
00009d58  mibspiSetFunctional                 
00009fd0  mibspiTransfer                      
08001666  minCellTemperature_Scaled           
0800166a  minCellVoltage_Scaled               
0000c234  muxInit                             
0800167c  negativeContactorState              
08001689  overChargeCurrent                   
08001688  overDischargeCurrent                
08001678  packCurrent_Scaled                  
000023ec  pbistFail                           
00002470  pbistGetConfigValue                 
000005a8  pbistIsTestCompleted                
000005d4  pbistIsTestPassed                   
00000608  pbistPortTestStatus                 
000004ac  pbistRun                            
000002cc  pbistSelfCheck                      
00000578  pbistStop                           
08001672  peakCurrent_Scaled                  
00008694  periphInit                          
0000e550  phantomInterrupt                    
0000c51c  pinmuxGetConfigValue                
0800167d  positiveContactorState              
0800167e  prechargeContactorState             
00007fe8  pwmDisableNotification              
00007fa0  pwmEnableNotification               
00007ec0  pwmGetSignal                        
0000dbf8  pwmNotification                     
00007bc0  pwmSetDuty                          
00007d10  pwmSetSignal                        
00007b58  pwmStart                            
00007b8c  pwmStop                             
00000000  resetEntry                          
0000d8a8  rtiCompare0Interrupt                
0000d8f0  rtiCompare1Interrupt                
0000d938  rtiCompare2Interrupt                
0000d980  rtiCompare3Interrupt                
0000bad4  rtiDisableNotification              
0000baac  rtiEnableNotification               
0000baf0  rtiGetConfigValue                   
0000b840  rtiGetCurrentTick                   
0000b818  rtiGetPeriod                        
0000b640  rtiInit                             
0000dafc  rtiNotification                     
0000da10  rtiOverflow0Interrupt               
0000da58  rtiOverflow1Interrupt               
0000b78c  rtiResetCounter                     
0000b7f0  rtiSetPeriod                        
0000b734  rtiStartCounter                     
0000b760  rtiStopCounter                      
0000d9c8  rtiTimebaseInterrupt                
08001683  scOutsideSense                      
00009684  sciDisableLoopback                  
00009710  sciDisableNotification              
00009650  sciEnableLoopback                   
000096a8  sciEnableNotification               
00009778  sciEnterResetState                  
00009798  sciExitResetState                   
000097b8  sciGetConfigValue                   
0000cc64  sciHighLevelInterrupt               
000090d4  sciInit                             
00009500  sciIsIdleDetected                   
000094e4  sciIsRxReady                        
00009364  sciIsTxReady                        
0000ce34  sciLowLevelInterrupt                
0000dbc0  sciNotification                     
00009578  sciReceive                          
0000954c  sciReceiveByte                      
0000951c  sciRxError                          
000093b0  sciSend                             
00009380  sciSendByte                         
000092c8  sciSetBaudrate                      
000092a8  sciSetFunctional                    
00009910  scilinGetConfigValue                
00000020  selftestFailNotification            
0000b014  setCurrentBatteryVoltage            
0000aff8  setCurrentVehicleVoltage            
00008654  setupFlash                          
000085ac  setupPLL                            
0000391c  spi1GetConfigValue                  
00003aac  spi3GetConfigValue                  
00003c8c  spi4GetConfigValue                  
000038a4  spiDisableLoopback                  
000038f0  spiDisableNotification              
00003870  spiEnableLoopback                   
000038c0  spiEnableNotification               
0000dbe8  spiEndNotification                  
000031c0  spiGetData                          
00002cfc  spiInit                             
0000dbd4  spiNotification                     
000030a4  spiReceiveData                      
00003618  spiSendAndGetData                   
000033e4  spiSendData                         
00003084  spiSetFunctional                    
000034dc  spiTransmitAndReceiveData           
000032b8  spiTransmitData                     
00008ecc  sramGetConfigValue                  
08001664  stateOfCharge                       
000025bc  stcGetConfigValue                   
000001b8  stcSelfCheck                        
00000df8  stcSelfCheckFail                    
0000890c  systemGetConfigValue                
00008810  systemInit                          
000088dc  systemPowerDown                     
00008d20  tcmflashGetConfigValue              
08001654  timeoutBMS                          
08001658  timeoutCAR                          
0000860c  trimLPO                             
0800166e  vehicleVoltage_Scaled               
0000a608  vimChannelMap                       
0000a804  vimDisableInterrupt                 
0000a6ac  vimEnableInterrupt                  
0000a888  vimGetConfigValue                   
0000a534  vimInit                             
00000e00  vimParityCheck                      
0000d618  vimParityErrorHandler               


GLOBAL SYMBOLS: SORTED BY Symbol Address 

address   name                                
-------   ----                                
00000000  __TI_static_base__                  
00000000  resetEntry                          
00000020  selftestFailNotification            
00000030  ccmSelfCheck                        
00000174  memoryInit                          
000001b8  stcSelfCheck                        
00000234  cpuSelfTest                         
000002cc  pbistSelfCheck                      
000004ac  pbistRun                            
00000578  pbistStop                           
000005a8  pbistIsTestCompleted                
000005d4  pbistIsTestPassed                   
00000608  pbistPortTestStatus                 
00000660  efcCheck                            
000006e8  efcStuckZeroTest                    
00000794  efcSelfTest                         
000007bc  checkefcSelfTest                    
0000085c  fmcBus2Check                        
00000898  fmcECCcheck                         
00000938  checkB0RAMECC                       
00000b28  checkB1RAMECC                       
00000d18  checkFlashECC                       
00000df4  custom_dabort                       
00000df8  stcSelfCheckFail                    
00000dfc  cpuSelfTestFail                     
00000e00  vimParityCheck                      
00000eac  dmaParityCheck                      
00000f58  het1ParityCheck                     
00001004  htu1ParityCheck                     
000010c0  het2ParityCheck                     
000011bc  htu2ParityCheck                     
0000126c  adc1ParityCheck                     
00001358  adc2ParityCheck                     
00001410  can1ParityCheck                     
000014e8  can2ParityCheck                     
000015b0  can3ParityCheck                     
00001684  mibspi1ParityCheck                  
0000178c  mibspi3ParityCheck                  
000018b0  mibspi5ParityCheck                  
000019d0  checkRAMECC                         
00001c18  checkClockMonitor                   
00001cf4  checkFlashEEPROMECC                 
00001e8c  checkPLL1Slip                       
00001f8c  checkPLL2Slip                       
00002050  checkRAMAddrParity                  
0000215c  checkRAMUERRTest                    
000022c4  fmcBus1ParityCheck                  
000023ec  pbistFail                           
00002470  pbistGetConfigValue                 
000025bc  stcGetConfigValue                   
00002660  efcGetConfigValue                   
000026fc  ccmr4GetConfigValue                 
0000276c  errata_PBIST_4                      
00002ad0  enableParity                        
00002b58  disableParity                       
00002cfc  spiInit                             
00003084  spiSetFunctional                    
000030a4  spiReceiveData                      
000031c0  spiGetData                          
000032b8  spiTransmitData                     
000033e4  spiSendData                         
000034dc  spiTransmitAndReceiveData           
00003618  spiSendAndGetData                   
00003758  SpiTxStatus                         
000037e4  SpiRxStatus                         
00003870  spiEnableLoopback                   
000038a4  spiDisableLoopback                  
000038c0  spiEnableNotification               
000038f0  spiDisableNotification              
0000391c  spi1GetConfigValue                  
00003aac  spi3GetConfigValue                  
00003c8c  spi4GetConfigValue                  
00003edc  BMS_Init                            
00004048  BMS_wakeup                          
00004074  BMS_receiveByte                     
000040e4  BMS_receiveMessage                  
0000415c  BMS_getCRCBytes                     
000041b4  BMS_sendMessage                     
00004240  BMS_messageIsExpected               
00004308  BMS_initialConfig                   
00004328  BMS_initAutoAddress                 
00004368  BMS_setAddresses                    
000043cc  BMS_checkHeartbeats                 
000044dc  BMS_disableTopHighSideRx            
00004500  BMS_disableBottomLowSideRx          
00004524  BMS_clearFaults                     
00004584  BMS_setSamplingDelay                
000045e0  BMS_setSamplePeriods                
0000463c  BMS_configOversample                
00004698  BMS_checkFault                      
0000477c  BMS_checkAllFaults                  
00004810  BMS_setSingleModuleNumChannels      
00004978  BMS_setAllModulesNumChannels        
00004ad4  BMS_setSingleModuleOvervolt         
00004b58  BMS_setSingleModuleUndervolt        
00004bdc  BMS_setAllOvervolt                  
00004c50  BMS_setAllUndervolt                 
00004cc4  BMS_getBroadcastData                
00004d04  BMS_syncSampleAll                   
00004d28  BMS_getAllIndividualData            
00004ea8  canInit                             
000050bc  canTransmit                         
000051b0  canGetData                          
00005300  canGetID                            
00005368  canUpdateID                         
000053e0  canSendRemoteFrame                  
00005480  canFillMessageObjectData            
00005574  canIsTxMessagePending               
000055d0  canIsRxMessageArrived               
0000562c  canIsMessageBoxValid                
00005688  canGetLastError                     
000056ac  canGetErrorLevel                    
000056d0  canEnableErrorNotification          
000056f0  canEnableStatusChangeNotification   
00005710  canDisableStatusChangeNotification  
00005730  canDisableErrorNotification         
00005750  canEnableloopback                   
00005788  canDisableloopback                  
000057b8  canIoSetDirection                   
00005808  canIoSetPort                        
00005858  canIoTxGetBit                       
00005874  canIoRxGetBit                       
00005890  can1GetConfigValue                  
000059e8  can2GetConfigValue                  
00005b40  can3GetConfigValue                  
00005d58  adcInit                             
0000600c  adcStartConversion                  
00006090  adcStopConversion                   
000060b8  adcResetFiFo                        
000060e0  adcGetData                          
000062a8  adcIsFifoFull                       
000062d8  adcIsConversionComplete             
00006308  adcCalibration                      
000064e0  adcMidPointCalibration              
0000667c  adcEnableNotification               
000066cc  adcDisableNotification              
000066f4  adcSetEVTPin                        
00006714  adcGetEVTPin                        
0000672c  adc1GetConfigValue                  
0000692c  adc2GetConfigValue                  
00006bf8  CommClear                           
00006c5c  CommReset                           
00006cac  ResetPL455                          
00006cb0  WakePL455                           
00006cdc  GetFaultStat                        
00006d04  WriteReg                            
0000720c  WriteFrame                          
00007434  ReadReg                             
00007618  ReadFrameReq                        
00007668  WaitRespFrame                       
000077b0  B2SWORD                             
000077e8  B2SDWORD                            
0000783c  B2SINT24                            
0000787c  CRC16                               
0000790c  delayms                             
00007954  delayus                             
000079d4  hetInit                             
00007b58  pwmStart                            
00007b8c  pwmStop                             
00007bc0  pwmSetDuty                          
00007d10  pwmSetSignal                        
00007ec0  pwmGetSignal                        
00007fa0  pwmEnableNotification               
00007fe8  pwmDisableNotification              
00008018  edgeResetCounter                    
00008044  edgeGetCounter                      
00008070  edgeEnableNotification              
000080ac  edgeDisableNotification             
000080ec  capGetSignal                        
000081c4  hetResetTimestamp                   
000081e0  hetGetTimestamp                     
000081f8  het1GetConfigValue                  
00008388  het2GetConfigValue                  
000085ac  setupPLL                            
0000860c  trimLPO                             
00008654  setupFlash                          
00008694  periphInit                          
000086e8  mapClocks                           
00008810  systemInit                          
000088dc  systemPowerDown                     
0000890c  systemGetConfigValue                
00008d20  tcmflashGetConfigValue              
00008ecc  sramGetConfigValue                  
000090d4  sciInit                             
000092a8  sciSetFunctional                    
000092c8  sciSetBaudrate                      
00009364  sciIsTxReady                        
00009380  sciSendByte                         
000093b0  sciSend                             
000094e4  sciIsRxReady                        
00009500  sciIsIdleDetected                   
0000951c  sciRxError                          
0000954c  sciReceiveByte                      
00009578  sciReceive                          
00009650  sciEnableLoopback                   
00009684  sciDisableLoopback                  
000096a8  sciEnableNotification               
00009710  sciDisableNotification              
00009778  sciEnterResetState                  
00009798  sciExitResetState                   
000097b8  sciGetConfigValue                   
00009910  scilinGetConfigValue                
00009b08  mibspiInit                          
00009d58  mibspiSetFunctional                 
00009d78  mibspiSetData                       
00009e84  mibspiGetData                       
00009fd0  mibspiTransfer                      
0000a000  mibspiIsTransferComplete            
0000a06c  mibspiEnableLoopback                
0000a0a0  mibspiDisableLoopback               
0000a0bc  mibspiPmodeSet                      
0000a10c  mibspiEnableGroupNotification       
0000a194  mibspiDisableGroupNotification      
0000a1c8  mibspi5GetConfigValue               
0000a534  vimInit                             
0000a608  vimChannelMap                       
0000a6ac  vimEnableInterrupt                  
0000a804  vimDisableInterrupt                 
0000a888  vimGetConfigValue                   
0000add0  getDelta                            
0000ae04  AMS_start_HV                        
0000aea0  AMS_checkForFaults                  
0000aff8  setCurrentVehicleVoltage            
0000b014  setCurrentBatteryVoltage            
0000b030  AMS_readADC                         
0000b088  AMS_readGIO                         
0000b1b0  AMS_readHET                         
0000b20c  AMS_canTX_Car                       
0000b3f8  AMS_readSPI                         
0000b460  AMS_readSCI                         
0000b49c  getBMSData                          
0000b4f8  AMS_checkPreContactorState          
0000b538  AMS_process                         
0000b640  rtiInit                             
0000b734  rtiStartCounter                     
0000b760  rtiStopCounter                      
0000b78c  rtiResetCounter                     
0000b7f0  rtiSetPeriod                        
0000b818  rtiGetPeriod                        
0000b840  rtiGetCurrentTick                   
0000b8cc  dwdInit                             
0000b8f4  dwwdInit                            
0000b93c  dwwdGetCurrentDownCounter           
0000b948  dwdCounterEnable                    
0000b958  dwdSetPreload                       
0000b974  dwdReset                            
0000b990  dwdGenerateSysReset                 
0000b9ac  IsdwdKeySequenceCorrect             
0000b9e0  dwdGetStatus                        
0000ba14  dwdClearFlag                        
0000ba24  dwdGetViolationStatus               
0000baac  rtiEnableNotification               
0000bad4  rtiDisableNotification              
0000baf0  rtiGetConfigValue                   
0000bc78  esmInit                             
0000bd80  esmError                            
0000bd9c  esmEnableError                      
0000bdc4  esmDisableError                     
0000bdec  esmTriggerErrorPinReset             
0000bdfc  esmActivateNormalOperation          
0000be0c  esmEnableInterrupt                  
0000be34  esmDisableInterrupt                 
0000be5c  esmSetInterruptLevel                
0000bed0  esmClearStatus                      
0000bf10  esmClearStatusBuffer                
0000bf2c  esmSetCounterPreloadValue           
0000bf4c  esmGetStatus                        
0000bfd0  esmGetStatusBuffer                  
0000c008  esmEnterSelfTest                    
0000c090  esmSelfTestStatus                   
0000c0e0  esmGetConfigValue                   
0000c234  muxInit                             
0000c51c  pinmuxGetConfigValue                
0000c7e0  gioInit                             
0000c8b0  gioSetDirection                     
0000c8d0  gioSetBit                           
0000c920  gioSetPort                          
0000c940  gioGetBit                           
0000c968  gioGetPort                          
0000c980  gioToggleBit                        
0000c9d8  gioEnableNotification               
0000ca40  gioDisableNotification              
0000caa8  gioGetConfigValue                   
0000cc64  sciHighLevelInterrupt               
0000ce34  sciLowLevelInterrupt                
0000d03c  _coreInitRegisters_                 
0000d148  _coreInitStackPointer_              
0000d194  _getCPSRValue_                      
0000d19c  _gotoCPUIdle_                       
0000d1b4  _coreEnableVfp_                     
0000d1cc  _coreEnableEventBusExport_          
0000d1dc  _coreDisableEventBusExport_         
0000d1ec  _coreEnableRamEcc_                  
0000d1fc  _coreDisableRamEcc_                 
0000d20c  _coreEnableFlashEcc_                
0000d220  _coreDisableFlashEcc_               
0000d230  _coreEnableIrqVicOffset_            
0000d240  _coreGetDataFault_                  
0000d248  _coreClearDataFault_                
0000d254  _coreGetInstructionFault_           
0000d25c  _coreClearInstructionFault_         
0000d268  _coreGetDataFaultAddress_           
0000d270  _coreClearDataFaultAddress_         
0000d27c  _coreGetInstructionFaultAddress_    
0000d284  _coreClearInstructionFaultAddress_  
0000d290  _coreGetAuxiliaryDataFault_         
0000d298  _coreClearAuxiliaryDataFault_       
0000d2a4  _coreGetAuxiliaryInstructionFault_  
0000d2ac  _coreClearAuxiliaryInstructionFault_
0000d2b8  _disable_interrupt_                 
0000d2c0  _disable_FIQ_interrupt_             
0000d2c8  _disable_IRQ_interrupt_             
0000d2d0  _enable_interrupt_                  
0000d2d8  _esmCcmErrorsClear_                 
0000d360  _errata_CORTEXR4_57_                
0000d370  _errata_CORTEXR4_66_                
0000d380  __TI_PINIT_Base                     
0000d384  __TI_PINIT_Limit                    
0000d388  _c_int00                            
0000d618  vimParityErrorHandler               
0000d8a8  rtiCompare0Interrupt                
0000d8f0  rtiCompare1Interrupt                
0000d938  rtiCompare2Interrupt                
0000d980  rtiCompare3Interrupt                
0000d9c8  rtiTimebaseInterrupt                
0000da10  rtiOverflow0Interrupt               
0000da58  rtiOverflow1Interrupt               
0000daa4  esmGroup1Notification               
0000dab4  esmGroup2Notification               
0000dac4  memoryPort0TestFailNotification     
0000dae0  memoryPort1TestFailNotification     
0000dafc  rtiNotification                     
0000db0c  adcNotification                     
0000db20  canErrorNotification                
0000db34  canStatusChangeNotification         
0000db48  canMessageNotification              
0000db5c  dccNotification                     
0000db70  gioNotification                     
0000db84  i2cNotification                     
0000db98  mibspiNotification                  
0000dbac  mibspiGroupNotification             
0000dbc0  sciNotification                     
0000dbd4  spiNotification                     
0000dbe8  spiEndNotification                  
0000dbf8  pwmNotification                     
0000dc10  edgeNotification                    
0000dc24  hetNotification                     
0000dc38  crcNotification                     
0000dc4c  dmaGroupANotification               
0000dc60  emacTxNotification                  
0000dc70  emacRxNotification                  
0000dc80  gioHighLevelInterrupt               
0000dd30  gioLowLevelInterrupt                
0000ddd0  esmHighInterrupt                    
0000dee4  _dabort                             
0000dfcd  floor                               
0000dfcd  floorl                              
0000e0ac  _pmuInit_                           
0000e0f8  _pmuEnableCountersGlobal_           
0000e108  _pmuDisableCountersGlobal_          
0000e118  _pmuResetCycleCounter_              
0000e128  _pmuResetEventCounters_             
0000e138  _pmuResetCounters_                  
0000e148  _pmuStartCounters_                  
0000e150  _pmuStopCounters_                   
0000e158  _pmuSetCountEvent_                  
0000e164  _pmuGetCycleCount_                  
0000e16c  _pmuGetEventCount_                  
0000e178  _pmuGetOverflow_                    
0000e18d  ceil                                
0000e18d  ceill                               
0000e268  main                                
0000e309  __aeabi_memcpy                      
0000e309  __aeabi_memcpy4                     
0000e309  __aeabi_memcpy8                     
0000e309  memcpy                              
0000e3a5  __aeabi_memclr                      
0000e3a5  __aeabi_memclr4                     
0000e3a5  __aeabi_memclr8                     
0000e3a7  __aeabi_memset                      
0000e3a7  __aeabi_memset4                     
0000e3a7  __aeabi_memset8                     
0000e3ad  memset                              
0000e41f  __TI_decompress_lzss                
0000e48b  __aeabi_idiv0                       
0000e48b  __aeabi_ldiv0                       
0000e48c  __aeabi_uidiv                       
0000e48c  __aeabi_uidivmod                    
0000e4dd  __TI_auto_init_nobinit_nopinit      
0000e521  __TI_zero_init_nomemset             
0000e53d  __TI_decompress_none                
0000e54b  C$$EXIT                             
0000e54b  abort                               
0000e550  phantomInterrupt                    
0000ec94  crc16_table                         
0000f0fc  __TI_Handler_Table_Base             
0000f108  __TI_Handler_Table_Limit            
0000f110  __TI_CINIT_Base                     
0000f120  __TI_CINIT_Limit                    
08001500  AMS_DATA                            
08001500  __start___llvm_prf_cnts             
08001500  __stop___llvm_prf_cnts              
08001648  imdPeriod                           
08001650  imdDutyCycle                        
08001654  timeoutBMS                          
08001658  timeoutCAR                          
0800165c  currentSense_75                     
0800165e  currentSense_750                    
08001660  currentVehicleVoltage               
08001662  currentBatteryVoltage               
08001664  stateOfCharge                       
08001666  minCellTemperature_Scaled           
08001668  maxCellTemperature_Scaled           
0800166a  minCellVoltage_Scaled               
0800166c  maxCellVoltage_Scaled               
0800166e  vehicleVoltage_Scaled               
08001670  batteryVoltage_Scaled               
08001672  peakCurrent_Scaled                  
08001674  chargeCurrentLimit_Scaled           
08001676  dischargeCurrentLimit_Scaled        
08001678  packCurrent_Scaled                  
0800167a  AMS_faults                          
0800167c  negativeContactorState              
0800167d  positiveContactorState              
0800167e  prechargeContactorState             
0800167f  contactorOpen                       
08001680  contactorClosed                     
08001681  fiveKWActive                        
08001682  currentShortFault                   
08001683  scOutsideSense                      
08001684  cellOverVoltage                     
08001685  cellUnderVoltage                    
08001686  cellOverTemp                        
08001687  cellUnderTemp                       
08001688  overDischargeCurrent                
08001689  overChargeCurrent                   
0800168a  contactorFault                      
0800168b  bmsFault                            
0800168c  imdFault                            
0800168d  bmsCommFault                        
08001690  UART_RX_RDY                         
08001694  RTI_TIMEOUT                         
08001698  dataconfig00_t                      
ffffffff  __TI_pprof_out_hndl                 
ffffffff  __TI_prof_data_size                 
ffffffff  __TI_prof_data_start                
ffffffff  __binit__                           
ffffffff  __c_args__                          
ffffffff  binit                               
UNDEFED   SHT$$INIT_ARRAY$$Base               
UNDEFED   SHT$$INIT_ARRAY$$Limit              
UNDEFED   _system_post_cinit                  

[452 symbols]
