<?xml version="1.0"?>
<link_info>
   <banner>TI ARM Linker PC v16.9.6.LTS</banner>
   <copyright>Copyright (c) 1996-2017 Texas Instruments Incorporated</copyright>
   <link_time>0x6095f1b1</link_time>
   <link_errors>0x0</link_errors>
   <output_file>FE07_AMS.out</output_file>
   <entry_point>
      <name>_c_int00</name>
      <address>0xc8e4</address>
   </entry_point>
   <input_file_list>
      <input_file id="fl-2">
         <path>.\source\</path>
         <kind>object</kind>
         <file>BMS.obj</file>
         <name>BMS.obj</name>
      </input_file>
      <input_file id="fl-3">
         <path>.\source\</path>
         <kind>object</kind>
         <file>FE_AMS.obj</file>
         <name>FE_AMS.obj</name>
      </input_file>
      <input_file id="fl-4">
         <path>.\source\</path>
         <kind>object</kind>
         <file>adc.obj</file>
         <name>adc.obj</name>
      </input_file>
      <input_file id="fl-5">
         <path>.\source\</path>
         <kind>object</kind>
         <file>can.obj</file>
         <name>can.obj</name>
      </input_file>
      <input_file id="fl-6">
         <path>.\source\</path>
         <kind>object</kind>
         <file>crc.obj</file>
         <name>crc.obj</name>
      </input_file>
      <input_file id="fl-7">
         <path>.\source\</path>
         <kind>object</kind>
         <file>dabort.obj</file>
         <name>dabort.obj</name>
      </input_file>
      <input_file id="fl-8">
         <path>.\source\</path>
         <kind>object</kind>
         <file>dcc.obj</file>
         <name>dcc.obj</name>
      </input_file>
      <input_file id="fl-9">
         <path>.\source\</path>
         <kind>object</kind>
         <file>emac.obj</file>
         <name>emac.obj</name>
      </input_file>
      <input_file id="fl-a">
         <path>.\source\</path>
         <kind>object</kind>
         <file>errata_SSWF021_45.obj</file>
         <name>errata_SSWF021_45.obj</name>
      </input_file>
      <input_file id="fl-b">
         <path>.\source\</path>
         <kind>object</kind>
         <file>esm.obj</file>
         <name>esm.obj</name>
      </input_file>
      <input_file id="fl-c">
         <path>.\source\</path>
         <kind>object</kind>
         <file>gio.obj</file>
         <name>gio.obj</name>
      </input_file>
      <input_file id="fl-d">
         <path>.\source\</path>
         <kind>object</kind>
         <file>het.obj</file>
         <name>het.obj</name>
      </input_file>
      <input_file id="fl-e">
         <path>.\source\</path>
         <kind>object</kind>
         <file>i2c.obj</file>
         <name>i2c.obj</name>
      </input_file>
      <input_file id="fl-f">
         <path>.\source\</path>
         <kind>object</kind>
         <file>lin.obj</file>
         <name>lin.obj</name>
      </input_file>
      <input_file id="fl-10">
         <path>.\source\</path>
         <kind>object</kind>
         <file>mdio.obj</file>
         <name>mdio.obj</name>
      </input_file>
      <input_file id="fl-11">
         <path>.\source\</path>
         <kind>object</kind>
         <file>mibspi.obj</file>
         <name>mibspi.obj</name>
      </input_file>
      <input_file id="fl-12">
         <path>.\source\</path>
         <kind>object</kind>
         <file>notification.obj</file>
         <name>notification.obj</name>
      </input_file>
      <input_file id="fl-13">
         <path>.\source\</path>
         <kind>object</kind>
         <file>phy_dp83640.obj</file>
         <name>phy_dp83640.obj</name>
      </input_file>
      <input_file id="fl-14">
         <path>.\source\</path>
         <kind>object</kind>
         <file>pinmux.obj</file>
         <name>pinmux.obj</name>
      </input_file>
      <input_file id="fl-15">
         <path>.\source\</path>
         <kind>object</kind>
         <file>pl455.obj</file>
         <name>pl455.obj</name>
      </input_file>
      <input_file id="fl-16">
         <path>.\source\</path>
         <kind>object</kind>
         <file>rti.obj</file>
         <name>rti.obj</name>
      </input_file>
      <input_file id="fl-17">
         <path>.\source\</path>
         <kind>object</kind>
         <file>sci.obj</file>
         <name>sci.obj</name>
      </input_file>
      <input_file id="fl-18">
         <path>.\source\</path>
         <kind>object</kind>
         <file>spi.obj</file>
         <name>spi.obj</name>
      </input_file>
      <input_file id="fl-19">
         <path>.\source\</path>
         <kind>object</kind>
         <file>sys_core.obj</file>
         <name>sys_core.obj</name>
      </input_file>
      <input_file id="fl-1a">
         <path>.\source\</path>
         <kind>object</kind>
         <file>sys_dma.obj</file>
         <name>sys_dma.obj</name>
      </input_file>
      <input_file id="fl-1b">
         <path>.\source\</path>
         <kind>object</kind>
         <file>sys_intvecs.obj</file>
         <name>sys_intvecs.obj</name>
      </input_file>
      <input_file id="fl-1c">
         <path>.\source\</path>
         <kind>object</kind>
         <file>sys_main.obj</file>
         <name>sys_main.obj</name>
      </input_file>
      <input_file id="fl-1d">
         <path>.\source\</path>
         <kind>object</kind>
         <file>sys_mpu.obj</file>
         <name>sys_mpu.obj</name>
      </input_file>
      <input_file id="fl-1e">
         <path>.\source\</path>
         <kind>object</kind>
         <file>sys_pcr.obj</file>
         <name>sys_pcr.obj</name>
      </input_file>
      <input_file id="fl-1f">
         <path>.\source\</path>
         <kind>object</kind>
         <file>sys_phantom.obj</file>
         <name>sys_phantom.obj</name>
      </input_file>
      <input_file id="fl-20">
         <path>.\source\</path>
         <kind>object</kind>
         <file>sys_pmm.obj</file>
         <name>sys_pmm.obj</name>
      </input_file>
      <input_file id="fl-21">
         <path>.\source\</path>
         <kind>object</kind>
         <file>sys_pmu.obj</file>
         <name>sys_pmu.obj</name>
      </input_file>
      <input_file id="fl-22">
         <path>.\source\</path>
         <kind>object</kind>
         <file>sys_selftest.obj</file>
         <name>sys_selftest.obj</name>
      </input_file>
      <input_file id="fl-23">
         <path>.\source\</path>
         <kind>object</kind>
         <file>sys_startup.obj</file>
         <name>sys_startup.obj</name>
      </input_file>
      <input_file id="fl-24">
         <path>.\source\</path>
         <kind>object</kind>
         <file>sys_vim.obj</file>
         <name>sys_vim.obj</name>
      </input_file>
      <input_file id="fl-25">
         <path>.\source\</path>
         <kind>object</kind>
         <file>system.obj</file>
         <name>system.obj</name>
      </input_file>
      <input_file id="fl-26">
         <path>.\source\</path>
         <kind>object</kind>
         <file>usb.obj</file>
         <name>usb.obj</name>
      </input_file>
      <input_file id="fl-27">
         <path>.\source\</path>
         <kind>object</kind>
         <file>usb_serial_structs.obj</file>
         <name>usb_serial_structs.obj</name>
      </input_file>
      <input_file id="fl-28">
         <path>.\source\</path>
         <kind>object</kind>
         <file>usbbuffer.obj</file>
         <name>usbbuffer.obj</name>
      </input_file>
      <input_file id="fl-29">
         <path>.\source\</path>
         <kind>object</kind>
         <file>usbdcdc.obj</file>
         <name>usbdcdc.obj</name>
      </input_file>
      <input_file id="fl-2a">
         <path>.\source\</path>
         <kind>object</kind>
         <file>usbdcdesc.obj</file>
         <name>usbdcdesc.obj</name>
      </input_file>
      <input_file id="fl-2b">
         <path>.\source\</path>
         <kind>object</kind>
         <file>usbdconfig.obj</file>
         <name>usbdconfig.obj</name>
      </input_file>
      <input_file id="fl-2c">
         <path>.\source\</path>
         <kind>object</kind>
         <file>usbdenum.obj</file>
         <name>usbdenum.obj</name>
      </input_file>
      <input_file id="fl-2d">
         <path>.\source\</path>
         <kind>object</kind>
         <file>usbdesc.obj</file>
         <name>usbdesc.obj</name>
      </input_file>
      <input_file id="fl-2e">
         <path>.\source\</path>
         <kind>object</kind>
         <file>usbringbuf.obj</file>
         <name>usbringbuf.obj</name>
      </input_file>
      <input_file id="fl-32">
         <kind>object</kind>
         <file>&lt;internal&gt;</file>
         <name>&lt;internal&gt;</name>
      </input_file>
      <input_file id="fl-33">
         <path>C:\ti\ccs740\ccsv7\tools\compiler\ti-cgt-arm_16.9.6.LTS\lib\</path>
         <kind>archive</kind>
         <file>rtsv7R4_T_le_v3D16_eabi.lib</file>
         <name>autoinit.obj</name>
      </input_file>
      <input_file id="fl-34">
         <path>C:\ti\ccs740\ccsv7\tools\compiler\ti-cgt-arm_16.9.6.LTS\lib\</path>
         <kind>archive</kind>
         <file>rtsv7R4_T_le_v3D16_eabi.lib</file>
         <name>copy_decompress_lzss.obj</name>
      </input_file>
      <input_file id="fl-35">
         <path>C:\ti\ccs740\ccsv7\tools\compiler\ti-cgt-arm_16.9.6.LTS\lib\</path>
         <kind>archive</kind>
         <file>rtsv7R4_T_le_v3D16_eabi.lib</file>
         <name>copy_decompress_none.obj</name>
      </input_file>
      <input_file id="fl-36">
         <path>C:\ti\ccs740\ccsv7\tools\compiler\ti-cgt-arm_16.9.6.LTS\lib\</path>
         <kind>archive</kind>
         <file>rtsv7R4_T_le_v3D16_eabi.lib</file>
         <name>copy_zero_init.obj</name>
      </input_file>
      <input_file id="fl-37">
         <path>C:\ti\ccs740\ccsv7\tools\compiler\ti-cgt-arm_16.9.6.LTS\lib\</path>
         <kind>archive</kind>
         <file>rtsv7R4_T_le_v3D16_eabi.lib</file>
         <name>cpy_tbl.obj</name>
      </input_file>
      <input_file id="fl-38">
         <path>C:\ti\ccs740\ccsv7\tools\compiler\ti-cgt-arm_16.9.6.LTS\lib\</path>
         <kind>archive</kind>
         <file>rtsv7R4_T_le_v3D16_eabi.lib</file>
         <name>exit.obj</name>
      </input_file>
      <input_file id="fl-39">
         <path>C:\ti\ccs740\ccsv7\tools\compiler\ti-cgt-arm_16.9.6.LTS\lib\</path>
         <kind>archive</kind>
         <file>rtsv7R4_T_le_v3D16_eabi.lib</file>
         <name>memcpy_t2.obj</name>
      </input_file>
      <input_file id="fl-3a">
         <path>C:\ti\ccs740\ccsv7\tools\compiler\ti-cgt-arm_16.9.6.LTS\lib\</path>
         <kind>archive</kind>
         <file>rtsv7R4_T_le_v3D16_eabi.lib</file>
         <name>memset_t2.obj</name>
      </input_file>
      <input_file id="fl-3b">
         <path>C:\ti\ccs740\ccsv7\tools\compiler\ti-cgt-arm_16.9.6.LTS\lib\</path>
         <kind>archive</kind>
         <file>rtsv7R4_T_le_v3D16_eabi.lib</file>
         <name>s_ceil.obj</name>
      </input_file>
      <input_file id="fl-3c">
         <path>C:\ti\ccs740\ccsv7\tools\compiler\ti-cgt-arm_16.9.6.LTS\lib\</path>
         <kind>archive</kind>
         <file>rtsv7R4_T_le_v3D16_eabi.lib</file>
         <name>s_floor.obj</name>
      </input_file>
      <input_file id="fl-3d">
         <path>C:\ti\ccs740\ccsv7\tools\compiler\ti-cgt-arm_16.9.6.LTS\lib\</path>
         <kind>archive</kind>
         <file>rtsv7R4_T_le_v3D16_eabi.lib</file>
         <name>startup.obj</name>
      </input_file>
      <input_file id="fl-3e">
         <path>C:\ti\ccs740\ccsv7\tools\compiler\ti-cgt-arm_16.9.6.LTS\lib\</path>
         <kind>archive</kind>
         <file>rtsv7R4_T_le_v3D16_eabi.lib</file>
         <name>u_div32.obj</name>
      </input_file>
      <input_file id="fl-3f">
         <path>C:\ti\ccs740\ccsv7\tools\compiler\ti-cgt-arm_16.9.6.LTS\lib\</path>
         <kind>archive</kind>
         <file>rtsv7R4_T_le_v3D16_eabi.lib</file>
         <name>_lock.obj</name>
      </input_file>
      <input_file id="fl-40">
         <path>C:\ti\ccs740\ccsv7\tools\compiler\ti-cgt-arm_16.9.6.LTS\lib\</path>
         <kind>archive</kind>
         <file>rtsv7R4_T_le_v3D16_eabi.lib</file>
         <name>i_div0.obj</name>
      </input_file>
   </input_file_list>
   <object_component_list>
      <object_component id="oc-39">
         <name>.intvecs</name>
         <load_address>0x0</load_address>
         <run_address>0x0</run_address>
         <size>0x20</size>
         <input_file_ref idref="fl-1b"/>
      </object_component>
      <object_component id="oc-7e">
         <name>.text</name>
         <load_address>0x20</load_address>
         <run_address>0x20</run_address>
         <size>0x2cdc</size>
         <input_file_ref idref="fl-22"/>
      </object_component>
      <object_component id="oc-126">
         <name>.text</name>
         <load_address>0x2cfc</load_address>
         <run_address>0x2cfc</run_address>
         <size>0x1210</size>
         <input_file_ref idref="fl-2"/>
      </object_component>
      <object_component id="oc-12c">
         <name>.text</name>
         <load_address>0x3f0c</load_address>
         <run_address>0x3f0c</run_address>
         <size>0x11f0</size>
         <input_file_ref idref="fl-3"/>
      </object_component>
      <object_component id="oc-120">
         <name>.text</name>
         <load_address>0x50fc</load_address>
         <run_address>0x50fc</run_address>
         <size>0x11e0</size>
         <input_file_ref idref="fl-18"/>
      </object_component>
      <object_component id="oc-102">
         <name>.text</name>
         <load_address>0x62dc</load_address>
         <run_address>0x62dc</run_address>
         <size>0x1018</size>
         <input_file_ref idref="fl-5"/>
      </object_component>
      <object_component id="oc-108">
         <name>.text</name>
         <load_address>0x72f4</load_address>
         <run_address>0x72f4</run_address>
         <size>0xea0</size>
         <input_file_ref idref="fl-4"/>
      </object_component>
      <object_component id="oc-10e">
         <name>.text</name>
         <load_address>0x8194</load_address>
         <run_address>0x8194</run_address>
         <size>0xbd8</size>
         <input_file_ref idref="fl-d"/>
      </object_component>
      <object_component id="oc-78">
         <name>.text</name>
         <load_address>0x8d6c</load_address>
         <run_address>0x8d6c</run_address>
         <size>0xb28</size>
         <input_file_ref idref="fl-25"/>
      </object_component>
      <object_component id="oc-11a">
         <name>.text</name>
         <load_address>0x9894</load_address>
         <run_address>0x9894</run_address>
         <size>0xa34</size>
         <input_file_ref idref="fl-17"/>
      </object_component>
      <object_component id="oc-114">
         <name>.text</name>
         <load_address>0xa2c8</load_address>
         <run_address>0xa2c8</run_address>
         <size>0xa2c</size>
         <input_file_ref idref="fl-11"/>
      </object_component>
      <object_component id="oc-45">
         <name>.text</name>
         <load_address>0xacf4</load_address>
         <run_address>0xacf4</run_address>
         <size>0x89c</size>
         <input_file_ref idref="fl-24"/>
      </object_component>
      <object_component id="oc-84">
         <name>.text</name>
         <load_address>0xb590</load_address>
         <run_address>0xb590</run_address>
         <size>0x5d8</size>
         <input_file_ref idref="fl-b"/>
      </object_component>
      <object_component id="oc-de">
         <name>.text</name>
         <load_address>0xbb68</load_address>
         <run_address>0xbb68</run_address>
         <size>0x5ac</size>
         <input_file_ref idref="fl-14"/>
      </object_component>
      <object_component id="oc-ac">
         <name>.text</name>
         <load_address>0xc114</load_address>
         <run_address>0xc114</run_address>
         <size>0x484</size>
         <input_file_ref idref="fl-c"/>
      </object_component>
      <object_component id="oc-73">
         <name>.text</name>
         <load_address>0xc598</load_address>
         <run_address>0xc598</run_address>
         <size>0x34c</size>
         <input_file_ref idref="fl-19"/>
      </object_component>
      <object_component id="oc-1e">
         <name>.text:retain</name>
         <load_address>0xc8e4</load_address>
         <run_address>0xc8e4</run_address>
         <size>0x298</size>
         <input_file_ref idref="fl-23"/>
      </object_component>
      <object_component id="oc-44">
         <name>.text:retain</name>
         <load_address>0xcb7c</load_address>
         <run_address>0xcb7c</run_address>
         <size>0x290</size>
         <input_file_ref idref="fl-24"/>
      </object_component>
      <object_component id="oc-90">
         <name>.text</name>
         <load_address>0xce0c</load_address>
         <run_address>0xce0c</run_address>
         <size>0x214</size>
         <input_file_ref idref="fl-1c"/>
      </object_component>
      <object_component id="oc-33">
         <name>.text:retain</name>
         <load_address>0xd020</load_address>
         <run_address>0xd020</run_address>
         <size>0x1fc</size>
         <input_file_ref idref="fl-16"/>
      </object_component>
      <object_component id="oc-9d">
         <name>.text</name>
         <load_address>0xd21c</load_address>
         <run_address>0xd21c</run_address>
         <size>0x1dc</size>
         <input_file_ref idref="fl-12"/>
      </object_component>
      <object_component id="oc-132">
         <name>.text</name>
         <load_address>0xd3f8</load_address>
         <run_address>0xd3f8</run_address>
         <size>0x1ac</size>
         <input_file_ref idref="fl-15"/>
      </object_component>
      <object_component id="oc-2d">
         <name>.text:retain</name>
         <load_address>0xd5a4</load_address>
         <run_address>0xd5a4</run_address>
         <size>0x144</size>
         <input_file_ref idref="fl-c"/>
      </object_component>
      <object_component id="oc-24">
         <name>.text:retain</name>
         <load_address>0xd6e8</load_address>
         <run_address>0xd6e8</run_address>
         <size>0x114</size>
         <input_file_ref idref="fl-b"/>
      </object_component>
      <object_component id="oc-b4">
         <name>.text</name>
         <load_address>0xd7fc</load_address>
         <run_address>0xd7fc</run_address>
         <size>0xe8</size>
         <input_file_ref idref="fl-7"/>
      </object_component>
      <object_component id="oc-200">
         <name>.text</name>
         <load_address>0xd8e4</load_address>
         <run_address>0xd8e4</run_address>
         <size>0xe0</size>
         <input_file_ref idref="fl-3c"/>
      </object_component>
      <object_component id="oc-e6">
         <name>.text</name>
         <load_address>0xd9c4</load_address>
         <run_address>0xd9c4</run_address>
         <size>0xe0</size>
         <input_file_ref idref="fl-21"/>
      </object_component>
      <object_component id="oc-215">
         <name>.text</name>
         <load_address>0xdaa4</load_address>
         <run_address>0xdaa4</run_address>
         <size>0xdc</size>
         <input_file_ref idref="fl-3b"/>
      </object_component>
      <object_component id="oc-5b">
         <name>.text</name>
         <load_address>0xdb80</load_address>
         <run_address>0xdb80</run_address>
         <size>0x9c</size>
         <input_file_ref idref="fl-39"/>
      </object_component>
      <object_component id="oc-67">
         <name>.text</name>
         <load_address>0xdc1c</load_address>
         <run_address>0xdc1c</run_address>
         <size>0x7a</size>
         <input_file_ref idref="fl-3a"/>
      </object_component>
      <object_component id="oc-2df">
         <name>.text</name>
         <load_address>0xdc96</load_address>
         <run_address>0xdc96</run_address>
         <size>0x2</size>
         <input_file_ref idref="fl-40"/>
      </object_component>
      <object_component id="oc-8a">
         <name>.text</name>
         <load_address>0xdc98</load_address>
         <run_address>0xdc98</run_address>
         <size>0x70</size>
         <input_file_ref idref="fl-33"/>
      </object_component>
      <object_component id="oc-c">
         <name>.text:decompress:lzss</name>
         <load_address>0xdd08</load_address>
         <run_address>0xdd08</run_address>
         <size>0x6c</size>
         <input_file_ref idref="fl-34"/>
      </object_component>
      <object_component id="oc-96">
         <name>.text</name>
         <load_address>0xdd74</load_address>
         <run_address>0xdd74</run_address>
         <size>0x50</size>
         <input_file_ref idref="fl-38"/>
      </object_component>
      <object_component id="oc-1e1">
         <name>.text</name>
         <load_address>0xddc4</load_address>
         <run_address>0xddc4</run_address>
         <size>0x50</size>
         <input_file_ref idref="fl-3e"/>
      </object_component>
      <object_component id="oc-f4">
         <name>.text</name>
         <load_address>0xde14</load_address>
         <run_address>0xde14</run_address>
         <size>0x4c</size>
         <input_file_ref idref="fl-37"/>
      </object_component>
      <object_component id="oc-28e">
         <name>.text</name>
         <load_address>0xde60</load_address>
         <run_address>0xde60</run_address>
         <size>0x14</size>
         <input_file_ref idref="fl-3f"/>
      </object_component>
      <object_component id="oc-12">
         <name>.text:decompress:none</name>
         <load_address>0xde74</load_address>
         <run_address>0xde74</run_address>
         <size>0xe</size>
         <input_file_ref idref="fl-35"/>
      </object_component>
      <object_component id="oc-18">
         <name>.text:decompress:ZI</name>
         <load_address>0xde82</load_address>
         <run_address>0xde82</run_address>
         <size>0xc</size>
         <input_file_ref idref="fl-36"/>
      </object_component>
      <object_component id="oc-fa">
         <name>.text</name>
         <load_address>0xde8e</load_address>
         <run_address>0xde8e</run_address>
         <size>0x2</size>
         <input_file_ref idref="fl-3d"/>
      </object_component>
      <object_component id="oc-3e">
         <name>.text:retain</name>
         <load_address>0xde90</load_address>
         <run_address>0xde90</run_address>
         <size>0x4</size>
         <input_file_ref idref="fl-1f"/>
      </object_component>
      <object_component id="oc-1e6">
         <name>.const:het1PROGRAM</name>
         <load_address>0xde94</load_address>
         <run_address>0xde94</run_address>
         <size>0x3a0</size>
         <input_file_ref idref="fl-d"/>
      </object_component>
      <object_component id="oc-1e9">
         <name>.const:het2PROGRAM</name>
         <load_address>0xe234</load_address>
         <run_address>0xe234</run_address>
         <size>0x3a0</size>
         <input_file_ref idref="fl-d"/>
      </object_component>
      <object_component id="oc-275">
         <name>.const:crc16_table</name>
         <load_address>0xe5d4</load_address>
         <run_address>0xe5d4</run_address>
         <size>0x200</size>
         <input_file_ref idref="fl-15"/>
      </object_component>
      <object_component id="oc-2a">
         <name>.const:s_vim_init</name>
         <load_address>0xe7d4</load_address>
         <run_address>0xe7d4</run_address>
         <size>0x180</size>
         <input_file_ref idref="fl-24"/>
      </object_component>
      <object_component id="oc-1ec">
         <name>.const:s_het1pwmPolarity</name>
         <load_address>0xe954</load_address>
         <run_address>0xe954</run_address>
         <size>0x20</size>
         <input_file_ref idref="fl-d"/>
      </object_component>
      <object_component id="oc-1ef">
         <name>.const:s_het2pwmPolarity</name>
         <load_address>0xe974</load_address>
         <run_address>0xe974</run_address>
         <size>0x20</size>
         <input_file_ref idref="fl-d"/>
      </object_component>
      <object_component id="oc-1da">
         <name>.const:s_adcFiFoSize</name>
         <load_address>0xe994</load_address>
         <run_address>0xe994</run_address>
         <size>0x18</size>
         <input_file_ref idref="fl-4"/>
      </object_component>
      <object_component id="oc-1dd">
         <name>.const:s_adcSelect</name>
         <load_address>0xe9ac</load_address>
         <run_address>0xe9ac</run_address>
         <size>0x18</size>
         <input_file_ref idref="fl-4"/>
      </object_component>
      <object_component id="oc-245">
         <name>.const:.string:$P$T14$15</name>
         <load_address>0xe9c4</load_address>
         <run_address>0xe9c4</run_address>
         <size>0x7</size>
         <input_file_ref idref="fl-2"/>
      </object_component>
      <object_component id="oc-24b">
         <name>.const:.string:$P$T16$17</name>
         <load_address>0xe9cb</load_address>
         <run_address>0xe9cb</run_address>
         <size>0x6</size>
         <input_file_ref idref="fl-2"/>
      </object_component>
      <object_component id="oc-24e">
         <name>.const:.string:$P$T17$18</name>
         <load_address>0xe9d1</load_address>
         <run_address>0xe9d1</run_address>
         <size>0x5</size>
         <input_file_ref idref="fl-2"/>
      </object_component>
      <object_component id="oc-251">
         <name>.const:.string:$P$T18$19</name>
         <load_address>0xe9d6</load_address>
         <run_address>0xe9d6</run_address>
         <size>0x5</size>
         <input_file_ref idref="fl-2"/>
      </object_component>
      <object_component id="oc-22a">
         <name>.const:.string:$P$T5$6</name>
         <load_address>0xe9db</load_address>
         <run_address>0xe9db</run_address>
         <size>0x5</size>
         <input_file_ref idref="fl-2"/>
      </object_component>
      <object_component id="oc-22d">
         <name>.const:.string:$P$T6$7</name>
         <load_address>0xe9e0</load_address>
         <run_address>0xe9e0</run_address>
         <size>0x5</size>
         <input_file_ref idref="fl-2"/>
      </object_component>
      <object_component id="oc-230">
         <name>.const:.string:$P$T7$8</name>
         <load_address>0xe9e5</load_address>
         <run_address>0xe9e5</run_address>
         <size>0x5</size>
         <input_file_ref idref="fl-2"/>
      </object_component>
      <object_component id="oc-21b">
         <name>.const:.string:$P$T0$1</name>
         <load_address>0xe9ea</load_address>
         <run_address>0xe9ea</run_address>
         <size>0x4</size>
         <input_file_ref idref="fl-2"/>
      </object_component>
      <object_component id="oc-239">
         <name>.const:.string:$P$T10$11</name>
         <load_address>0xe9ee</load_address>
         <run_address>0xe9ee</run_address>
         <size>0x4</size>
         <input_file_ref idref="fl-2"/>
      </object_component>
      <object_component id="oc-23c">
         <name>.const:.string:$P$T11$12</name>
         <load_address>0xe9f2</load_address>
         <run_address>0xe9f2</run_address>
         <size>0x4</size>
         <input_file_ref idref="fl-2"/>
      </object_component>
      <object_component id="oc-23f">
         <name>.const:.string:$P$T12$13</name>
         <load_address>0xe9f6</load_address>
         <run_address>0xe9f6</run_address>
         <size>0x4</size>
         <input_file_ref idref="fl-2"/>
      </object_component>
      <object_component id="oc-242">
         <name>.const:.string:$P$T13$14</name>
         <load_address>0xe9fa</load_address>
         <run_address>0xe9fa</run_address>
         <size>0x4</size>
         <input_file_ref idref="fl-2"/>
      </object_component>
      <object_component id="oc-254">
         <name>.const:.string:$P$T19$20</name>
         <load_address>0xe9fe</load_address>
         <run_address>0xe9fe</run_address>
         <size>0x4</size>
         <input_file_ref idref="fl-2"/>
      </object_component>
      <object_component id="oc-257">
         <name>.const:.string:$P$T20$21</name>
         <load_address>0xea02</load_address>
         <run_address>0xea02</run_address>
         <size>0x4</size>
         <input_file_ref idref="fl-2"/>
      </object_component>
      <object_component id="oc-25a">
         <name>.const:.string:$P$T21$22</name>
         <load_address>0xea06</load_address>
         <run_address>0xea06</run_address>
         <size>0x4</size>
         <input_file_ref idref="fl-2"/>
      </object_component>
      <object_component id="oc-263">
         <name>.const:.string:$P$T24$25</name>
         <load_address>0xea0a</load_address>
         <run_address>0xea0a</run_address>
         <size>0x4</size>
         <input_file_ref idref="fl-2"/>
      </object_component>
      <object_component id="oc-227">
         <name>.const:.string:$P$T4$5</name>
         <load_address>0xea0e</load_address>
         <run_address>0xea0e</run_address>
         <size>0x4</size>
         <input_file_ref idref="fl-2"/>
      </object_component>
      <object_component id="oc-233">
         <name>.const:.string:$P$T8$9</name>
         <load_address>0xea12</load_address>
         <run_address>0xea12</run_address>
         <size>0x4</size>
         <input_file_ref idref="fl-2"/>
      </object_component>
      <object_component id="oc-236">
         <name>.const:.string:$P$T9$10</name>
         <load_address>0xea16</load_address>
         <run_address>0xea16</run_address>
         <size>0x4</size>
         <input_file_ref idref="fl-2"/>
      </object_component>
      <object_component id="oc-21e">
         <name>.const:.string:$P$T1$2</name>
         <load_address>0xea1a</load_address>
         <run_address>0xea1a</run_address>
         <size>0x3</size>
         <input_file_ref idref="fl-2"/>
      </object_component>
      <object_component id="oc-248">
         <name>.const:.string:$P$T15$16</name>
         <load_address>0xea1d</load_address>
         <run_address>0xea1d</run_address>
         <size>0x3</size>
         <input_file_ref idref="fl-2"/>
      </object_component>
      <object_component id="oc-221">
         <name>.const:.string:$P$T2$3</name>
         <load_address>0xea20</load_address>
         <run_address>0xea20</run_address>
         <size>0x3</size>
         <input_file_ref idref="fl-2"/>
      </object_component>
      <object_component id="oc-25d">
         <name>.const:.string:$P$T22$23</name>
         <load_address>0xea23</load_address>
         <run_address>0xea23</run_address>
         <size>0x3</size>
         <input_file_ref idref="fl-2"/>
      </object_component>
      <object_component id="oc-260">
         <name>.const:.string:$P$T23$24</name>
         <load_address>0xea26</load_address>
         <run_address>0xea26</run_address>
         <size>0x3</size>
         <input_file_ref idref="fl-2"/>
      </object_component>
      <object_component id="oc-224">
         <name>.const:.string:$P$T3$4</name>
         <load_address>0xea29</load_address>
         <run_address>0xea29</run_address>
         <size>0x3</size>
         <input_file_ref idref="fl-2"/>
      </object_component>
      <object_component id="oc-398">
         <name>.cinit..data.load</name>
         <load_address>0xea30</load_address>
         <run_address>0xea30</run_address>
         <size>0x1e</size>
      </object_component>
      <object_component id="oc-395">
         <name>__TI_handler_table</name>
         <load_address>0xea50</load_address>
         <run_address>0xea50</run_address>
         <size>0xc</size>
      </object_component>
      <object_component id="oc-397">
         <name>.cinit..bss.load</name>
         <load_address>0xea60</load_address>
         <run_address>0xea60</run_address>
         <size>0x8</size>
      </object_component>
      <object_component id="oc-396">
         <name>__TI_cinit_table</name>
         <load_address>0xea68</load_address>
         <run_address>0xea68</run_address>
         <size>0x10</size>
      </object_component>
      <object_component id="oc-278">
         <name>.bss</name>
         <uninitialized>true</uninitialized>
         <run_address>0x8001748</run_address>
         <size>0x4</size>
         <input_file_ref idref="fl-15"/>
      </object_component>
      <object_component id="oc-206">
         <name>.bss:g_sciTransfer_t</name>
         <uninitialized>true</uninitialized>
         <run_address>0x800170c</run_address>
         <size>0x28</size>
         <input_file_ref idref="fl-17"/>
      </object_component>
      <object_component id="oc-20b">
         <name>.bss:g_spiPacket_t</name>
         <uninitialized>true</uninitialized>
         <run_address>0x8001644</run_address>
         <size>0x78</size>
         <input_file_ref idref="fl-18"/>
      </object_component>
      <object_component id="oc-26b">
         <name>.common:cellVoltages</name>
         <uninitialized>true</uninitialized>
         <run_address>0x80015a4</run_address>
         <size>0xa0</size>
      </object_component>
      <object_component id="oc-26e">
         <name>.common:tempData</name>
         <uninitialized>true</uninitialized>
         <run_address>0x80016bc</run_address>
         <size>0x50</size>
      </object_component>
      <object_component id="oc-273">
         <name>.common:BMS_InternalTemps</name>
         <uninitialized>true</uninitialized>
         <run_address>0x8001734</run_address>
         <size>0x14</size>
      </object_component>
      <object_component id="oc-272">
         <name>.common:AMS_DATA</name>
         <uninitialized>true</uninitialized>
         <run_address>0x8001500</run_address>
         <size>0xa4</size>
      </object_component>
      <object_component id="oc-268">
         <name>.data</name>
         <load_address>0x8001750</load_address>
         <run_address>0x8001750</run_address>
         <size>0x46</size>
         <input_file_ref idref="fl-3"/>
      </object_component>
      <object_component id="oc-26f">
         <name>.data:dataconfig00_t</name>
         <load_address>0x80017ac</load_address>
         <run_address>0x80017ac</run_address>
         <size>0x4</size>
         <input_file_ref idref="fl-3"/>
      </object_component>
      <object_component id="oc-13f">
         <name>.data:$O1$$</name>
         <load_address>0x8001798</load_address>
         <run_address>0x8001798</run_address>
         <size>0xc</size>
         <input_file_ref idref="fl-38"/>
      </object_component>
      <object_component id="oc-142">
         <name>.data:$O1$$</name>
         <load_address>0x80017a4</load_address>
         <run_address>0x80017a4</run_address>
         <size>0x8</size>
         <input_file_ref idref="fl-3f"/>
      </object_component>
      <object_component id="oc-267">
         <name>.debug_info</name>
         <load_address>0x0</load_address>
         <run_address>0x0</run_address>
         <size>0x557</size>
         <input_file_ref idref="fl-2"/>
      </object_component>
      <object_component id="oc-21c">
         <name>.debug_info</name>
         <load_address>0x557</load_address>
         <run_address>0x557</run_address>
         <size>0xd8</size>
         <input_file_ref idref="fl-2"/>
      </object_component>
      <object_component id="oc-21f">
         <name>.debug_info</name>
         <load_address>0x62f</load_address>
         <run_address>0x62f</run_address>
         <size>0xd8</size>
         <input_file_ref idref="fl-2"/>
      </object_component>
      <object_component id="oc-222">
         <name>.debug_info</name>
         <load_address>0x707</load_address>
         <run_address>0x707</run_address>
         <size>0xd8</size>
         <input_file_ref idref="fl-2"/>
      </object_component>
      <object_component id="oc-225">
         <name>.debug_info</name>
         <load_address>0x7df</load_address>
         <run_address>0x7df</run_address>
         <size>0xd8</size>
         <input_file_ref idref="fl-2"/>
      </object_component>
      <object_component id="oc-228">
         <name>.debug_info</name>
         <load_address>0x8b7</load_address>
         <run_address>0x8b7</run_address>
         <size>0xd8</size>
         <input_file_ref idref="fl-2"/>
      </object_component>
      <object_component id="oc-22b">
         <name>.debug_info</name>
         <load_address>0x98f</load_address>
         <run_address>0x98f</run_address>
         <size>0xd8</size>
         <input_file_ref idref="fl-2"/>
      </object_component>
      <object_component id="oc-22e">
         <name>.debug_info</name>
         <load_address>0xa67</load_address>
         <run_address>0xa67</run_address>
         <size>0xd9</size>
         <input_file_ref idref="fl-2"/>
      </object_component>
      <object_component id="oc-231">
         <name>.debug_info</name>
         <load_address>0xb40</load_address>
         <run_address>0xb40</run_address>
         <size>0xd9</size>
         <input_file_ref idref="fl-2"/>
      </object_component>
      <object_component id="oc-234">
         <name>.debug_info</name>
         <load_address>0xc19</load_address>
         <run_address>0xc19</run_address>
         <size>0xd9</size>
         <input_file_ref idref="fl-2"/>
      </object_component>
      <object_component id="oc-237">
         <name>.debug_info</name>
         <load_address>0xcf2</load_address>
         <run_address>0xcf2</run_address>
         <size>0xdb</size>
         <input_file_ref idref="fl-2"/>
      </object_component>
      <object_component id="oc-23a">
         <name>.debug_info</name>
         <load_address>0xdcd</load_address>
         <run_address>0xdcd</run_address>
         <size>0xdd</size>
         <input_file_ref idref="fl-2"/>
      </object_component>
      <object_component id="oc-23d">
         <name>.debug_info</name>
         <load_address>0xeaa</load_address>
         <run_address>0xeaa</run_address>
         <size>0xdd</size>
         <input_file_ref idref="fl-2"/>
      </object_component>
      <object_component id="oc-240">
         <name>.debug_info</name>
         <load_address>0xf87</load_address>
         <run_address>0xf87</run_address>
         <size>0xdd</size>
         <input_file_ref idref="fl-2"/>
      </object_component>
      <object_component id="oc-243">
         <name>.debug_info</name>
         <load_address>0x1064</load_address>
         <run_address>0x1064</run_address>
         <size>0xdd</size>
         <input_file_ref idref="fl-2"/>
      </object_component>
      <object_component id="oc-246">
         <name>.debug_info</name>
         <load_address>0x1141</load_address>
         <run_address>0x1141</run_address>
         <size>0xdd</size>
         <input_file_ref idref="fl-2"/>
      </object_component>
      <object_component id="oc-249">
         <name>.debug_info</name>
         <load_address>0x121e</load_address>
         <run_address>0x121e</run_address>
         <size>0xdd</size>
         <input_file_ref idref="fl-2"/>
      </object_component>
      <object_component id="oc-24c">
         <name>.debug_info</name>
         <load_address>0x12fb</load_address>
         <run_address>0x12fb</run_address>
         <size>0xdd</size>
         <input_file_ref idref="fl-2"/>
      </object_component>
      <object_component id="oc-24f">
         <name>.debug_info</name>
         <load_address>0x13d8</load_address>
         <run_address>0x13d8</run_address>
         <size>0xdd</size>
         <input_file_ref idref="fl-2"/>
      </object_component>
      <object_component id="oc-252">
         <name>.debug_info</name>
         <load_address>0x14b5</load_address>
         <run_address>0x14b5</run_address>
         <size>0xdd</size>
         <input_file_ref idref="fl-2"/>
      </object_component>
      <object_component id="oc-255">
         <name>.debug_info</name>
         <load_address>0x1592</load_address>
         <run_address>0x1592</run_address>
         <size>0xdd</size>
         <input_file_ref idref="fl-2"/>
      </object_component>
      <object_component id="oc-258">
         <name>.debug_info</name>
         <load_address>0x166f</load_address>
         <run_address>0x166f</run_address>
         <size>0xdd</size>
         <input_file_ref idref="fl-2"/>
      </object_component>
      <object_component id="oc-25b">
         <name>.debug_info</name>
         <load_address>0x174c</load_address>
         <run_address>0x174c</run_address>
         <size>0xdd</size>
         <input_file_ref idref="fl-2"/>
      </object_component>
      <object_component id="oc-25e">
         <name>.debug_info</name>
         <load_address>0x1829</load_address>
         <run_address>0x1829</run_address>
         <size>0xdd</size>
         <input_file_ref idref="fl-2"/>
      </object_component>
      <object_component id="oc-261">
         <name>.debug_info</name>
         <load_address>0x1906</load_address>
         <run_address>0x1906</run_address>
         <size>0xdd</size>
         <input_file_ref idref="fl-2"/>
      </object_component>
      <object_component id="oc-264">
         <name>.debug_info</name>
         <load_address>0x19e3</load_address>
         <run_address>0x19e3</run_address>
         <size>0xdd</size>
         <input_file_ref idref="fl-2"/>
      </object_component>
      <object_component id="oc-127">
         <name>.debug_info</name>
         <load_address>0x1ac0</load_address>
         <run_address>0x1ac0</run_address>
         <size>0x23cf</size>
         <input_file_ref idref="fl-2"/>
      </object_component>
      <object_component id="oc-a4">
         <name>.debug_info</name>
         <load_address>0x3e8f</load_address>
         <run_address>0x3e8f</run_address>
         <size>0x157</size>
         <input_file_ref idref="fl-2"/>
      </object_component>
      <object_component id="oc-139">
         <name>.debug_info</name>
         <load_address>0x3fe6</load_address>
         <run_address>0x3fe6</run_address>
         <size>0x8b</size>
         <input_file_ref idref="fl-2"/>
      </object_component>
      <object_component id="oc-14f">
         <name>.debug_info</name>
         <load_address>0x4071</load_address>
         <run_address>0x4071</run_address>
         <size>0x18b</size>
         <input_file_ref idref="fl-2"/>
      </object_component>
      <object_component id="oc-c1">
         <name>.debug_info</name>
         <load_address>0x41fc</load_address>
         <run_address>0x41fc</run_address>
         <size>0x86</size>
         <input_file_ref idref="fl-2"/>
      </object_component>
      <object_component id="oc-160">
         <name>.debug_info</name>
         <load_address>0x4282</load_address>
         <run_address>0x4282</run_address>
         <size>0x1f9</size>
         <input_file_ref idref="fl-2"/>
      </object_component>
      <object_component id="oc-2b9">
         <name>.debug_info</name>
         <load_address>0x447b</load_address>
         <run_address>0x447b</run_address>
         <size>0x12a</size>
         <input_file_ref idref="fl-2"/>
      </object_component>
      <object_component id="oc-282">
         <name>.debug_info</name>
         <load_address>0x45a5</load_address>
         <run_address>0x45a5</run_address>
         <size>0x243</size>
         <input_file_ref idref="fl-2"/>
      </object_component>
      <object_component id="oc-302">
         <name>.debug_info</name>
         <load_address>0x47e8</load_address>
         <run_address>0x47e8</run_address>
         <size>0x18e</size>
         <input_file_ref idref="fl-2"/>
      </object_component>
      <object_component id="oc-26c">
         <name>.debug_info</name>
         <load_address>0x4976</load_address>
         <run_address>0x4976</run_address>
         <size>0x679</size>
         <input_file_ref idref="fl-3"/>
      </object_component>
      <object_component id="oc-269">
         <name>.debug_info</name>
         <load_address>0x4fef</load_address>
         <run_address>0x4fef</run_address>
         <size>0x835</size>
         <input_file_ref idref="fl-3"/>
      </object_component>
      <object_component id="oc-270">
         <name>.debug_info</name>
         <load_address>0x5824</load_address>
         <run_address>0x5824</run_address>
         <size>0xea</size>
         <input_file_ref idref="fl-3"/>
      </object_component>
      <object_component id="oc-12d">
         <name>.debug_info</name>
         <load_address>0x590e</load_address>
         <run_address>0x590e</run_address>
         <size>0xc58</size>
         <input_file_ref idref="fl-3"/>
      </object_component>
      <object_component id="oc-183">
         <name>.debug_info</name>
         <load_address>0x6566</load_address>
         <run_address>0x6566</run_address>
         <size>0x60e</size>
         <input_file_ref idref="fl-3"/>
      </object_component>
      <object_component id="oc-188">
         <name>.debug_info</name>
         <load_address>0x6b74</load_address>
         <run_address>0x6b74</run_address>
         <size>0x4de</size>
         <input_file_ref idref="fl-3"/>
      </object_component>
      <object_component id="oc-210">
         <name>.debug_info</name>
         <load_address>0x7052</load_address>
         <run_address>0x7052</run_address>
         <size>0x375</size>
         <input_file_ref idref="fl-3"/>
      </object_component>
      <object_component id="oc-d6">
         <name>.debug_info</name>
         <load_address>0x73c7</load_address>
         <run_address>0x73c7</run_address>
         <size>0x2c</size>
         <input_file_ref idref="fl-3"/>
      </object_component>
      <object_component id="oc-2c0">
         <name>.debug_info</name>
         <load_address>0x73f3</load_address>
         <run_address>0x73f3</run_address>
         <size>0x38f</size>
         <input_file_ref idref="fl-3"/>
      </object_component>
      <object_component id="oc-192">
         <name>.debug_info</name>
         <load_address>0x7782</load_address>
         <run_address>0x7782</run_address>
         <size>0x437</size>
         <input_file_ref idref="fl-3"/>
      </object_component>
      <object_component id="oc-1d5">
         <name>.debug_info</name>
         <load_address>0x7bb9</load_address>
         <run_address>0x7bb9</run_address>
         <size>0x15f</size>
         <input_file_ref idref="fl-3"/>
      </object_component>
      <object_component id="oc-1fb">
         <name>.debug_info</name>
         <load_address>0x7d18</load_address>
         <run_address>0x7d18</run_address>
         <size>0x44e</size>
         <input_file_ref idref="fl-3"/>
      </object_component>
      <object_component id="oc-19c">
         <name>.debug_info</name>
         <load_address>0x8166</load_address>
         <run_address>0x8166</run_address>
         <size>0x3d3</size>
         <input_file_ref idref="fl-3"/>
      </object_component>
      <object_component id="oc-1f4">
         <name>.debug_info</name>
         <load_address>0x8539</load_address>
         <run_address>0x8539</run_address>
         <size>0x2e3</size>
         <input_file_ref idref="fl-3"/>
      </object_component>
      <object_component id="oc-287">
         <name>.debug_info</name>
         <load_address>0x881c</load_address>
         <run_address>0x881c</run_address>
         <size>0x26c</size>
         <input_file_ref idref="fl-3"/>
      </object_component>
      <object_component id="oc-17c">
         <name>.debug_info</name>
         <load_address>0x8a88</load_address>
         <run_address>0x8a88</run_address>
         <size>0x2ee</size>
         <input_file_ref idref="fl-4"/>
      </object_component>
      <object_component id="oc-1de">
         <name>.debug_info</name>
         <load_address>0x8d76</load_address>
         <run_address>0x8d76</run_address>
         <size>0xe1</size>
         <input_file_ref idref="fl-4"/>
      </object_component>
      <object_component id="oc-1db">
         <name>.debug_info</name>
         <load_address>0x8e57</load_address>
         <run_address>0x8e57</run_address>
         <size>0xe5</size>
         <input_file_ref idref="fl-4"/>
      </object_component>
      <object_component id="oc-109">
         <name>.debug_info</name>
         <load_address>0x8f3c</load_address>
         <run_address>0x8f3c</run_address>
         <size>0xc22</size>
         <input_file_ref idref="fl-4"/>
      </object_component>
      <object_component id="oc-bc">
         <name>.debug_info</name>
         <load_address>0x9b5e</load_address>
         <run_address>0x9b5e</run_address>
         <size>0x18c</size>
         <input_file_ref idref="fl-4"/>
      </object_component>
      <object_component id="oc-16f">
         <name>.debug_info</name>
         <load_address>0x9cea</load_address>
         <run_address>0x9cea</run_address>
         <size>0x2cf</size>
         <input_file_ref idref="fl-4"/>
      </object_component>
      <object_component id="oc-1d4">
         <name>.debug_info</name>
         <load_address>0x9fb9</load_address>
         <run_address>0x9fb9</run_address>
         <size>0x2dc</size>
         <input_file_ref idref="fl-5"/>
      </object_component>
      <object_component id="oc-104">
         <name>.debug_info</name>
         <load_address>0xa295</load_address>
         <run_address>0xa295</run_address>
         <size>0x152d</size>
         <input_file_ref idref="fl-5"/>
      </object_component>
      <object_component id="oc-353">
         <name>.debug_info</name>
         <load_address>0xb7c2</load_address>
         <run_address>0xb7c2</run_address>
         <size>0x2ab</size>
         <input_file_ref idref="fl-6"/>
      </object_component>
      <object_component id="oc-2a1">
         <name>.debug_info</name>
         <load_address>0xba6d</load_address>
         <run_address>0xba6d</run_address>
         <size>0x3b8</size>
         <input_file_ref idref="fl-6"/>
      </object_component>
      <object_component id="oc-366">
         <name>.debug_info</name>
         <load_address>0xbe25</load_address>
         <run_address>0xbe25</run_address>
         <size>0x22c</size>
         <input_file_ref idref="fl-6"/>
      </object_component>
      <object_component id="oc-b5">
         <name>.debug_info</name>
         <load_address>0xc051</load_address>
         <run_address>0xc051</run_address>
         <size>0x100</size>
         <input_file_ref idref="fl-7"/>
      </object_component>
      <object_component id="oc-354">
         <name>.debug_info</name>
         <load_address>0xc151</load_address>
         <run_address>0xc151</run_address>
         <size>0x280</size>
         <input_file_ref idref="fl-8"/>
      </object_component>
      <object_component id="oc-36d">
         <name>.debug_info</name>
         <load_address>0xc3d1</load_address>
         <run_address>0xc3d1</run_address>
         <size>0x155</size>
         <input_file_ref idref="fl-8"/>
      </object_component>
      <object_component id="oc-2a6">
         <name>.debug_info</name>
         <load_address>0xc526</load_address>
         <run_address>0xc526</run_address>
         <size>0x116</size>
         <input_file_ref idref="fl-8"/>
      </object_component>
      <object_component id="oc-2b5">
         <name>.debug_info</name>
         <load_address>0xc63c</load_address>
         <run_address>0xc63c</run_address>
         <size>0x5dc</size>
         <input_file_ref idref="fl-9"/>
      </object_component>
      <object_component id="oc-2ab">
         <name>.debug_info</name>
         <load_address>0xcc18</load_address>
         <run_address>0xcc18</run_address>
         <size>0x515</size>
         <input_file_ref idref="fl-9"/>
      </object_component>
      <object_component id="oc-15b">
         <name>.debug_info</name>
         <load_address>0xd12d</load_address>
         <run_address>0xd12d</run_address>
         <size>0x435</size>
         <input_file_ref idref="fl-9"/>
      </object_component>
      <object_component id="oc-1b0">
         <name>.debug_info</name>
         <load_address>0xd562</load_address>
         <run_address>0xd562</run_address>
         <size>0x551</size>
         <input_file_ref idref="fl-9"/>
      </object_component>
      <object_component id="oc-165">
         <name>.debug_info</name>
         <load_address>0xdab3</load_address>
         <run_address>0xdab3</run_address>
         <size>0x6a6</size>
         <input_file_ref idref="fl-9"/>
      </object_component>
      <object_component id="oc-16a">
         <name>.debug_info</name>
         <load_address>0xe159</load_address>
         <run_address>0xe159</run_address>
         <size>0x13e</size>
         <input_file_ref idref="fl-9"/>
      </object_component>
      <object_component id="oc-56">
         <name>.debug_info</name>
         <load_address>0xe297</load_address>
         <run_address>0xe297</run_address>
         <size>0x84</size>
         <input_file_ref idref="fl-a"/>
      </object_component>
      <object_component id="oc-f3">
         <name>.debug_info</name>
         <load_address>0xe31b</load_address>
         <run_address>0xe31b</run_address>
         <size>0x302</size>
         <input_file_ref idref="fl-b"/>
      </object_component>
      <object_component id="oc-86">
         <name>.debug_info</name>
         <load_address>0xe61d</load_address>
         <run_address>0xe61d</run_address>
         <size>0xb29</size>
         <input_file_ref idref="fl-b"/>
      </object_component>
      <object_component id="oc-26">
         <name>.debug_info</name>
         <load_address>0xf146</load_address>
         <run_address>0xf146</run_address>
         <size>0x189</size>
         <input_file_ref idref="fl-b"/>
      </object_component>
      <object_component id="oc-156">
         <name>.debug_info</name>
         <load_address>0xf2cf</load_address>
         <run_address>0xf2cf</run_address>
         <size>0x1de</size>
         <input_file_ref idref="fl-b"/>
      </object_component>
      <object_component id="oc-ee">
         <name>.debug_info</name>
         <load_address>0xf4ad</load_address>
         <run_address>0xf4ad</run_address>
         <size>0x129</size>
         <input_file_ref idref="fl-b"/>
      </object_component>
      <object_component id="oc-17a">
         <name>.debug_info</name>
         <load_address>0xf5d6</load_address>
         <run_address>0xf5d6</run_address>
         <size>0x2d8</size>
         <input_file_ref idref="fl-c"/>
      </object_component>
      <object_component id="oc-af">
         <name>.debug_info</name>
         <load_address>0xf8ae</load_address>
         <run_address>0xf8ae</run_address>
         <size>0x6e1</size>
         <input_file_ref idref="fl-c"/>
      </object_component>
      <object_component id="oc-30">
         <name>.debug_info</name>
         <load_address>0xff8f</load_address>
         <run_address>0xff8f</run_address>
         <size>0x241</size>
         <input_file_ref idref="fl-c"/>
      </object_component>
      <object_component id="oc-1f3">
         <name>.debug_info</name>
         <load_address>0x101d0</load_address>
         <run_address>0x101d0</run_address>
         <size>0x318</size>
         <input_file_ref idref="fl-d"/>
      </object_component>
      <object_component id="oc-1ed">
         <name>.debug_info</name>
         <load_address>0x104e8</load_address>
         <run_address>0x104e8</run_address>
         <size>0xec</size>
         <input_file_ref idref="fl-d"/>
      </object_component>
      <object_component id="oc-1f0">
         <name>.debug_info</name>
         <load_address>0x105d4</load_address>
         <run_address>0x105d4</run_address>
         <size>0xec</size>
         <input_file_ref idref="fl-d"/>
      </object_component>
      <object_component id="oc-1e7">
         <name>.debug_info</name>
         <load_address>0x106c0</load_address>
         <run_address>0x106c0</run_address>
         <size>0xe0</size>
         <input_file_ref idref="fl-d"/>
      </object_component>
      <object_component id="oc-1ea">
         <name>.debug_info</name>
         <load_address>0x107a0</load_address>
         <run_address>0x107a0</run_address>
         <size>0xe1</size>
         <input_file_ref idref="fl-d"/>
      </object_component>
      <object_component id="oc-110">
         <name>.debug_info</name>
         <load_address>0x10881</load_address>
         <run_address>0x10881</run_address>
         <size>0xe39</size>
         <input_file_ref idref="fl-d"/>
      </object_component>
      <object_component id="oc-355">
         <name>.debug_info</name>
         <load_address>0x116ba</load_address>
         <run_address>0x116ba</run_address>
         <size>0x290</size>
         <input_file_ref idref="fl-e"/>
      </object_component>
      <object_component id="oc-2b0">
         <name>.debug_info</name>
         <load_address>0x1194a</load_address>
         <run_address>0x1194a</run_address>
         <size>0x2e2</size>
         <input_file_ref idref="fl-e"/>
      </object_component>
      <object_component id="oc-374">
         <name>.debug_info</name>
         <load_address>0x11c2c</load_address>
         <run_address>0x11c2c</run_address>
         <size>0x34f</size>
         <input_file_ref idref="fl-e"/>
      </object_component>
      <object_component id="oc-1fa">
         <name>.debug_info</name>
         <load_address>0x11f7b</load_address>
         <run_address>0x11f7b</run_address>
         <size>0x2e6</size>
         <input_file_ref idref="fl-11"/>
      </object_component>
      <object_component id="oc-117">
         <name>.debug_info</name>
         <load_address>0x12261</load_address>
         <run_address>0x12261</run_address>
         <size>0xade</size>
         <input_file_ref idref="fl-11"/>
      </object_component>
      <object_component id="oc-149">
         <name>.debug_info</name>
         <load_address>0x12d3f</load_address>
         <run_address>0x12d3f</run_address>
         <size>0x5a1</size>
         <input_file_ref idref="fl-12"/>
      </object_component>
      <object_component id="oc-9e">
         <name>.debug_info</name>
         <load_address>0x132e0</load_address>
         <run_address>0x132e0</run_address>
         <size>0x13dd</size>
         <input_file_ref idref="fl-12"/>
      </object_component>
      <object_component id="oc-18d">
         <name>.debug_info</name>
         <load_address>0x146bd</load_address>
         <run_address>0x146bd</run_address>
         <size>0x3ce</size>
         <input_file_ref idref="fl-12"/>
      </object_component>
      <object_component id="oc-27d">
         <name>.debug_info</name>
         <load_address>0x14a8b</load_address>
         <run_address>0x14a8b</run_address>
         <size>0x306</size>
         <input_file_ref idref="fl-12"/>
      </object_component>
      <object_component id="oc-29c">
         <name>.debug_info</name>
         <load_address>0x14d91</load_address>
         <run_address>0x14d91</run_address>
         <size>0x7cd</size>
         <input_file_ref idref="fl-12"/>
      </object_component>
      <object_component id="oc-14a">
         <name>.debug_info</name>
         <load_address>0x1555e</load_address>
         <run_address>0x1555e</run_address>
         <size>0x673</size>
         <input_file_ref idref="fl-12"/>
      </object_component>
      <object_component id="oc-1bd">
         <name>.debug_info</name>
         <load_address>0x15bd1</load_address>
         <run_address>0x15bd1</run_address>
         <size>0x37b</size>
         <input_file_ref idref="fl-12"/>
      </object_component>
      <object_component id="oc-197">
         <name>.debug_info</name>
         <load_address>0x15f4c</load_address>
         <run_address>0x15f4c</run_address>
         <size>0x1ca</size>
         <input_file_ref idref="fl-12"/>
      </object_component>
      <object_component id="oc-1a6">
         <name>.debug_info</name>
         <load_address>0x16116</load_address>
         <run_address>0x16116</run_address>
         <size>0x1de</size>
         <input_file_ref idref="fl-12"/>
      </object_component>
      <object_component id="oc-1b5">
         <name>.debug_info</name>
         <load_address>0x162f4</load_address>
         <run_address>0x162f4</run_address>
         <size>0x17a</size>
         <input_file_ref idref="fl-12"/>
      </object_component>
      <object_component id="oc-180">
         <name>.debug_info</name>
         <load_address>0x1646e</load_address>
         <run_address>0x1646e</run_address>
         <size>0x26c</size>
         <input_file_ref idref="fl-14"/>
      </object_component>
      <object_component id="oc-e0">
         <name>.debug_info</name>
         <load_address>0x166da</load_address>
         <run_address>0x166da</run_address>
         <size>0x1e3</size>
         <input_file_ref idref="fl-14"/>
      </object_component>
      <object_component id="oc-1a1">
         <name>.debug_info</name>
         <load_address>0x168bd</load_address>
         <run_address>0x168bd</run_address>
         <size>0x3a4</size>
         <input_file_ref idref="fl-14"/>
      </object_component>
      <object_component id="oc-2c7">
         <name>.debug_info</name>
         <load_address>0x16c61</load_address>
         <run_address>0x16c61</run_address>
         <size>0x2c7</size>
         <input_file_ref idref="fl-14"/>
      </object_component>
      <object_component id="oc-27a">
         <name>.debug_info</name>
         <load_address>0x16f28</load_address>
         <run_address>0x16f28</run_address>
         <size>0x310</size>
         <input_file_ref idref="fl-15"/>
      </object_component>
      <object_component id="oc-276">
         <name>.debug_info</name>
         <load_address>0x17238</load_address>
         <run_address>0x17238</run_address>
         <size>0xe4</size>
         <input_file_ref idref="fl-15"/>
      </object_component>
      <object_component id="oc-134">
         <name>.debug_info</name>
         <load_address>0x1731c</load_address>
         <run_address>0x1731c</run_address>
         <size>0x333</size>
         <input_file_ref idref="fl-15"/>
      </object_component>
      <object_component id="oc-35">
         <name>.debug_info</name>
         <load_address>0x1764f</load_address>
         <run_address>0x1764f</run_address>
         <size>0x44d</size>
         <input_file_ref idref="fl-16"/>
      </object_component>
      <object_component id="oc-20a">
         <name>.debug_info</name>
         <load_address>0x17a9c</load_address>
         <run_address>0x17a9c</run_address>
         <size>0x321</size>
         <input_file_ref idref="fl-17"/>
      </object_component>
      <object_component id="oc-207">
         <name>.debug_info</name>
         <load_address>0x17dbd</load_address>
         <run_address>0x17dbd</run_address>
         <size>0xe8</size>
         <input_file_ref idref="fl-17"/>
      </object_component>
      <object_component id="oc-11b">
         <name>.debug_info</name>
         <load_address>0x17ea5</load_address>
         <run_address>0x17ea5</run_address>
         <size>0xd03</size>
         <input_file_ref idref="fl-17"/>
      </object_component>
      <object_component id="oc-2fd">
         <name>.debug_info</name>
         <load_address>0x18ba8</load_address>
         <run_address>0x18ba8</run_address>
         <size>0x91</size>
         <input_file_ref idref="fl-17"/>
      </object_component>
      <object_component id="oc-20f">
         <name>.debug_info</name>
         <load_address>0x18c39</load_address>
         <run_address>0x18c39</run_address>
         <size>0x2bc</size>
         <input_file_ref idref="fl-18"/>
      </object_component>
      <object_component id="oc-20c">
         <name>.debug_info</name>
         <load_address>0x18ef5</load_address>
         <run_address>0x18ef5</run_address>
         <size>0xe4</size>
         <input_file_ref idref="fl-18"/>
      </object_component>
      <object_component id="oc-122">
         <name>.debug_info</name>
         <load_address>0x18fd9</load_address>
         <run_address>0x18fd9</run_address>
         <size>0x1101</size>
         <input_file_ref idref="fl-18"/>
      </object_component>
      <object_component id="oc-30b">
         <name>.debug_info</name>
         <load_address>0x1a0da</load_address>
         <run_address>0x1a0da</run_address>
         <size>0xb9</size>
         <input_file_ref idref="fl-18"/>
      </object_component>
      <object_component id="oc-74">
         <name>.debug_info</name>
         <load_address>0x1a193</load_address>
         <run_address>0x1a193</run_address>
         <size>0x7f5</size>
         <input_file_ref idref="fl-19"/>
      </object_component>
      <object_component id="oc-3a">
         <name>.debug_info</name>
         <load_address>0x1a988</load_address>
         <run_address>0x1a988</run_address>
         <size>0x108</size>
         <input_file_ref idref="fl-1b"/>
      </object_component>
      <object_component id="oc-13e">
         <name>.debug_info</name>
         <load_address>0x1aa90</load_address>
         <run_address>0x1aa90</run_address>
         <size>0x69d</size>
         <input_file_ref idref="fl-1c"/>
      </object_component>
      <object_component id="oc-91">
         <name>.debug_info</name>
         <load_address>0x1b12d</load_address>
         <run_address>0x1b12d</run_address>
         <size>0x3f8</size>
         <input_file_ref idref="fl-1c"/>
      </object_component>
      <object_component id="oc-2cc">
         <name>.debug_info</name>
         <load_address>0x1b525</load_address>
         <run_address>0x1b525</run_address>
         <size>0x28b</size>
         <input_file_ref idref="fl-1e"/>
      </object_component>
      <object_component id="oc-35a">
         <name>.debug_info</name>
         <load_address>0x1b7b0</load_address>
         <run_address>0x1b7b0</run_address>
         <size>0x242</size>
         <input_file_ref idref="fl-1e"/>
      </object_component>
      <object_component id="oc-1ab">
         <name>.debug_info</name>
         <load_address>0x1b9f2</load_address>
         <run_address>0x1b9f2</run_address>
         <size>0x2af</size>
         <input_file_ref idref="fl-1e"/>
      </object_component>
      <object_component id="oc-40">
         <name>.debug_info</name>
         <load_address>0x1bca1</load_address>
         <run_address>0x1bca1</run_address>
         <size>0x13a</size>
         <input_file_ref idref="fl-1f"/>
      </object_component>
      <object_component id="oc-e8">
         <name>.debug_info</name>
         <load_address>0x1bddb</load_address>
         <run_address>0x1bddb</run_address>
         <size>0x367</size>
         <input_file_ref idref="fl-21"/>
      </object_component>
      <object_component id="oc-ec">
         <name>.debug_info</name>
         <load_address>0x1c142</load_address>
         <run_address>0x1c142</run_address>
         <size>0x648</size>
         <input_file_ref idref="fl-22"/>
      </object_component>
      <object_component id="oc-7f">
         <name>.debug_info</name>
         <load_address>0x1c78a</load_address>
         <run_address>0x1c78a</run_address>
         <size>0x2e8c</size>
         <input_file_ref idref="fl-22"/>
      </object_component>
      <object_component id="oc-1f">
         <name>.debug_info</name>
         <load_address>0x1f616</load_address>
         <run_address>0x1f616</run_address>
         <size>0x5bf</size>
         <input_file_ref idref="fl-23"/>
      </object_component>
      <object_component id="oc-ab">
         <name>.debug_info</name>
         <load_address>0x1fbd5</load_address>
         <run_address>0x1fbd5</run_address>
         <size>0x5ed</size>
         <input_file_ref idref="fl-24"/>
      </object_component>
      <object_component id="oc-2b">
         <name>.debug_info</name>
         <load_address>0x201c2</load_address>
         <run_address>0x201c2</run_address>
         <size>0xe2</size>
         <input_file_ref idref="fl-24"/>
      </object_component>
      <object_component id="oc-46">
         <name>.debug_info</name>
         <load_address>0x202a4</load_address>
         <run_address>0x202a4</run_address>
         <size>0x474</size>
         <input_file_ref idref="fl-24"/>
      </object_component>
      <object_component id="oc-4b">
         <name>.debug_info</name>
         <load_address>0x20718</load_address>
         <run_address>0x20718</run_address>
         <size>0x1fd</size>
         <input_file_ref idref="fl-24"/>
      </object_component>
      <object_component id="oc-174">
         <name>.debug_info</name>
         <load_address>0x20915</load_address>
         <run_address>0x20915</run_address>
         <size>0x4f</size>
         <input_file_ref idref="fl-24"/>
      </object_component>
      <object_component id="oc-e5">
         <name>.debug_info</name>
         <load_address>0x20964</load_address>
         <run_address>0x20964</run_address>
         <size>0x4f5</size>
         <input_file_ref idref="fl-25"/>
      </object_component>
      <object_component id="oc-79">
         <name>.debug_info</name>
         <load_address>0x20e59</load_address>
         <run_address>0x20e59</run_address>
         <size>0x733</size>
         <input_file_ref idref="fl-25"/>
      </object_component>
      <object_component id="oc-101">
         <name>.debug_info</name>
         <load_address>0x2158c</load_address>
         <run_address>0x2158c</run_address>
         <size>0x483</size>
         <input_file_ref idref="fl-33"/>
      </object_component>
      <object_component id="oc-8c">
         <name>.debug_info</name>
         <load_address>0x21a0f</load_address>
         <run_address>0x21a0f</run_address>
         <size>0x190</size>
         <input_file_ref idref="fl-33"/>
      </object_component>
      <object_component id="oc-1c9">
         <name>.debug_info</name>
         <load_address>0x21b9f</load_address>
         <run_address>0x21b9f</run_address>
         <size>0x39</size>
         <input_file_ref idref="fl-33"/>
      </object_component>
      <object_component id="oc-2d4">
         <name>.debug_info</name>
         <load_address>0x21bd8</load_address>
         <run_address>0x21bd8</run_address>
         <size>0x39</size>
         <input_file_ref idref="fl-33"/>
      </object_component>
      <object_component id="oc-1ce">
         <name>.debug_info</name>
         <load_address>0x21c11</load_address>
         <run_address>0x21c11</run_address>
         <size>0xcd</size>
         <input_file_ref idref="fl-33"/>
      </object_component>
      <object_component id="oc-cc">
         <name>.debug_info</name>
         <load_address>0x21cde</load_address>
         <run_address>0x21cde</run_address>
         <size>0x293</size>
         <input_file_ref idref="fl-34"/>
      </object_component>
      <object_component id="oc-10">
         <name>.debug_info</name>
         <load_address>0x21f71</load_address>
         <run_address>0x21f71</run_address>
         <size>0x245</size>
         <input_file_ref idref="fl-34"/>
      </object_component>
      <object_component id="oc-51">
         <name>.debug_info</name>
         <load_address>0x221b6</load_address>
         <run_address>0x221b6</run_address>
         <size>0x60</size>
         <input_file_ref idref="fl-34"/>
      </object_component>
      <object_component id="oc-c7">
         <name>.debug_info</name>
         <load_address>0x22216</load_address>
         <run_address>0x22216</run_address>
         <size>0x46</size>
         <input_file_ref idref="fl-34"/>
      </object_component>
      <object_component id="oc-66">
         <name>.debug_info</name>
         <load_address>0x2225c</load_address>
         <run_address>0x2225c</run_address>
         <size>0x2d5</size>
         <input_file_ref idref="fl-35"/>
      </object_component>
      <object_component id="oc-14">
         <name>.debug_info</name>
         <load_address>0x22531</load_address>
         <run_address>0x22531</run_address>
         <size>0x1ca</size>
         <input_file_ref idref="fl-35"/>
      </object_component>
      <object_component id="oc-61">
         <name>.debug_info</name>
         <load_address>0x226fb</load_address>
         <run_address>0x226fb</run_address>
         <size>0x46</size>
         <input_file_ref idref="fl-35"/>
      </object_component>
      <object_component id="oc-ce">
         <name>.debug_info</name>
         <load_address>0x22741</load_address>
         <run_address>0x22741</run_address>
         <size>0x2c</size>
         <input_file_ref idref="fl-35"/>
      </object_component>
      <object_component id="oc-72">
         <name>.debug_info</name>
         <load_address>0x2276d</load_address>
         <run_address>0x2276d</run_address>
         <size>0x2c9</size>
         <input_file_ref idref="fl-36"/>
      </object_component>
      <object_component id="oc-19">
         <name>.debug_info</name>
         <load_address>0x22a36</load_address>
         <run_address>0x22a36</run_address>
         <size>0x1aa</size>
         <input_file_ref idref="fl-36"/>
      </object_component>
      <object_component id="oc-6d">
         <name>.debug_info</name>
         <load_address>0x22be0</load_address>
         <run_address>0x22be0</run_address>
         <size>0x46</size>
         <input_file_ref idref="fl-36"/>
      </object_component>
      <object_component id="oc-1c5">
         <name>.debug_info</name>
         <load_address>0x22c26</load_address>
         <run_address>0x22c26</run_address>
         <size>0x37a</size>
         <input_file_ref idref="fl-37"/>
      </object_component>
      <object_component id="oc-f5">
         <name>.debug_info</name>
         <load_address>0x22fa0</load_address>
         <run_address>0x22fa0</run_address>
         <size>0x183</size>
         <input_file_ref idref="fl-37"/>
      </object_component>
      <object_component id="oc-2cf">
         <name>.debug_info</name>
         <load_address>0x23123</load_address>
         <run_address>0x23123</run_address>
         <size>0x2c</size>
         <input_file_ref idref="fl-37"/>
      </object_component>
      <object_component id="oc-146">
         <name>.debug_info</name>
         <load_address>0x2314f</load_address>
         <run_address>0x2314f</run_address>
         <size>0x3ce</size>
         <input_file_ref idref="fl-38"/>
      </object_component>
      <object_component id="oc-140">
         <name>.debug_info</name>
         <load_address>0x2351d</load_address>
         <run_address>0x2351d</run_address>
         <size>0x185</size>
         <input_file_ref idref="fl-38"/>
      </object_component>
      <object_component id="oc-97">
         <name>.debug_info</name>
         <load_address>0x236a2</load_address>
         <run_address>0x236a2</run_address>
         <size>0x214</size>
         <input_file_ref idref="fl-38"/>
      </object_component>
      <object_component id="oc-5c">
         <name>.debug_info</name>
         <load_address>0x238b6</load_address>
         <run_address>0x238b6</run_address>
         <size>0x111</size>
         <input_file_ref idref="fl-39"/>
      </object_component>
      <object_component id="oc-68">
         <name>.debug_info</name>
         <load_address>0x239c7</load_address>
         <run_address>0x239c7</run_address>
         <size>0x13f</size>
         <input_file_ref idref="fl-3a"/>
      </object_component>
      <object_component id="oc-311">
         <name>.debug_info</name>
         <load_address>0x23b06</load_address>
         <run_address>0x23b06</run_address>
         <size>0x2cd</size>
         <input_file_ref idref="fl-3b"/>
      </object_component>
      <object_component id="oc-217">
         <name>.debug_info</name>
         <load_address>0x23dd3</load_address>
         <run_address>0x23dd3</run_address>
         <size>0x190</size>
         <input_file_ref idref="fl-3b"/>
      </object_component>
      <object_component id="oc-2f3">
         <name>.debug_info</name>
         <load_address>0x23f63</load_address>
         <run_address>0x23f63</run_address>
         <size>0x39</size>
         <input_file_ref idref="fl-3b"/>
      </object_component>
      <object_component id="oc-2f8">
         <name>.debug_info</name>
         <load_address>0x23f9c</load_address>
         <run_address>0x23f9c</run_address>
         <size>0x2ce</size>
         <input_file_ref idref="fl-3c"/>
      </object_component>
      <object_component id="oc-202">
         <name>.debug_info</name>
         <load_address>0x2426a</load_address>
         <run_address>0x2426a</run_address>
         <size>0x195</size>
         <input_file_ref idref="fl-3c"/>
      </object_component>
      <object_component id="oc-fb">
         <name>.debug_info</name>
         <load_address>0x243ff</load_address>
         <run_address>0x243ff</run_address>
         <size>0x145</size>
         <input_file_ref idref="fl-3d"/>
      </object_component>
      <object_component id="oc-1e4">
         <name>.debug_info</name>
         <load_address>0x24544</load_address>
         <run_address>0x24544</run_address>
         <size>0x149</size>
         <input_file_ref idref="fl-3e"/>
      </object_component>
      <object_component id="oc-296">
         <name>.debug_info</name>
         <load_address>0x2468d</load_address>
         <run_address>0x2468d</run_address>
         <size>0x2be</size>
         <input_file_ref idref="fl-3f"/>
      </object_component>
      <object_component id="oc-143">
         <name>.debug_info</name>
         <load_address>0x2494b</load_address>
         <run_address>0x2494b</run_address>
         <size>0x113</size>
         <input_file_ref idref="fl-3f"/>
      </object_component>
      <object_component id="oc-290">
         <name>.debug_info</name>
         <load_address>0x24a5e</load_address>
         <run_address>0x24a5e</run_address>
         <size>0x21f</size>
         <input_file_ref idref="fl-3f"/>
      </object_component>
      <object_component id="oc-2e3">
         <name>.debug_info</name>
         <load_address>0x24c7d</load_address>
         <run_address>0x24c7d</run_address>
         <size>0x147</size>
         <input_file_ref idref="fl-40"/>
      </object_component>
      <object_component id="oc-399">
         <name>.debug_info</name>
         <load_address>0x24dc4</load_address>
         <run_address>0x24dc4</run_address>
         <size>0xa7</size>
      </object_component>
      <object_component id="oc-345">
         <name>.debug_line</name>
         <load_address>0x0</load_address>
         <run_address>0x0</run_address>
         <size>0x138</size>
         <input_file_ref idref="fl-2"/>
      </object_component>
      <object_component id="oc-313">
         <name>.debug_line</name>
         <load_address>0x138</load_address>
         <run_address>0x138</run_address>
         <size>0x33</size>
         <input_file_ref idref="fl-2"/>
      </object_component>
      <object_component id="oc-315">
         <name>.debug_line</name>
         <load_address>0x16b</load_address>
         <run_address>0x16b</run_address>
         <size>0x33</size>
         <input_file_ref idref="fl-2"/>
      </object_component>
      <object_component id="oc-317">
         <name>.debug_line</name>
         <load_address>0x19e</load_address>
         <run_address>0x19e</run_address>
         <size>0x33</size>
         <input_file_ref idref="fl-2"/>
      </object_component>
      <object_component id="oc-319">
         <name>.debug_line</name>
         <load_address>0x1d1</load_address>
         <run_address>0x1d1</run_address>
         <size>0x33</size>
         <input_file_ref idref="fl-2"/>
      </object_component>
      <object_component id="oc-31b">
         <name>.debug_line</name>
         <load_address>0x204</load_address>
         <run_address>0x204</run_address>
         <size>0x33</size>
         <input_file_ref idref="fl-2"/>
      </object_component>
      <object_component id="oc-31d">
         <name>.debug_line</name>
         <load_address>0x237</load_address>
         <run_address>0x237</run_address>
         <size>0x33</size>
         <input_file_ref idref="fl-2"/>
      </object_component>
      <object_component id="oc-31f">
         <name>.debug_line</name>
[...]
         <value>0xc7b0</value>
         <object_component_ref idref="oc-73"/>
      </symbol>
      <symbol id="sm-87e">
         <name>_coreEnableVfp_</name>
         <value>0xc710</value>
         <object_component_ref idref="oc-73"/>
      </symbol>
      <symbol id="sm-87f">
         <name>_coreClearAuxiliaryDataFault_</name>
         <value>0xc7f4</value>
         <object_component_ref idref="oc-73"/>
      </symbol>
      <symbol id="sm-880">
         <name>_coreEnableEventBusExport_</name>
         <value>0xc728</value>
         <object_component_ref idref="oc-73"/>
      </symbol>
      <symbol id="sm-88d">
         <name>resetEntry</name>
         <value>0x0</value>
         <object_component_ref idref="oc-39"/>
      </symbol>
      <symbol id="sm-8a0">
         <name>main</name>
         <value>0xce0c</value>
         <object_component_ref idref="oc-90"/>
      </symbol>
      <symbol id="sm-8b9">
         <name>phantomInterrupt</name>
         <value>0xde90</value>
         <object_component_ref idref="oc-3e"/>
      </symbol>
      <symbol id="sm-8c3">
         <name>_pmuResetCounters_</name>
         <value>0xda50</value>
         <object_component_ref idref="oc-e6"/>
      </symbol>
      <symbol id="sm-8c4">
         <name>_pmuGetEventCount_</name>
         <value>0xda84</value>
         <object_component_ref idref="oc-e6"/>
      </symbol>
      <symbol id="sm-8c5">
         <name>_pmuResetEventCounters_</name>
         <value>0xda40</value>
         <object_component_ref idref="oc-e6"/>
      </symbol>
      <symbol id="sm-8c6">
         <name>_pmuStopCounters_</name>
         <value>0xda68</value>
         <object_component_ref idref="oc-e6"/>
      </symbol>
      <symbol id="sm-8c7">
         <name>_pmuInit_</name>
         <value>0xd9c4</value>
         <object_component_ref idref="oc-e6"/>
      </symbol>
      <symbol id="sm-8c8">
         <name>_pmuGetOverflow_</name>
         <value>0xda90</value>
         <object_component_ref idref="oc-e6"/>
      </symbol>
      <symbol id="sm-8c9">
         <name>_pmuResetCycleCounter_</name>
         <value>0xda30</value>
         <object_component_ref idref="oc-e6"/>
      </symbol>
      <symbol id="sm-8ca">
         <name>_pmuSetCountEvent_</name>
         <value>0xda70</value>
         <object_component_ref idref="oc-e6"/>
      </symbol>
      <symbol id="sm-8cb">
         <name>_pmuGetCycleCount_</name>
         <value>0xda7c</value>
         <object_component_ref idref="oc-e6"/>
      </symbol>
      <symbol id="sm-8cc">
         <name>_pmuEnableCountersGlobal_</name>
         <value>0xda10</value>
         <object_component_ref idref="oc-e6"/>
      </symbol>
      <symbol id="sm-8cd">
         <name>_pmuDisableCountersGlobal_</name>
         <value>0xda20</value>
         <object_component_ref idref="oc-e6"/>
      </symbol>
      <symbol id="sm-8ce">
         <name>_pmuStartCounters_</name>
         <value>0xda60</value>
         <object_component_ref idref="oc-e6"/>
      </symbol>
      <symbol id="sm-a8e">
         <name>pbistSelfCheck</name>
         <value>0x2cc</value>
         <object_component_ref idref="oc-7e"/>
      </symbol>
      <symbol id="sm-a8f">
         <name>fmcBus1ParityCheck</name>
         <value>0x22c4</value>
         <object_component_ref idref="oc-7e"/>
      </symbol>
      <symbol id="sm-a90">
         <name>can1ParityCheck</name>
         <value>0x1410</value>
         <object_component_ref idref="oc-7e"/>
      </symbol>
      <symbol id="sm-a91">
         <name>enableParity</name>
         <value>0x2ad0</value>
         <object_component_ref idref="oc-7e"/>
      </symbol>
      <symbol id="sm-a92">
         <name>dmaParityCheck</name>
         <value>0xeac</value>
         <object_component_ref idref="oc-7e"/>
      </symbol>
      <symbol id="sm-a93">
         <name>custom_dabort</name>
         <value>0xdf4</value>
         <object_component_ref idref="oc-7e"/>
      </symbol>
      <symbol id="sm-a94">
         <name>memoryInit</name>
         <value>0x174</value>
         <object_component_ref idref="oc-7e"/>
      </symbol>
      <symbol id="sm-a95">
         <name>stcSelfCheck</name>
         <value>0x1b8</value>
         <object_component_ref idref="oc-7e"/>
      </symbol>
      <symbol id="sm-a96">
         <name>efcGetConfigValue</name>
         <value>0x2660</value>
         <object_component_ref idref="oc-7e"/>
      </symbol>
      <symbol id="sm-a97">
         <name>can2ParityCheck</name>
         <value>0x14e8</value>
         <object_component_ref idref="oc-7e"/>
      </symbol>
      <symbol id="sm-a98">
         <name>het1ParityCheck</name>
         <value>0xf58</value>
         <object_component_ref idref="oc-7e"/>
      </symbol>
      <symbol id="sm-a99">
         <name>adc1ParityCheck</name>
         <value>0x126c</value>
         <object_component_ref idref="oc-7e"/>
      </symbol>
      <symbol id="sm-a9a">
         <name>checkefcSelfTest</name>
         <value>0x7bc</value>
         <object_component_ref idref="oc-7e"/>
      </symbol>
      <symbol id="sm-a9b">
         <name>checkRAMECC</name>
         <value>0x19d0</value>
         <object_component_ref idref="oc-7e"/>
      </symbol>
      <symbol id="sm-a9c">
         <name>stcSelfCheckFail</name>
         <value>0xdf8</value>
         <object_component_ref idref="oc-7e"/>
      </symbol>
      <symbol id="sm-a9d">
         <name>ccmSelfCheck</name>
         <value>0x30</value>
         <object_component_ref idref="oc-7e"/>
      </symbol>
      <symbol id="sm-a9e">
         <name>efcCheck</name>
         <value>0x660</value>
         <object_component_ref idref="oc-7e"/>
      </symbol>
      <symbol id="sm-a9f">
         <name>het2ParityCheck</name>
         <value>0x10c0</value>
         <object_component_ref idref="oc-7e"/>
      </symbol>
      <symbol id="sm-aa0">
         <name>adc2ParityCheck</name>
         <value>0x1358</value>
         <object_component_ref idref="oc-7e"/>
      </symbol>
      <symbol id="sm-aa1">
         <name>cpuSelfTest</name>
         <value>0x234</value>
         <object_component_ref idref="oc-7e"/>
      </symbol>
      <symbol id="sm-aa2">
         <name>htu1ParityCheck</name>
         <value>0x1004</value>
         <object_component_ref idref="oc-7e"/>
      </symbol>
      <symbol id="sm-aa3">
         <name>checkFlashECC</name>
         <value>0xd18</value>
         <object_component_ref idref="oc-7e"/>
      </symbol>
      <symbol id="sm-aa4">
         <name>cpuSelfTestFail</name>
         <value>0xdfc</value>
         <object_component_ref idref="oc-7e"/>
      </symbol>
      <symbol id="sm-aa5">
         <name>checkPLL1Slip</name>
         <value>0x1e8c</value>
         <object_component_ref idref="oc-7e"/>
      </symbol>
      <symbol id="sm-aa6">
         <name>mibspi1ParityCheck</name>
         <value>0x1684</value>
         <object_component_ref idref="oc-7e"/>
      </symbol>
      <symbol id="sm-aa7">
         <name>ccmr4GetConfigValue</name>
         <value>0x26fc</value>
         <object_component_ref idref="oc-7e"/>
      </symbol>
      <symbol id="sm-aa8">
         <name>htu2ParityCheck</name>
         <value>0x11bc</value>
         <object_component_ref idref="oc-7e"/>
      </symbol>
      <symbol id="sm-aa9">
         <name>pbistPortTestStatus</name>
         <value>0x608</value>
         <object_component_ref idref="oc-7e"/>
      </symbol>
      <symbol id="sm-aaa">
         <name>checkFlashEEPROMECC</name>
         <value>0x1cf4</value>
         <object_component_ref idref="oc-7e"/>
      </symbol>
      <symbol id="sm-aab">
         <name>pbistGetConfigValue</name>
         <value>0x2470</value>
         <object_component_ref idref="oc-7e"/>
      </symbol>
      <symbol id="sm-aac">
         <name>vimParityCheck</name>
         <value>0xe00</value>
         <object_component_ref idref="oc-7e"/>
      </symbol>
      <symbol id="sm-aad">
         <name>pbistIsTestCompleted</name>
         <value>0x5a8</value>
         <object_component_ref idref="oc-7e"/>
      </symbol>
      <symbol id="sm-aae">
         <name>disableParity</name>
         <value>0x2b58</value>
         <object_component_ref idref="oc-7e"/>
      </symbol>
      <symbol id="sm-aaf">
         <name>pbistRun</name>
         <value>0x4ac</value>
         <object_component_ref idref="oc-7e"/>
      </symbol>
      <symbol id="sm-ab0">
         <name>pbistFail</name>
         <value>0x23ec</value>
         <object_component_ref idref="oc-7e"/>
      </symbol>
      <symbol id="sm-ab1">
         <name>selftestFailNotification</name>
         <value>0x20</value>
         <object_component_ref idref="oc-7e"/>
      </symbol>
      <symbol id="sm-ab2">
         <name>errata_PBIST_4</name>
         <value>0x276c</value>
         <object_component_ref idref="oc-7e"/>
      </symbol>
      <symbol id="sm-ab3">
         <name>mibspi3ParityCheck</name>
         <value>0x178c</value>
         <object_component_ref idref="oc-7e"/>
      </symbol>
      <symbol id="sm-ab4">
         <name>efcSelfTest</name>
         <value>0x794</value>
         <object_component_ref idref="oc-7e"/>
      </symbol>
      <symbol id="sm-ab5">
         <name>checkB1RAMECC</name>
         <value>0xb28</value>
         <object_component_ref idref="oc-7e"/>
      </symbol>
      <symbol id="sm-ab6">
         <name>pbistStop</name>
         <value>0x578</value>
         <object_component_ref idref="oc-7e"/>
      </symbol>
      <symbol id="sm-ab7">
         <name>can3ParityCheck</name>
         <value>0x15b0</value>
         <object_component_ref idref="oc-7e"/>
      </symbol>
      <symbol id="sm-ab8">
         <name>checkRAMAddrParity</name>
         <value>0x2050</value>
         <object_component_ref idref="oc-7e"/>
      </symbol>
      <symbol id="sm-ab9">
         <name>mibspi5ParityCheck</name>
         <value>0x18b0</value>
         <object_component_ref idref="oc-7e"/>
      </symbol>
      <symbol id="sm-aba">
         <name>checkB0RAMECC</name>
         <value>0x938</value>
         <object_component_ref idref="oc-7e"/>
      </symbol>
      <symbol id="sm-abb">
         <name>stcGetConfigValue</name>
         <value>0x25bc</value>
         <object_component_ref idref="oc-7e"/>
      </symbol>
      <symbol id="sm-abc">
         <name>pbistIsTestPassed</name>
         <value>0x5d4</value>
         <object_component_ref idref="oc-7e"/>
      </symbol>
      <symbol id="sm-abd">
         <name>checkClockMonitor</name>
         <value>0x1c18</value>
         <object_component_ref idref="oc-7e"/>
      </symbol>
      <symbol id="sm-abe">
         <name>fmcECCcheck</name>
         <value>0x898</value>
         <object_component_ref idref="oc-7e"/>
      </symbol>
      <symbol id="sm-abf">
         <name>fmcBus2Check</name>
         <value>0x85c</value>
         <object_component_ref idref="oc-7e"/>
      </symbol>
      <symbol id="sm-ac0">
         <name>checkRAMUERRTest</name>
         <value>0x215c</value>
         <object_component_ref idref="oc-7e"/>
      </symbol>
      <symbol id="sm-ac1">
         <name>efcStuckZeroTest</name>
         <value>0x6e8</value>
         <object_component_ref idref="oc-7e"/>
      </symbol>
      <symbol id="sm-ac2">
         <name>checkPLL2Slip</name>
         <value>0x1f8c</value>
         <object_component_ref idref="oc-7e"/>
      </symbol>
      <symbol id="sm-aec">
         <name>_c_int00</name>
         <value>0xc8e4</value>
         <object_component_ref idref="oc-1e"/>
      </symbol>
      <symbol id="sm-b84">
         <name>vimChannelMap</name>
         <value>0xadc8</value>
         <object_component_ref idref="oc-45"/>
      </symbol>
      <symbol id="sm-b85">
         <name>vimInit</name>
         <value>0xacf4</value>
         <object_component_ref idref="oc-45"/>
      </symbol>
      <symbol id="sm-b86">
         <name>vimEnableInterrupt</name>
         <value>0xae6c</value>
         <object_component_ref idref="oc-45"/>
      </symbol>
      <symbol id="sm-b87">
         <name>vimDisableInterrupt</name>
         <value>0xafc4</value>
         <object_component_ref idref="oc-45"/>
      </symbol>
      <symbol id="sm-b88">
         <name>vimGetConfigValue</name>
         <value>0xb048</value>
         <object_component_ref idref="oc-45"/>
      </symbol>
      <symbol id="sm-b89">
         <name>vimParityErrorHandler</name>
         <value>0xcb7c</value>
         <object_component_ref idref="oc-44"/>
      </symbol>
      <symbol id="sm-be3">
         <name>systemGetConfigValue</name>
         <value>0x90cc</value>
         <object_component_ref idref="oc-78"/>
      </symbol>
      <symbol id="sm-be4">
         <name>trimLPO</name>
         <value>0x8dcc</value>
         <object_component_ref idref="oc-78"/>
      </symbol>
      <symbol id="sm-be5">
         <name>systemInit</name>
         <value>0x8fd0</value>
         <object_component_ref idref="oc-78"/>
      </symbol>
      <symbol id="sm-be6">
         <name>tcmflashGetConfigValue</name>
         <value>0x94e0</value>
         <object_component_ref idref="oc-78"/>
      </symbol>
      <symbol id="sm-be7">
         <name>sramGetConfigValue</name>
         <value>0x968c</value>
         <object_component_ref idref="oc-78"/>
      </symbol>
      <symbol id="sm-be8">
         <name>periphInit</name>
         <value>0x8e54</value>
         <object_component_ref idref="oc-78"/>
      </symbol>
      <symbol id="sm-be9">
         <name>setupFlash</name>
         <value>0x8e14</value>
         <object_component_ref idref="oc-78"/>
      </symbol>
      <symbol id="sm-bea">
         <name>setupPLL</name>
         <value>0x8d6c</value>
         <object_component_ref idref="oc-78"/>
      </symbol>
      <symbol id="sm-beb">
         <name>mapClocks</name>
         <value>0x8ea8</value>
         <object_component_ref idref="oc-78"/>
      </symbol>
      <symbol id="sm-bec">
         <name>systemPowerDown</name>
         <value>0x909c</value>
         <object_component_ref idref="oc-78"/>
      </symbol>
      <symbol id="sm-c1f">
         <name>__TI_auto_init</name>
         <value>0xdc99</value>
         <object_component_ref idref="oc-8a"/>
      </symbol>
      <symbol id="sm-c3d">
         <name>__TI_decompress_lzss</name>
         <value>0xdd09</value>
         <object_component_ref idref="oc-c"/>
      </symbol>
      <symbol id="sm-c54">
         <name>__TI_decompress_none</name>
         <value>0xde75</value>
         <object_component_ref idref="oc-12"/>
      </symbol>
      <symbol id="sm-c66">
         <name>__TI_zero_init</name>
         <value>0xde83</value>
         <object_component_ref idref="oc-18"/>
      </symbol>
      <symbol id="sm-c80">
         <name>copy_in</name>
         <value>0xde15</value>
         <object_component_ref idref="oc-f4"/>
      </symbol>
      <symbol id="sm-ca1">
         <name>C$$EXIT</name>
         <value>0xdd75</value>
         <object_component_ref idref="oc-96"/>
      </symbol>
      <symbol id="sm-ca2">
         <name>abort</name>
         <value>0xdd79</value>
         <object_component_ref idref="oc-96"/>
      </symbol>
      <symbol id="sm-ca3">
         <name>exit</name>
         <value>0xdd81</value>
         <object_component_ref idref="oc-96"/>
      </symbol>
      <symbol id="sm-ca4">
         <name>__TI_dtors_ptr</name>
         <value>0x800179c</value>
         <object_component_ref idref="oc-13f"/>
      </symbol>
      <symbol id="sm-ca5">
         <name>__TI_cleanup_ptr</name>
         <value>0x8001798</value>
         <object_component_ref idref="oc-13f"/>
      </symbol>
      <symbol id="sm-ca6">
         <name>__TI_enable_exit_profile_output</name>
         <value>0x80017a0</value>
         <object_component_ref idref="oc-13f"/>
      </symbol>
      <symbol id="sm-cc1">
         <name>memcpy</name>
         <value>0xdb81</value>
         <object_component_ref idref="oc-5b"/>
      </symbol>
      <symbol id="sm-cc2">
         <name>__aeabi_memcpy</name>
         <value>0xdb81</value>
         <object_component_ref idref="oc-5b"/>
      </symbol>
      <symbol id="sm-cc3">
         <name>__aeabi_memcpy8</name>
         <value>0xdb81</value>
         <object_component_ref idref="oc-5b"/>
      </symbol>
      <symbol id="sm-cc4">
         <name>__aeabi_memcpy4</name>
         <value>0xdb81</value>
         <object_component_ref idref="oc-5b"/>
      </symbol>
      <symbol id="sm-cd3">
         <name>__aeabi_memset</name>
         <value>0xdc1f</value>
         <object_component_ref idref="oc-67"/>
      </symbol>
      <symbol id="sm-cd4">
         <name>memset</name>
         <value>0xdc25</value>
         <object_component_ref idref="oc-67"/>
      </symbol>
      <symbol id="sm-cd5">
         <name>__aeabi_memset8</name>
         <value>0xdc1f</value>
         <object_component_ref idref="oc-67"/>
      </symbol>
      <symbol id="sm-cd6">
         <name>__aeabi_memset4</name>
         <value>0xdc1f</value>
         <object_component_ref idref="oc-67"/>
      </symbol>
      <symbol id="sm-cd7">
         <name>__aeabi_memclr8</name>
         <value>0xdc1d</value>
         <object_component_ref idref="oc-67"/>
      </symbol>
      <symbol id="sm-cd8">
         <name>__aeabi_memclr4</name>
         <value>0xdc1d</value>
         <object_component_ref idref="oc-67"/>
      </symbol>
      <symbol id="sm-cd9">
         <name>__aeabi_memclr</name>
         <value>0xdc1d</value>
         <object_component_ref idref="oc-67"/>
      </symbol>
      <symbol id="sm-cfa">
         <name>ceil</name>
         <value>0xdaa5</value>
         <object_component_ref idref="oc-215"/>
      </symbol>
      <symbol id="sm-cfb">
         <name>ceill</name>
         <value>0xdaa5</value>
         <object_component_ref idref="oc-215"/>
      </symbol>
      <symbol id="sm-d17">
         <name>floorl</name>
         <value>0xd8e5</value>
         <object_component_ref idref="oc-200"/>
      </symbol>
      <symbol id="sm-d18">
         <name>floor</name>
         <value>0xd8e5</value>
         <object_component_ref idref="oc-200"/>
      </symbol>
      <symbol id="sm-d22">
         <name>_system_post_cinit</name>
         <value>0xde8f</value>
         <object_component_ref idref="oc-fa"/>
      </symbol>
      <symbol id="sm-d2e">
         <name>__aeabi_uidivmod</name>
         <value>0xddc4</value>
         <object_component_ref idref="oc-1e1"/>
      </symbol>
      <symbol id="sm-d2f">
         <name>__aeabi_uidiv</name>
         <value>0xddc4</value>
         <object_component_ref idref="oc-1e1"/>
      </symbol>
      <symbol id="sm-d48">
         <name>_nop</name>
         <value>0xde6f</value>
         <object_component_ref idref="oc-28e"/>
      </symbol>
      <symbol id="sm-d49">
         <name>_lock</name>
         <value>0x80017a4</value>
         <object_component_ref idref="oc-142"/>
      </symbol>
      <symbol id="sm-d4a">
         <name>_unlock</name>
         <value>0x80017a8</value>
         <object_component_ref idref="oc-142"/>
      </symbol>
      <symbol id="sm-d4b">
         <name>_register_lock</name>
         <value>0xde67</value>
         <object_component_ref idref="oc-28e"/>
      </symbol>
      <symbol id="sm-d4c">
         <name>_register_unlock</name>
         <value>0xde61</value>
         <object_component_ref idref="oc-28e"/>
      </symbol>
      <symbol id="sm-d56">
         <name>__aeabi_idiv0</name>
         <value>0xdc97</value>
         <object_component_ref idref="oc-2df"/>
      </symbol>
      <symbol id="sm-d57">
         <name>__TI_static_base__</name>
         <value>0x0</value>
      </symbol>
      <symbol id="sm-d5a">
         <name>SHT$$INIT_ARRAY$$Base</name>
         <value>0x0</value>
      </symbol>
      <symbol id="sm-d5b">
         <name>SHT$$INIT_ARRAY$$Limit</name>
         <value>0x0</value>
      </symbol>
   </symbol_table>
   <title>Link successful</title>
</link_info>
