******************************************************************************
                  TI ARM Linker PC v16.9.6                     
******************************************************************************
>> Linked Thu May 06 10:40:28 2021

OUTPUT FILE NAME:   <FE07_AMS.out>
ENTRY POINT SYMBOL: "_c_int00"  address: 0000c90c


MEMORY CONFIGURATION

         name            origin    length      used     unused   attr    fill
----------------------  --------  ---------  --------  --------  ----  --------
  VECTORS               00000000   00000020  00000020  00000000     X
  FLASH0                00000020   0017ffe0  0000e970  00171670  R  X
  FLASH1                00180000   00180000  00000000  00180000  R  X
  STACKS                08000000   00001500  00000000  00001500  RW  
  RAM                   08001500   0003eb00  00000210  0003e8f0  RW  


SEGMENT ALLOCATION MAP

run origin  load origin   length   init length attrs members
----------  ----------- ---------- ----------- ----- -------
00000000    00000000    0000e990   0000e990    r-x
  00000000    00000000    00000020   00000020    r-x .intvecs
  00000020    00000020    0000dd90   0000dd90    r-x .text
  0000ddb0    0000ddb0    00000b98   00000b98    r-- .const
  0000e948    0000e948    00000048   00000048    r-- .cinit
08001500    08001500    00000210   00000000    rw-
  08001500    08001500    000001b0   00000000    rw- .bss
  080016b0    080016b0    00000060   00000000    rw- .data


SECTION ALLOCATION MAP

 output                                  attributes/
section   page    origin      length       input sections
--------  ----  ----------  ----------   ----------------
.intvecs   0    00000000    00000020     
                  00000000    00000020     sys_intvecs.obj (.intvecs)

.text      0    00000020    0000dd90     
                  00000020    00002cdc     sys_selftest.obj (.text)
                  00002cfc    00001224     BMS.obj (.text)
                  00003f20    00001204     FE_AMS.obj (.text)
                  00005124    000011e0     spi.obj (.text)
                  00006304    00001018     can.obj (.text)
                  0000731c    00000ea0     adc.obj (.text)
                  000081bc    00000bd8     het.obj (.text)
                  00008d94    00000b28     system.obj (.text)
                  000098bc    00000a34     sci.obj (.text)
                  0000a2f0    00000a2c     mibspi.obj (.text)
                  0000ad1c    0000089c     sys_vim.obj (.text)
                  0000b5b8    000005d8     esm.obj (.text)
                  0000bb90    000005ac     pinmux.obj (.text)
                  0000c13c    00000484     gio.obj (.text)
                  0000c5c0    0000034c     sys_core.obj (.text)
                  0000c90c    00000298     sys_startup.obj (.text:retain)
                  0000cba4    00000290     sys_vim.obj (.text:retain)
                  0000ce34    000001fc     rti.obj (.text:retain)
                  0000d030    000001dc     notification.obj (.text)
                  0000d20c    000001ac     pl455.obj (.text)
                  0000d3b8    00000150     gio.obj (.text:retain)
                  0000d508    00000114     esm.obj (.text:retain)
                  0000d61c    000000fc     sys_main.obj (.text)
                  0000d718    000000e8     dabort.obj (.text)
                  0000d800    000000e0     rtsv7R4_T_le_v3D16_eabi.lib : s_floor.obj (.text)
                  0000d8e0    000000e0     sys_pmu.obj (.text)
                  0000d9c0    000000dc     rtsv7R4_T_le_v3D16_eabi.lib : s_ceil.obj (.text)
                  0000da9c    0000009c                                 : memcpy_t2.obj (.text)
                  0000db38    0000007a                                 : memset_t2.obj (.text)
                  0000dbb2    00000002                                 : i_div0.obj (.text)
                  0000dbb4    00000070                                 : autoinit.obj (.text)
                  0000dc24    0000006c                                 : copy_decompress_lzss.obj (.text:decompress:lzss)
                  0000dc90    00000050                                 : exit.obj (.text)
                  0000dce0    00000050                                 : u_div32.obj (.text)
                  0000dd30    0000004c                                 : cpy_tbl.obj (.text)
                  0000dd7c    00000014                                 : _lock.obj (.text)
                  0000dd90    0000000e                                 : copy_decompress_none.obj (.text:decompress:none)
                  0000dd9e    0000000c                                 : copy_zero_init.obj (.text:decompress:ZI)
                  0000ddaa    00000002                                 : startup.obj (.text)
                  0000ddac    00000004     sys_phantom.obj (.text:retain)

.const     0    0000ddb0    00000b98     
                  0000ddb0    000003a0     het.obj (.const:het1PROGRAM)
                  0000e150    000003a0     het.obj (.const:het2PROGRAM)
                  0000e4f0    00000200     pl455.obj (.const:crc16_table)
                  0000e6f0    00000180     sys_vim.obj (.const:s_vim_init)
                  0000e870    00000020     het.obj (.const:s_het1pwmPolarity)
                  0000e890    00000020     het.obj (.const:s_het2pwmPolarity)
                  0000e8b0    00000018     adc.obj (.const:s_adcFiFoSize)
                  0000e8c8    00000018     adc.obj (.const:s_adcSelect)
                  0000e8e0    00000007     BMS.obj (.const:.string:$P$T14$15)
                  0000e8e7    00000006     BMS.obj (.const:.string:$P$T16$17)
                  0000e8ed    00000005     BMS.obj (.const:.string:$P$T17$18)
                  0000e8f2    00000005     BMS.obj (.const:.string:$P$T18$19)
                  0000e8f7    00000005     BMS.obj (.const:.string:$P$T5$6)
                  0000e8fc    00000005     BMS.obj (.const:.string:$P$T6$7)
                  0000e901    00000005     BMS.obj (.const:.string:$P$T7$8)
                  0000e906    00000004     BMS.obj (.const:.string:$P$T0$1)
                  0000e90a    00000004     BMS.obj (.const:.string:$P$T10$11)
                  0000e90e    00000004     BMS.obj (.const:.string:$P$T11$12)
                  0000e912    00000004     BMS.obj (.const:.string:$P$T12$13)
                  0000e916    00000004     BMS.obj (.const:.string:$P$T13$14)
                  0000e91a    00000004     BMS.obj (.const:.string:$P$T19$20)
                  0000e91e    00000004     BMS.obj (.const:.string:$P$T20$21)
                  0000e922    00000004     BMS.obj (.const:.string:$P$T21$22)
                  0000e926    00000004     BMS.obj (.const:.string:$P$T24$25)
                  0000e92a    00000004     BMS.obj (.const:.string:$P$T4$5)
                  0000e92e    00000004     BMS.obj (.const:.string:$P$T8$9)
                  0000e932    00000004     BMS.obj (.const:.string:$P$T9$10)
                  0000e936    00000003     BMS.obj (.const:.string:$P$T1$2)
                  0000e939    00000003     BMS.obj (.const:.string:$P$T15$16)
                  0000e93c    00000003     BMS.obj (.const:.string:$P$T2$3)
                  0000e93f    00000003     BMS.obj (.const:.string:$P$T22$23)
                  0000e942    00000003     BMS.obj (.const:.string:$P$T23$24)
                  0000e945    00000003     BMS.obj (.const:.string:$P$T3$4)

.cinit     0    0000e948    00000048     
                  0000e948    0000001e     (.cinit..data.load) [load image, compression = lzss]
                  0000e966    00000002     --HOLE-- [fill = 0]
                  0000e968    0000000c     (__TI_handler_table)
                  0000e974    00000004     --HOLE-- [fill = 0]
                  0000e978    00000008     (.cinit..bss.load) [load image, compression = zero_init]
                  0000e980    00000010     (__TI_cinit_table)

.bss       0    08001500    000001b0     UNINITIALIZED
                  08001500    000000a4     (.common:AMS_DATA)
                  080015a4    00000078     spi.obj (.bss:g_spiPacket_t)
                  0800161c    00000040     (.common:cellVoltages)
                  0800165c    00000028     sci.obj (.bss:g_sciTransfer_t)
                  08001684    00000020     (.common:tempData)
                  080016a4    00000008     (.common:BMS_InternalTemps)
                  080016ac    00000004     pl455.obj (.bss)

.data      0    080016b0    00000060     UNINITIALIZED
                  080016b0    00000046     FE_AMS.obj (.data)
                  080016f6    00000002     --HOLE--
                  080016f8    0000000c     rtsv7R4_T_le_v3D16_eabi.lib : exit.obj (.data:$O1$$)
                  08001704    00000008                                 : _lock.obj (.data:$O1$$)
                  0800170c    00000004     FE_AMS.obj (.data:dataconfig00_t)

MODULE SUMMARY

       Module                     code    ro data   rw data
       ------                     ----    -------   -------
    .\source\
       sys_selftest.obj           11484   0         0      
       FE_AMS.obj                 4612    0         342    
       het.obj                    3032    1920      0      
       BMS.obj                    4644    104       0      
       spi.obj                    4576    0         120    
       can.obj                    4120    0         0      
       adc.obj                    3744    48        0      
       sys_vim.obj                2860    384       0      
       system.obj                 2856    0         0      
       sci.obj                    2612    0         40     
       mibspi.obj                 2604    0         0      
       esm.obj                    1772    0         0      
       gio.obj                    1492    0         0      
       pinmux.obj                 1452    0         0      
       pl455.obj                  428     512       4      
       sys_core.obj               844     0         0      
       sys_startup.obj            664     0         0      
       rti.obj                    508     0         0      
       notification.obj           476     0         0      
       sys_main.obj               252     0         0      
       dabort.obj                 232     0         0      
       sys_pmu.obj                224     0         0      
       sys_intvecs.obj            32      0         0      
       sys_phantom.obj            4       0         0      
    +--+--------------------------+-------+---------+---------+
       Total:                     55524   2968      506    
                                                           
    C:/ti/ccs740/ccsv7/tools/compiler/ti-cgt-arm_16.9.6.LTS/lib/rtsv7R4_T_le_v3D16_eabi.lib
       s_floor.obj                224     0         0      
       s_ceil.obj                 220     0         0      
       memcpy_t2.obj              156     0         0      
       memset_t2.obj              122     0         0      
       autoinit.obj               112     0         0      
       copy_decompress_lzss.obj   108     0         0      
       exit.obj                   80      0         12     
       u_div32.obj                80      0         0      
       cpy_tbl.obj                76      0         0      
       _lock.obj                  20      0         8      
       copy_decompress_none.obj   14      0         0      
       copy_zero_init.obj         12      0         0      
       i_div0.obj                 2       0         0      
       startup.obj                2       0         0      
    +--+--------------------------+-------+---------+---------+
       Total:                     1228    0         20     
                                                           
       Linker Generated:          0       66        0      
    +--+--------------------------+-------+---------+---------+
       Grand Total:               56752   3034      526    


LINKER GENERATED COPY TABLES

__TI_cinit_table @ 0000e980 records: 2, size/record: 8, table size: 16
	.data: load addr=0000e948, load size=0000001e bytes, run addr=080016b0, run size=00000060 bytes, compression=lzss
	.bss: load addr=0000e978, load size=00000008 bytes, run addr=08001500, run size=000001b0 bytes, compression=zero_init


LINKER GENERATED HANDLER TABLE

__TI_handler_table @ 0000e968 records: 3, size/record: 4, table size: 12
	index: 0, handler: __TI_zero_init
	index: 1, handler: __TI_decompress_lzss
	index: 2, handler: __TI_decompress_none


GLOBAL SYMBOLS: SORTED ALPHABETICALLY BY Name 

address   name                                
-------   ----                                
08001500  AMS_DATA                            
0000435c  AMS_canTX_Car                       
00004548  AMS_canTx_BMSData                   
00003ff0  AMS_checkForFaults                  
00004fe0  AMS_checkPreContactorState          
080016e2  AMS_faults                          
00004b94  AMS_parseBMSData                    
00005028  AMS_process                         
00004180  AMS_readADC                         
000041d8  AMS_readGIO                         
00004300  AMS_readHET                         
00004b20  AMS_readSCI                         
00004a68  AMS_readSPI                         
00003f54  AMS_start_HV                        
00002cfc  BMS_Init                            
080016a4  BMS_InternalTemps                   
0000366c  BMS_checkAllFaults                  
00003570  BMS_checkFault                      
00003284  BMS_checkHeartbeats                 
000033f4  BMS_clearFaults                     
00003514  BMS_configOversample                
00003bc8  BMS_configureGPIO                   
000033d0  BMS_disableBottomLowSideRx          
000033ac  BMS_disableTopHighSideRx            
00003d6c  BMS_getAllIndividualData            
00003c74  BMS_getBroadcastData                
00003010  BMS_getCRCBytes                     
000031d0  BMS_initAutoAddress                 
000031b0  BMS_initialConfig                   
000030f4  BMS_messageIsExpected               
00002f28  BMS_receiveByte                     
00002f98  BMS_receiveMessage                  
00003068  BMS_sendMessage                     
00003218  BMS_setAddresses                    
00003868  BMS_setAllModulesNumChannels        
00003ae0  BMS_setAllOvervolt                  
00003b54  BMS_setAllUndervolt                 
000039d4  BMS_setDefaultModulesNumChannels    
000034b8  BMS_setSamplePeriods                
0000345c  BMS_setSamplingDelay                
00003700  BMS_setSingleModuleNumChannels      
000039d8  BMS_setSingleModuleOvervolt         
00003a5c  BMS_setSingleModuleUndervolt        
00003d3c  BMS_syncSampleAll                   
00002efc  BMS_wakeup                          
0000dc91  C$$EXIT                             
0000d270  CRC16                               
0000d20c  CommClear                           
UNDEFED   SHT$$INIT_ARRAY$$Base               
UNDEFED   SHT$$INIT_ARRAY$$Limit              
00005c0c  SpiRxStatus                         
00005b80  SpiTxStatus                         
0000e980  __TI_CINIT_Base                     
0000e990  __TI_CINIT_Limit                    
0000e968  __TI_Handler_Table_Base             
0000e974  __TI_Handler_Table_Limit            
0000c904  __TI_PINIT_Base                     
0000c908  __TI_PINIT_Limit                    
0000dbb5  __TI_auto_init                      
080016f8  __TI_cleanup_ptr                    
0000dc25  __TI_decompress_lzss                
0000dd91  __TI_decompress_none                
080016fc  __TI_dtors_ptr                      
08001700  __TI_enable_exit_profile_output     
ffffffff  __TI_pprof_out_hndl                 
ffffffff  __TI_prof_data_size                 
ffffffff  __TI_prof_data_start                
00000000  __TI_static_base__                  
0000dd9f  __TI_zero_init                      
0000dbb3  __aeabi_idiv0                       
0000db39  __aeabi_memclr                      
0000db39  __aeabi_memclr4                     
0000db39  __aeabi_memclr8                     
0000da9d  __aeabi_memcpy                      
0000da9d  __aeabi_memcpy4                     
0000da9d  __aeabi_memcpy8                     
0000db3b  __aeabi_memset                      
0000db3b  __aeabi_memset4                     
0000db3b  __aeabi_memset8                     
0000dce0  __aeabi_uidiv                       
0000dce0  __aeabi_uidivmod                    
ffffffff  __binit__                           
ffffffff  __c_args__                          
0000c90c  _c_int00                            
0000c81c  _coreClearAuxiliaryDataFault_       
0000c830  _coreClearAuxiliaryInstructionFault_
0000c7f4  _coreClearDataFaultAddress_         
0000c7cc  _coreClearDataFault_                
0000c808  _coreClearInstructionFaultAddress_  
0000c7e0  _coreClearInstructionFault_         
0000c760  _coreDisableEventBusExport_         
0000c7a4  _coreDisableFlashEcc_               
0000c780  _coreDisableRamEcc_                 
0000c750  _coreEnableEventBusExport_          
0000c790  _coreEnableFlashEcc_                
0000c7b4  _coreEnableIrqVicOffset_            
0000c770  _coreEnableRamEcc_                  
0000c738  _coreEnableVfp_                     
0000c814  _coreGetAuxiliaryDataFault_         
0000c828  _coreGetAuxiliaryInstructionFault_  
0000c7ec  _coreGetDataFaultAddress_           
0000c7c4  _coreGetDataFault_                  
0000c800  _coreGetInstructionFaultAddress_    
0000c7d8  _coreGetInstructionFault_           
0000c5c0  _coreInitRegisters_                 
0000c6cc  _coreInitStackPointer_              
0000d718  _dabort                             
0000c844  _disable_FIQ_interrupt_             
0000c84c  _disable_IRQ_interrupt_             
0000c83c  _disable_interrupt_                 
0000c854  _enable_interrupt_                  
0000c8e4  _errata_CORTEXR4_57_                
0000c8f4  _errata_CORTEXR4_66_                
0000c85c  _esmCcmErrorsClear_                 
0000c718  _getCPSRValue_                      
0000c720  _gotoCPUIdle_                       
08001704  _lock                               
0000dd8b  _nop                                
0000d93c  _pmuDisableCountersGlobal_          
0000d92c  _pmuEnableCountersGlobal_           
0000d998  _pmuGetCycleCount_                  
0000d9a0  _pmuGetEventCount_                  
0000d9ac  _pmuGetOverflow_                    
0000d8e0  _pmuInit_                           
0000d96c  _pmuResetCounters_                  
0000d94c  _pmuResetCycleCounter_              
0000d95c  _pmuResetEventCounters_             
0000d98c  _pmuSetCountEvent_                  
0000d97c  _pmuStartCounters_                  
0000d984  _pmuStopCounters_                   
0000dd83  _register_lock                      
0000dd7d  _register_unlock                    
0000ddab  _system_post_cinit                  
08001708  _unlock                             
0000dc95  abort                               
00007cf0  adc1GetConfigValue                  
0000126c  adc1ParityCheck                     
00007ef0  adc2GetConfigValue                  
00001358  adc2ParityCheck                     
000078cc  adcCalibration                      
00007c90  adcDisableNotification              
00007c40  adcEnableNotification               
000076a4  adcGetData                          
00007cd8  adcGetEVTPin                        
0000731c  adcInit                             
0000789c  adcIsConversionComplete             
0000786c  adcIsFifoFull                       
00007aa4  adcMidPointCalibration              
0000d098  adcNotification                     
0000767c  adcResetFiFo                        
00007cb8  adcSetEVTPin                        
000075d0  adcStartConversion                  
00007654  adcStopConversion                   
080016d8  batteryVoltage_Scaled               
ffffffff  binit                               
080016f5  bmsCommFault                        
080016f3  bmsFault                            
00006e1c  can1GetConfigValue                  
00001410  can1ParityCheck                     
00006f74  can2GetConfigValue                  
000014e8  can2ParityCheck                     
000070cc  can3GetConfigValue                  
000015b0  can3ParityCheck                     
00006cbc  canDisableErrorNotification         
00006c9c  canDisableStatusChangeNotification  
00006d14  canDisableloopback                  
00006c5c  canEnableErrorNotification          
00006c7c  canEnableStatusChangeNotification   
00006cdc  canEnableloopback                   
0000d0ac  canErrorNotification                
00006a0c  canFillMessageObjectData            
0000673c  canGetData                          
00006c38  canGetErrorLevel                    
0000688c  canGetID                            
00006c14  canGetLastError                     
00006304  canInit                             
00006e00  canIoRxGetBit                       
00006d44  canIoSetDirection                   
00006d94  canIoSetPort                        
00006de4  canIoTxGetBit                       
00006bb8  canIsMessageBoxValid                
00006b5c  canIsRxMessageArrived               
00006b00  canIsTxMessagePending               
0000d0d4  canMessageNotification              
0000696c  canSendRemoteFrame                  
0000d0c0  canStatusChangeNotification         
00006648  canTransmit                         
000068f4  canUpdateID                         
000088d4  capGetSignal                        
00000030  ccmSelfCheck                        
000026fc  ccmr4GetConfigValue                 
0000d9c1  ceil                                
0000d9c1  ceill                               
080016ee  cellOverTemp                        
080016ec  cellOverVoltage                     
080016ef  cellUnderTemp                       
080016ed  cellUnderVoltage                    
0800161c  cellVoltages                        
080016dc  chargeCurrentLimit_Scaled           
00000938  checkB0RAMECC                       
00000b28  checkB1RAMECC                       
00001c18  checkClockMonitor                   
00000d18  checkFlashECC                       
00001cf4  checkFlashEEPROMECC                 
00001e8c  checkPLL1Slip                       
00001f8c  checkPLL2Slip                       
00002050  checkRAMAddrParity                  
000019d0  checkRAMECC                         
0000215c  checkRAMUERRTest                    
000007bc  checkefcSelfTest                    
080016e8  contactorClosed                     
080016f2  contactorFault                      
080016e7  contactorOpen                       
0000dd31  copy_in                             
00000234  cpuSelfTest                         
00000dfc  cpuSelfTestFail                     
0000e4f0  crc16_table                         
0000d1c4  crcNotification                     
080016ca  currentBatteryVoltage               
080016c4  currentSense_75                     
080016c6  currentSense_750                    
080016ea  currentShortFault                   
080016c8  currentVehicleVoltage               
00000df4  custom_dabort                       
0800170c  dataconfig00_t                      
0000d0e8  dccNotification                     
0000d300  delayms                             
0000d348  delayus                             
00002b58  disableParity                       
080016de  dischargeCurrentLimit_Scaled        
0000d1d8  dmaGroupANotification               
00000eac  dmaParityCheck                      
00008894  edgeDisableNotification             
00008858  edgeEnableNotification              
0000882c  edgeGetCounter                      
0000d19c  edgeNotification                    
00008800  edgeResetCounter                    
00000660  efcCheck                            
00002660  efcGetConfigValue                   
00000794  efcSelfTest                         
000006e8  efcStuckZeroTest                    
0000d1fc  emacRxNotification                  
0000d1ec  emacTxNotification                  
00002ad0  enableParity                        
0000276c  errata_PBIST_4                      
0000b744  esmActivateNormalOperation          
0000b828  esmClearStatus                      
0000b86c  esmClearStatusBuffer                
0000b708  esmDisableError                     
0000b780  esmDisableInterrupt                 
0000b6dc  esmEnableError                      
0000b754  esmEnableInterrupt                  
0000b964  esmEnterSelfTest                    
0000b6c0  esmError                            
0000ba3c  esmGetConfigValue                   
0000b8a8  esmGetStatus                        
0000b92c  esmGetStatusBuffer                  
0000d030  esmGroup1Notification               
0000d040  esmGroup2Notification               
0000d508  esmHighInterrupt                    
0000b5b8  esmInit                             
0000b9ec  esmSelfTestStatus                   
0000b888  esmSetCounterPreloadValue           
0000b7ac  esmSetInterruptLevel                
0000b734  esmTriggerErrorPinReset             
0000dc9d  exit                                
080016e9  fiveKWActive                        
0000d801  floor                               
0000d801  floorl                              
000022c4  fmcBus1ParityCheck                  
0000085c  fmcBus2Check                        
00000898  fmcECCcheck                         
00004b24  getBMSData                          
00003f20  getDelta                            
0000c39c  gioDisableNotification              
0000c334  gioEnableNotification               
0000c29c  gioGetBit                           
0000c404  gioGetConfigValue                   
0000c2c4  gioGetPort                          
0000d3b8  gioHighLevelInterrupt               
0000c13c  gioInit                             
0000d468  gioLowLevelInterrupt                
0000d0fc  gioNotification                     
0000c22c  gioSetBit                           
0000c20c  gioSetDirection                     
0000c27c  gioSetPort                          
0000c2dc  gioToggleBit                        
000089e0  het1GetConfigValue                  
00000f58  het1ParityCheck                     
00008b70  het2GetConfigValue                  
000010c0  het2ParityCheck                     
000089c8  hetGetTimestamp                     
000081bc  hetInit                             
0000d1b0  hetNotification                     
000089ac  hetResetTimestamp                   
00001004  htu1ParityCheck                     
000011bc  htu2ParityCheck                     
0000d110  i2cNotification                     
080016b8  imdDutyCycle                        
080016f4  imdFault                            
080016b0  imdPeriod                           
0000d61c  main                                
00008ed0  mapClocks                           
080016d0  maxCellTemperature_Scaled           
080016d4  maxCellVoltage_Scaled               
0000da9d  memcpy                              
00000174  memoryInit                          
0000d050  memoryPort0TestFailNotification     
0000d06c  memoryPort1TestFailNotification     
0000db41  memset                              
00001684  mibspi1ParityCheck                  
0000178c  mibspi3ParityCheck                  
0000a9b0  mibspi5GetConfigValue               
000018b0  mibspi5ParityCheck                  
0000a97c  mibspiDisableGroupNotification      
0000a888  mibspiDisableLoopback               
0000a8f4  mibspiEnableGroupNotification       
0000a854  mibspiEnableLoopback                
0000a66c  mibspiGetData                       
0000d138  mibspiGroupNotification             
0000a2f0  mibspiInit                          
0000a7e8  mibspiIsTransferComplete            
0000d124  mibspiNotification                  
0000a8a4  mibspiPmodeSet                      
0000a560  mibspiSetData                       
0000a540  mibspiSetFunctional                 
0000a7b8  mibspiTransfer                      
080016ce  minCellTemperature_Scaled           
080016d2  minCellVoltage_Scaled               
0000bb90  muxInit                             
080016e4  negativeContactorState              
080016f1  overChargeCurrent                   
080016f0  overDischargeCurrent                
080016e0  packCurrent_Scaled                  
000023ec  pbistFail                           
00002470  pbistGetConfigValue                 
000005a8  pbistIsTestCompleted                
000005d4  pbistIsTestPassed                   
00000608  pbistPortTestStatus                 
000004ac  pbistRun                            
000002cc  pbistSelfCheck                      
00000578  pbistStop                           
080016da  peakCurrent_Scaled                  
00008e7c  periphInit                          
0000ddac  phantomInterrupt                    
0000be78  pinmuxGetConfigValue                
080016e5  positiveContactorState              
080016e6  prechargeContactorState             
000087d0  pwmDisableNotification              
00008788  pwmEnableNotification               
000086a8  pwmGetSignal                        
0000d184  pwmNotification                     
000083a8  pwmSetDuty                          
000084f8  pwmSetSignal                        
00008340  pwmStart                            
00008374  pwmStop                             
00000000  resetEntry                          
0000ce34  rtiCompare0Interrupt                
0000ce7c  rtiCompare1Interrupt                
0000cec4  rtiCompare2Interrupt                
0000cf0c  rtiCompare3Interrupt                
0000d088  rtiNotification                     
0000cf9c  rtiOverflow0Interrupt               
0000cfe4  rtiOverflow1Interrupt               
0000cf54  rtiTimebaseInterrupt                
080016eb  scOutsideSense                      
00009e6c  sciDisableLoopback                  
00009ef8  sciDisableNotification              
00009e38  sciEnableLoopback                   
00009e90  sciEnableNotification               
00009f60  sciEnterResetState                  
00009f80  sciExitResetState                   
00009fa0  sciGetConfigValue                   
000098bc  sciInit                             
00009ce8  sciIsIdleDetected                   
00009ccc  sciIsRxReady                        
00009b4c  sciIsTxReady                        
0000d14c  sciNotification                     
00009d60  sciReceive                          
00009d34  sciReceiveByte                      
00009d04  sciRxError                          
00009b98  sciSend                             
00009b68  sciSendByte                         
00009ab0  sciSetBaudrate                      
00009a90  sciSetFunctional                    
0000a0f8  scilinGetConfigValue                
00000020  selftestFailNotification            
00004164  setCurrentBatteryVoltage            
00004148  setCurrentVehicleVoltage            
00008e3c  setupFlash                          
00008d94  setupPLL                            
00005d44  spi1GetConfigValue                  
00005ed4  spi3GetConfigValue                  
000060b4  spi4GetConfigValue                  
00005ccc  spiDisableLoopback                  
00005d18  spiDisableNotification              
00005c98  spiEnableLoopback                   
00005ce8  spiEnableNotification               
0000d174  spiEndNotification                  
000055e8  spiGetData                          
00005124  spiInit                             
0000d160  spiNotification                     
000054cc  spiReceiveData                      
00005a40  spiSendAndGetData                   
0000580c  spiSendData                         
000054ac  spiSetFunctional                    
00005904  spiTransmitAndReceiveData           
000056e0  spiTransmitData                     
000096b4  sramGetConfigValue                  
080016cc  stateOfCharge                       
000025bc  stcGetConfigValue                   
000001b8  stcSelfCheck                        
00000df8  stcSelfCheckFail                    
000090f4  systemGetConfigValue                
00008ff8  systemInit                          
000090c4  systemPowerDown                     
00009508  tcmflashGetConfigValue              
08001684  tempData                            
080016bc  timeoutBMS                          
080016c0  timeoutCAR                          
00008df4  trimLPO                             
080016d6  vehicleVoltage_Scaled               
0000adf0  vimChannelMap                       
0000afec  vimDisableInterrupt                 
0000ae94  vimEnableInterrupt                  
0000b070  vimGetConfigValue                   
0000ad1c  vimInit                             
00000e00  vimParityCheck                      
0000cba4  vimParityErrorHandler               


GLOBAL SYMBOLS: SORTED BY Symbol Address 

address   name                                
-------   ----                                
00000000  __TI_static_base__                  
00000000  resetEntry                          
00000020  selftestFailNotification            
00000030  ccmSelfCheck                        
00000174  memoryInit                          
000001b8  stcSelfCheck                        
00000234  cpuSelfTest                         
000002cc  pbistSelfCheck                      
000004ac  pbistRun                            
00000578  pbistStop                           
000005a8  pbistIsTestCompleted                
000005d4  pbistIsTestPassed                   
00000608  pbistPortTestStatus                 
00000660  efcCheck                            
000006e8  efcStuckZeroTest                    
00000794  efcSelfTest                         
000007bc  checkefcSelfTest                    
0000085c  fmcBus2Check                        
00000898  fmcECCcheck                         
00000938  checkB0RAMECC                       
00000b28  checkB1RAMECC                       
00000d18  checkFlashECC                       
00000df4  custom_dabort                       
00000df8  stcSelfCheckFail                    
00000dfc  cpuSelfTestFail                     
00000e00  vimParityCheck                      
00000eac  dmaParityCheck                      
00000f58  het1ParityCheck                     
00001004  htu1ParityCheck                     
000010c0  het2ParityCheck                     
000011bc  htu2ParityCheck                     
0000126c  adc1ParityCheck                     
00001358  adc2ParityCheck                     
00001410  can1ParityCheck                     
000014e8  can2ParityCheck                     
000015b0  can3ParityCheck                     
00001684  mibspi1ParityCheck                  
0000178c  mibspi3ParityCheck                  
000018b0  mibspi5ParityCheck                  
000019d0  checkRAMECC                         
00001c18  checkClockMonitor                   
00001cf4  checkFlashEEPROMECC                 
00001e8c  checkPLL1Slip                       
00001f8c  checkPLL2Slip                       
00002050  checkRAMAddrParity                  
0000215c  checkRAMUERRTest                    
000022c4  fmcBus1ParityCheck                  
000023ec  pbistFail                           
00002470  pbistGetConfigValue                 
000025bc  stcGetConfigValue                   
00002660  efcGetConfigValue                   
000026fc  ccmr4GetConfigValue                 
0000276c  errata_PBIST_4                      
00002ad0  enableParity                        
00002b58  disableParity                       
00002cfc  BMS_Init                            
00002efc  BMS_wakeup                          
00002f28  BMS_receiveByte                     
00002f98  BMS_receiveMessage                  
00003010  BMS_getCRCBytes                     
00003068  BMS_sendMessage                     
000030f4  BMS_messageIsExpected               
000031b0  BMS_initialConfig                   
000031d0  BMS_initAutoAddress                 
00003218  BMS_setAddresses                    
00003284  BMS_checkHeartbeats                 
000033ac  BMS_disableTopHighSideRx            
000033d0  BMS_disableBottomLowSideRx          
000033f4  BMS_clearFaults                     
0000345c  BMS_setSamplingDelay                
000034b8  BMS_setSamplePeriods                
00003514  BMS_configOversample                
00003570  BMS_checkFault                      
0000366c  BMS_checkAllFaults                  
00003700  BMS_setSingleModuleNumChannels      
00003868  BMS_setAllModulesNumChannels        
000039d4  BMS_setDefaultModulesNumChannels    
000039d8  BMS_setSingleModuleOvervolt         
00003a5c  BMS_setSingleModuleUndervolt        
00003ae0  BMS_setAllOvervolt                  
00003b54  BMS_setAllUndervolt                 
00003bc8  BMS_configureGPIO                   
00003c74  BMS_getBroadcastData                
00003d3c  BMS_syncSampleAll                   
00003d6c  BMS_getAllIndividualData            
00003f20  getDelta                            
00003f54  AMS_start_HV                        
00003ff0  AMS_checkForFaults                  
00004148  setCurrentVehicleVoltage            
00004164  setCurrentBatteryVoltage            
00004180  AMS_readADC                         
000041d8  AMS_readGIO                         
00004300  AMS_readHET                         
0000435c  AMS_canTX_Car                       
00004548  AMS_canTx_BMSData                   
00004a68  AMS_readSPI                         
00004b20  AMS_readSCI                         
00004b24  getBMSData                          
00004b94  AMS_parseBMSData                    
00004fe0  AMS_checkPreContactorState          
00005028  AMS_process                         
00005124  spiInit                             
000054ac  spiSetFunctional                    
000054cc  spiReceiveData                      
000055e8  spiGetData                          
000056e0  spiTransmitData                     
0000580c  spiSendData                         
00005904  spiTransmitAndReceiveData           
00005a40  spiSendAndGetData                   
00005b80  SpiTxStatus                         
00005c0c  SpiRxStatus                         
00005c98  spiEnableLoopback                   
00005ccc  spiDisableLoopback                  
00005ce8  spiEnableNotification               
00005d18  spiDisableNotification              
00005d44  spi1GetConfigValue                  
00005ed4  spi3GetConfigValue                  
000060b4  spi4GetConfigValue                  
00006304  canInit                             
00006648  canTransmit                         
0000673c  canGetData                          
0000688c  canGetID                            
000068f4  canUpdateID                         
0000696c  canSendRemoteFrame                  
00006a0c  canFillMessageObjectData            
00006b00  canIsTxMessagePending               
00006b5c  canIsRxMessageArrived               
00006bb8  canIsMessageBoxValid                
00006c14  canGetLastError                     
00006c38  canGetErrorLevel                    
00006c5c  canEnableErrorNotification          
00006c7c  canEnableStatusChangeNotification   
00006c9c  canDisableStatusChangeNotification  
00006cbc  canDisableErrorNotification         
00006cdc  canEnableloopback                   
00006d14  canDisableloopback                  
00006d44  canIoSetDirection                   
00006d94  canIoSetPort                        
00006de4  canIoTxGetBit                       
00006e00  canIoRxGetBit                       
00006e1c  can1GetConfigValue                  
00006f74  can2GetConfigValue                  
000070cc  can3GetConfigValue                  
0000731c  adcInit                             
000075d0  adcStartConversion                  
00007654  adcStopConversion                   
0000767c  adcResetFiFo                        
000076a4  adcGetData                          
0000786c  adcIsFifoFull                       
0000789c  adcIsConversionComplete             
000078cc  adcCalibration                      
00007aa4  adcMidPointCalibration              
00007c40  adcEnableNotification               
00007c90  adcDisableNotification              
00007cb8  adcSetEVTPin                        
00007cd8  adcGetEVTPin                        
00007cf0  adc1GetConfigValue                  
00007ef0  adc2GetConfigValue                  
000081bc  hetInit                             
00008340  pwmStart                            
00008374  pwmStop                             
000083a8  pwmSetDuty                          
000084f8  pwmSetSignal                        
000086a8  pwmGetSignal                        
00008788  pwmEnableNotification               
000087d0  pwmDisableNotification              
00008800  edgeResetCounter                    
0000882c  edgeGetCounter                      
00008858  edgeEnableNotification              
00008894  edgeDisableNotification             
000088d4  capGetSignal                        
000089ac  hetResetTimestamp                   
000089c8  hetGetTimestamp                     
000089e0  het1GetConfigValue                  
00008b70  het2GetConfigValue                  
00008d94  setupPLL                            
00008df4  trimLPO                             
00008e3c  setupFlash                          
00008e7c  periphInit                          
00008ed0  mapClocks                           
00008ff8  systemInit                          
000090c4  systemPowerDown                     
000090f4  systemGetConfigValue                
00009508  tcmflashGetConfigValue              
000096b4  sramGetConfigValue                  
000098bc  sciInit                             
00009a90  sciSetFunctional                    
00009ab0  sciSetBaudrate                      
00009b4c  sciIsTxReady                        
00009b68  sciSendByte                         
00009b98  sciSend                             
00009ccc  sciIsRxReady                        
00009ce8  sciIsIdleDetected                   
00009d04  sciRxError                          
00009d34  sciReceiveByte                      
00009d60  sciReceive                          
00009e38  sciEnableLoopback                   
00009e6c  sciDisableLoopback                  
00009e90  sciEnableNotification               
00009ef8  sciDisableNotification              
00009f60  sciEnterResetState                  
00009f80  sciExitResetState                   
00009fa0  sciGetConfigValue                   
0000a0f8  scilinGetConfigValue                
0000a2f0  mibspiInit                          
0000a540  mibspiSetFunctional                 
0000a560  mibspiSetData                       
0000a66c  mibspiGetData                       
0000a7b8  mibspiTransfer                      
0000a7e8  mibspiIsTransferComplete            
0000a854  mibspiEnableLoopback                
0000a888  mibspiDisableLoopback               
0000a8a4  mibspiPmodeSet                      
0000a8f4  mibspiEnableGroupNotification       
0000a97c  mibspiDisableGroupNotification      
0000a9b0  mibspi5GetConfigValue               
0000ad1c  vimInit                             
0000adf0  vimChannelMap                       
0000ae94  vimEnableInterrupt                  
0000afec  vimDisableInterrupt                 
0000b070  vimGetConfigValue                   
0000b5b8  esmInit                             
0000b6c0  esmError                            
0000b6dc  esmEnableError                      
0000b708  esmDisableError                     
0000b734  esmTriggerErrorPinReset             
0000b744  esmActivateNormalOperation          
0000b754  esmEnableInterrupt                  
0000b780  esmDisableInterrupt                 
0000b7ac  esmSetInterruptLevel                
0000b828  esmClearStatus                      
0000b86c  esmClearStatusBuffer                
0000b888  esmSetCounterPreloadValue           
0000b8a8  esmGetStatus                        
0000b92c  esmGetStatusBuffer                  
0000b964  esmEnterSelfTest                    
0000b9ec  esmSelfTestStatus                   
0000ba3c  esmGetConfigValue                   
0000bb90  muxInit                             
0000be78  pinmuxGetConfigValue                
0000c13c  gioInit                             
0000c20c  gioSetDirection                     
0000c22c  gioSetBit                           
0000c27c  gioSetPort                          
0000c29c  gioGetBit                           
0000c2c4  gioGetPort                          
0000c2dc  gioToggleBit                        
0000c334  gioEnableNotification               
0000c39c  gioDisableNotification              
0000c404  gioGetConfigValue                   
0000c5c0  _coreInitRegisters_                 
0000c6cc  _coreInitStackPointer_              
0000c718  _getCPSRValue_                      
0000c720  _gotoCPUIdle_                       
0000c738  _coreEnableVfp_                     
0000c750  _coreEnableEventBusExport_          
0000c760  _coreDisableEventBusExport_         
0000c770  _coreEnableRamEcc_                  
0000c780  _coreDisableRamEcc_                 
0000c790  _coreEnableFlashEcc_                
0000c7a4  _coreDisableFlashEcc_               
0000c7b4  _coreEnableIrqVicOffset_            
0000c7c4  _coreGetDataFault_                  
0000c7cc  _coreClearDataFault_                
0000c7d8  _coreGetInstructionFault_           
0000c7e0  _coreClearInstructionFault_         
0000c7ec  _coreGetDataFaultAddress_           
0000c7f4  _coreClearDataFaultAddress_         
0000c800  _coreGetInstructionFaultAddress_    
0000c808  _coreClearInstructionFaultAddress_  
0000c814  _coreGetAuxiliaryDataFault_         
0000c81c  _coreClearAuxiliaryDataFault_       
0000c828  _coreGetAuxiliaryInstructionFault_  
0000c830  _coreClearAuxiliaryInstructionFault_
0000c83c  _disable_interrupt_                 
0000c844  _disable_FIQ_interrupt_             
0000c84c  _disable_IRQ_interrupt_             
0000c854  _enable_interrupt_                  
0000c85c  _esmCcmErrorsClear_                 
0000c8e4  _errata_CORTEXR4_57_                
0000c8f4  _errata_CORTEXR4_66_                
0000c904  __TI_PINIT_Base                     
0000c908  __TI_PINIT_Limit                    
0000c90c  _c_int00                            
0000cba4  vimParityErrorHandler               
0000ce34  rtiCompare0Interrupt                
0000ce7c  rtiCompare1Interrupt                
0000cec4  rtiCompare2Interrupt                
0000cf0c  rtiCompare3Interrupt                
0000cf54  rtiTimebaseInterrupt                
0000cf9c  rtiOverflow0Interrupt               
0000cfe4  rtiOverflow1Interrupt               
0000d030  esmGroup1Notification               
0000d040  esmGroup2Notification               
0000d050  memoryPort0TestFailNotification     
0000d06c  memoryPort1TestFailNotification     
0000d088  rtiNotification                     
0000d098  adcNotification                     
0000d0ac  canErrorNotification                
0000d0c0  canStatusChangeNotification         
0000d0d4  canMessageNotification              
0000d0e8  dccNotification                     
0000d0fc  gioNotification                     
0000d110  i2cNotification                     
0000d124  mibspiNotification                  
0000d138  mibspiGroupNotification             
0000d14c  sciNotification                     
0000d160  spiNotification                     
0000d174  spiEndNotification                  
0000d184  pwmNotification                     
0000d19c  edgeNotification                    
0000d1b0  hetNotification                     
0000d1c4  crcNotification                     
0000d1d8  dmaGroupANotification               
0000d1ec  emacTxNotification                  
0000d1fc  emacRxNotification                  
0000d20c  CommClear                           
0000d270  CRC16                               
0000d300  delayms                             
0000d348  delayus                             
0000d3b8  gioHighLevelInterrupt               
0000d468  gioLowLevelInterrupt                
0000d508  esmHighInterrupt                    
0000d61c  main                                
0000d718  _dabort                             
0000d801  floor                               
0000d801  floorl                              
0000d8e0  _pmuInit_                           
0000d92c  _pmuEnableCountersGlobal_           
0000d93c  _pmuDisableCountersGlobal_          
0000d94c  _pmuResetCycleCounter_              
0000d95c  _pmuResetEventCounters_             
0000d96c  _pmuResetCounters_                  
0000d97c  _pmuStartCounters_                  
0000d984  _pmuStopCounters_                   
0000d98c  _pmuSetCountEvent_                  
0000d998  _pmuGetCycleCount_                  
0000d9a0  _pmuGetEventCount_                  
0000d9ac  _pmuGetOverflow_                    
0000d9c1  ceil                                
0000d9c1  ceill                               
0000da9d  __aeabi_memcpy                      
0000da9d  __aeabi_memcpy4                     
0000da9d  __aeabi_memcpy8                     
0000da9d  memcpy                              
0000db39  __aeabi_memclr                      
0000db39  __aeabi_memclr4                     
0000db39  __aeabi_memclr8                     
0000db3b  __aeabi_memset                      
0000db3b  __aeabi_memset4                     
0000db3b  __aeabi_memset8                     
0000db41  memset                              
0000dbb3  __aeabi_idiv0                       
0000dbb5  __TI_auto_init                      
0000dc25  __TI_decompress_lzss                
0000dc91  C$$EXIT                             
0000dc95  abort                               
0000dc9d  exit                                
0000dce0  __aeabi_uidiv                       
0000dce0  __aeabi_uidivmod                    
0000dd31  copy_in                             
0000dd7d  _register_unlock                    
0000dd83  _register_lock                      
0000dd8b  _nop                                
0000dd91  __TI_decompress_none                
0000dd9f  __TI_zero_init                      
0000ddab  _system_post_cinit                  
0000ddac  phantomInterrupt                    
0000e4f0  crc16_table                         
0000e968  __TI_Handler_Table_Base             
0000e974  __TI_Handler_Table_Limit            
0000e980  __TI_CINIT_Base                     
0000e990  __TI_CINIT_Limit                    
08001500  AMS_DATA                            
0800161c  cellVoltages                        
08001684  tempData                            
080016a4  BMS_InternalTemps                   
080016b0  imdPeriod                           
080016b8  imdDutyCycle                        
080016bc  timeoutBMS                          
080016c0  timeoutCAR                          
080016c4  currentSense_75                     
080016c6  currentSense_750                    
080016c8  currentVehicleVoltage               
080016ca  currentBatteryVoltage               
080016cc  stateOfCharge                       
080016ce  minCellTemperature_Scaled           
080016d0  maxCellTemperature_Scaled           
080016d2  minCellVoltage_Scaled               
080016d4  maxCellVoltage_Scaled               
080016d6  vehicleVoltage_Scaled               
080016d8  batteryVoltage_Scaled               
080016da  peakCurrent_Scaled                  
080016dc  chargeCurrentLimit_Scaled           
080016de  dischargeCurrentLimit_Scaled        
080016e0  packCurrent_Scaled                  
080016e2  AMS_faults                          
080016e4  negativeContactorState              
080016e5  positiveContactorState              
080016e6  prechargeContactorState             
080016e7  contactorOpen                       
080016e8  contactorClosed                     
080016e9  fiveKWActive                        
080016ea  currentShortFault                   
080016eb  scOutsideSense                      
080016ec  cellOverVoltage                     
080016ed  cellUnderVoltage                    
080016ee  cellOverTemp                        
080016ef  cellUnderTemp                       
080016f0  overDischargeCurrent                
080016f1  overChargeCurrent                   
080016f2  contactorFault                      
080016f3  bmsFault                            
080016f4  imdFault                            
080016f5  bmsCommFault                        
080016f8  __TI_cleanup_ptr                    
080016fc  __TI_dtors_ptr                      
08001700  __TI_enable_exit_profile_output     
08001704  _lock                               
08001708  _unlock                             
0800170c  dataconfig00_t                      
ffffffff  __TI_pprof_out_hndl                 
ffffffff  __TI_prof_data_size                 
ffffffff  __TI_prof_data_start                
ffffffff  __binit__                           
ffffffff  __c_args__                          
ffffffff  binit                               
UNDEFED   SHT$$INIT_ARRAY$$Base               
UNDEFED   SHT$$INIT_ARRAY$$Limit              

[429 symbols]
