******************************************************************************
                  TI ARM Linker PC v16.9.6                     
******************************************************************************
>> Linked Sun May 02 00:15:42 2021

OUTPUT FILE NAME:   <FE07_AMS.out>
ENTRY POINT SYMBOL: "_c_int00"  address: 0000c064


MEMORY CONFIGURATION

         name            origin    length      used     unused   attr    fill
----------------------  --------  ---------  --------  --------  ----  --------
  VECTORS               00000000   00000020  00000020  00000000     X
  FLASH0                00000020   0017ffe0  0000e064  00171f7c  R  X
  FLASH1                00180000   00180000  00000000  00180000  R  X
  STACKS                08000000   00001500  00000000  00001500  RW  
  RAM                   08001500   0003eb00  000001a8  0003e958  RW  


SEGMENT ALLOCATION MAP

run origin  load origin   length   init length attrs members
----------  ----------- ---------- ----------- ----- -------
00000000    00000000    0000e088   0000e088    r-x
  00000000    00000000    00000020   00000020    r-x .intvecs
  00000020    00000020    0000d490   0000d490    r-x .text
  0000d4b0    0000d4b0    00000b94   00000b94    r-- .const
  0000e048    0000e048    00000040   00000040    r-- .cinit
08001500    08001500    000001a8   00000000    rw-
  08001500    08001500    00000148   00000000    rw- .bss
  08001648    08001648    00000060   00000000    rw- .data


SECTION ALLOCATION MAP

 output                                  attributes/
section   page    origin      length       input sections
--------  ----  ----------  ----------   ----------------
.intvecs   0    00000000    00000020     
                  00000000    00000020     sys_intvecs.obj (.intvecs)

.text      0    00000020    0000d490     
                  00000020    00002cdc     sys_selftest.obj (.text)
                  00002cfc    000011e0     spi.obj (.text)
                  00003edc    000010d8     BMS.obj (.text)
                  00004fb4    00000eb0     can.obj (.text)
                  00005e64    00000ea0     adc.obj (.text)
                  00006d04    00000bd8     het.obj (.text)
                  000078dc    00000b28     system.obj (.text)
                  00008404    00000a34     sci.obj (.text)
                  00008e38    00000a2c     mibspi.obj (.text)
                  00009864    0000089c     sys_vim.obj (.text)
                  0000a100    00000838     FE_AMS.obj (.text)
                  0000a938    000005d8     esm.obj (.text)
                  0000af10    000005ac     pinmux.obj (.text)
                  0000b4bc    00000484     gio.obj (.text)
                  0000b940    000003d8     sci.obj (.text:retain)
                  0000bd18    0000034c     sys_core.obj (.text)
                  0000c064    00000298     sys_startup.obj (.text:retain)
                  0000c2fc    00000290     sys_vim.obj (.text:retain)
                  0000c58c    000001fc     rti.obj (.text:retain)
                  0000c788    000001dc     notification.obj (.text)
                  0000c964    000001ac     pl455.obj (.text)
                  0000cb10    00000150     gio.obj (.text:retain)
                  0000cc60    00000114     esm.obj (.text:retain)
                  0000cd74    000000e8     dabort.obj (.text)
                  0000ce5c    000000e0     rtsv7R4_T_le_v3D16_eabi.lib : s_floor.obj (.text)
                  0000cf3c    000000e0     sys_pmu.obj (.text)
                  0000d01c    000000dc     rtsv7R4_T_le_v3D16_eabi.lib : s_ceil.obj (.text)
                  0000d0f8    000000a4     sys_main.obj (.text)
                  0000d19c    0000009c     rtsv7R4_T_le_v3D16_eabi.lib : memcpy_t2.obj (.text)
                  0000d238    0000007a                                 : memset_t2.obj (.text)
                  0000d2b2    00000002                                 : i_div0.obj (.text)
                  0000d2b4    00000070                                 : autoinit.obj (.text)
                  0000d324    0000006c                                 : copy_decompress_lzss.obj (.text:decompress:lzss)
                  0000d390    00000050                                 : exit.obj (.text)
                  0000d3e0    00000050                                 : u_div32.obj (.text)
                  0000d430    0000004c                                 : cpy_tbl.obj (.text)
                  0000d47c    00000014                                 : _lock.obj (.text)
                  0000d490    0000000e                                 : copy_decompress_none.obj (.text:decompress:none)
                  0000d49e    0000000c                                 : copy_zero_init.obj (.text:decompress:ZI)
                  0000d4aa    00000002                                 : startup.obj (.text)
                  0000d4ac    00000004     sys_phantom.obj (.text:retain)

.const     0    0000d4b0    00000b94     
                  0000d4b0    000003a0     het.obj (.const:het1PROGRAM)
                  0000d850    000003a0     het.obj (.const:het2PROGRAM)
                  0000dbf0    00000200     pl455.obj (.const:crc16_table)
                  0000ddf0    00000180     sys_vim.obj (.const:s_vim_init)
                  0000df70    00000020     het.obj (.const:s_het1pwmPolarity)
                  0000df90    00000020     het.obj (.const:s_het2pwmPolarity)
                  0000dfb0    00000018     adc.obj (.const:s_adcFiFoSize)
                  0000dfc8    00000018     adc.obj (.const:s_adcSelect)
                  0000dfe0    00000007     BMS.obj (.const:.string:$P$T14$15)
                  0000dfe7    00000006     BMS.obj (.const:.string:$P$T16$17)
                  0000dfed    00000005     BMS.obj (.const:.string:$P$T17$18)
                  0000dff2    00000005     BMS.obj (.const:.string:$P$T18$19)
                  0000dff7    00000005     BMS.obj (.const:.string:$P$T5$6)
                  0000dffc    00000005     BMS.obj (.const:.string:$P$T6$7)
                  0000e001    00000005     BMS.obj (.const:.string:$P$T7$8)
                  0000e006    00000004     BMS.obj (.const:.string:$P$T0$1)
                  0000e00a    00000004     BMS.obj (.const:.string:$P$T10$11)
                  0000e00e    00000004     BMS.obj (.const:.string:$P$T11$12)
                  0000e012    00000004     BMS.obj (.const:.string:$P$T12$13)
                  0000e016    00000004     BMS.obj (.const:.string:$P$T13$14)
                  0000e01a    00000004     BMS.obj (.const:.string:$P$T19$20)
                  0000e01e    00000004     BMS.obj (.const:.string:$P$T20$21)
                  0000e022    00000004     BMS.obj (.const:.string:$P$T23$24)
                  0000e026    00000004     BMS.obj (.const:.string:$P$T4$5)
                  0000e02a    00000004     BMS.obj (.const:.string:$P$T8$9)
                  0000e02e    00000004     BMS.obj (.const:.string:$P$T9$10)
                  0000e032    00000003     BMS.obj (.const:.string:$P$T1$2)
                  0000e035    00000003     BMS.obj (.const:.string:$P$T15$16)
                  0000e038    00000003     BMS.obj (.const:.string:$P$T2$3)
                  0000e03b    00000003     BMS.obj (.const:.string:$P$T21$22)
                  0000e03e    00000003     BMS.obj (.const:.string:$P$T22$23)
                  0000e041    00000003     BMS.obj (.const:.string:$P$T3$4)

.cinit     0    0000e048    00000040     
                  0000e048    00000019     (.cinit..data.load) [load image, compression = lzss]
                  0000e061    00000003     --HOLE-- [fill = 0]
                  0000e064    0000000c     (__TI_handler_table)
                  0000e070    00000008     (.cinit..bss.load) [load image, compression = zero_init]
                  0000e078    00000010     (__TI_cinit_table)

.bss       0    08001500    00000148     UNINITIALIZED
                  08001500    000000a4     (.common:AMS_DATA)
                  080015a4    00000078     spi.obj (.bss:g_spiPacket_t)
                  0800161c    00000028     sci.obj (.bss:g_sciTransfer_t)
                  08001644    00000004     pl455.obj (.bss)

.data      0    08001648    00000060     UNINITIALIZED
                  08001648    00000046     FE_AMS.obj (.data)
                  0800168e    00000002     --HOLE--
                  08001690    0000000c     rtsv7R4_T_le_v3D16_eabi.lib : exit.obj (.data:$O1$$)
                  0800169c    00000008                                 : _lock.obj (.data:$O1$$)
                  080016a4    00000004     FE_AMS.obj (.data:dataconfig00_t)

MODULE SUMMARY

       Module                     code    ro data   rw data
       ------                     ----    -------   -------
    .\source\
       sys_selftest.obj           11484   0         0      
       het.obj                    3032    1920      0      
       spi.obj                    4576    0         120    
       BMS.obj                    4312    100       0      
       adc.obj                    3744    48        0      
       can.obj                    3760    0         0      
       sci.obj                    3596    0         40     
       sys_vim.obj                2860    384       0      
       system.obj                 2856    0         0      
       mibspi.obj                 2604    0         0      
       FE_AMS.obj                 2104    0         238    
       esm.obj                    1772    0         0      
       gio.obj                    1492    0         0      
       pinmux.obj                 1452    0         0      
       pl455.obj                  428     512       4      
       sys_core.obj               844     0         0      
       sys_startup.obj            664     0         0      
       rti.obj                    508     0         0      
       notification.obj           476     0         0      
       dabort.obj                 232     0         0      
       sys_pmu.obj                224     0         0      
       sys_main.obj               164     0         0      
       sys_intvecs.obj            32      0         0      
       sys_phantom.obj            4       0         0      
    +--+--------------------------+-------+---------+---------+
       Total:                     53220   2964      402    
                                                           
    C:/ti/ccs740/ccsv7/tools/compiler/ti-cgt-arm_16.9.6.LTS/lib/rtsv7R4_T_le_v3D16_eabi.lib
       s_floor.obj                224     0         0      
       s_ceil.obj                 220     0         0      
       memcpy_t2.obj              156     0         0      
       memset_t2.obj              122     0         0      
       autoinit.obj               112     0         0      
       copy_decompress_lzss.obj   108     0         0      
       exit.obj                   80      0         12     
       u_div32.obj                80      0         0      
       cpy_tbl.obj                76      0         0      
       _lock.obj                  20      0         8      
       copy_decompress_none.obj   14      0         0      
       copy_zero_init.obj         12      0         0      
       i_div0.obj                 2       0         0      
       startup.obj                2       0         0      
    +--+--------------------------+-------+---------+---------+
       Total:                     1228    0         20     
                                                           
       Linker Generated:          0       61        0      
    +--+--------------------------+-------+---------+---------+
       Grand Total:               54448   3025      422    


LINKER GENERATED COPY TABLES

__TI_cinit_table @ 0000e078 records: 2, size/record: 8, table size: 16
	.data: load addr=0000e048, load size=00000019 bytes, run addr=08001648, run size=00000060 bytes, compression=lzss
	.bss: load addr=0000e070, load size=00000008 bytes, run addr=08001500, run size=00000148 bytes, compression=zero_init


LINKER GENERATED HANDLER TABLE

__TI_handler_table @ 0000e064 records: 3, size/record: 4, table size: 12
	index: 0, handler: __TI_zero_init
	index: 1, handler: __TI_decompress_lzss
	index: 2, handler: __TI_decompress_none


GLOBAL SYMBOLS: SORTED ALPHABETICALLY BY Name 

address   name                                
-------   ----                                
08001500  AMS_DATA                            
0000a53c  AMS_canTX_Car                       
0000a1d0  AMS_checkForFaults                  
0000a7f0  AMS_checkPreContactorState          
0800167a  AMS_faults                          
0000a830  AMS_process                         
0000a360  AMS_readADC                         
0000a3b8  AMS_readGIO                         
0000a4e0  AMS_readHET                         
0000a790  AMS_readSCI                         
0000a728  AMS_readSPI                         
0000a134  AMS_start_HV                        
00003edc  BMS_Init                            
00004834  BMS_checkAllFaults                  
00004750  BMS_checkFault                      
00004474  BMS_checkHeartbeats                 
000045dc  BMS_clearFaults                     
000046f4  BMS_configOversample                
000045b8  BMS_disableBottomLowSideRx          
00004594  BMS_disableTopHighSideRx            
00004e3c  BMS_getAllIndividualData            
00004d7c  BMS_getBroadcastData                
000041e4  BMS_getCRCBytes                     
000043c0  BMS_initAutoAddress                 
000043a0  BMS_initialConfig                   
000042c8  BMS_messageIsExpected               
000040fc  BMS_receiveByte                     
0000416c  BMS_receiveMessage                  
0000423c  BMS_sendMessage                     
00004408  BMS_setAddresses                    
00004a30  BMS_setAllModulesNumChannels        
00004c94  BMS_setAllOvervolt                  
00004d08  BMS_setAllUndervolt                 
00004698  BMS_setSamplePeriods                
0000463c  BMS_setSamplingDelay                
000048c8  BMS_setSingleModuleNumChannels      
00004b8c  BMS_setSingleModuleOvervolt         
00004c10  BMS_setSingleModuleUndervolt        
00004e10  BMS_syncSampleAll                   
000040d0  BMS_wakeup                          
0000d391  C$$EXIT                             
0000c9c8  CRC16                               
0000c964  CommClear                           
UNDEFED   SHT$$INIT_ARRAY$$Base               
UNDEFED   SHT$$INIT_ARRAY$$Limit              
000037e4  SpiRxStatus                         
00003758  SpiTxStatus                         
0000e078  __TI_CINIT_Base                     
0000e088  __TI_CINIT_Limit                    
0000e064  __TI_Handler_Table_Base             
0000e070  __TI_Handler_Table_Limit            
0000c05c  __TI_PINIT_Base                     
0000c060  __TI_PINIT_Limit                    
0000d2b5  __TI_auto_init                      
08001690  __TI_cleanup_ptr                    
0000d325  __TI_decompress_lzss                
0000d491  __TI_decompress_none                
08001694  __TI_dtors_ptr                      
08001698  __TI_enable_exit_profile_output     
ffffffff  __TI_pprof_out_hndl                 
ffffffff  __TI_prof_data_size                 
ffffffff  __TI_prof_data_start                
00000000  __TI_static_base__                  
0000d49f  __TI_zero_init                      
0000d2b3  __aeabi_idiv0                       
0000d239  __aeabi_memclr                      
0000d239  __aeabi_memclr4                     
0000d239  __aeabi_memclr8                     
0000d19d  __aeabi_memcpy                      
0000d19d  __aeabi_memcpy4                     
0000d19d  __aeabi_memcpy8                     
0000d23b  __aeabi_memset                      
0000d23b  __aeabi_memset4                     
0000d23b  __aeabi_memset8                     
0000d3e0  __aeabi_uidiv                       
0000d3e0  __aeabi_uidivmod                    
ffffffff  __binit__                           
ffffffff  __c_args__                          
0000c064  _c_int00                            
0000bf74  _coreClearAuxiliaryDataFault_       
0000bf88  _coreClearAuxiliaryInstructionFault_
0000bf4c  _coreClearDataFaultAddress_         
0000bf24  _coreClearDataFault_                
0000bf60  _coreClearInstructionFaultAddress_  
0000bf38  _coreClearInstructionFault_         
0000beb8  _coreDisableEventBusExport_         
0000befc  _coreDisableFlashEcc_               
0000bed8  _coreDisableRamEcc_                 
0000bea8  _coreEnableEventBusExport_          
0000bee8  _coreEnableFlashEcc_                
0000bf0c  _coreEnableIrqVicOffset_            
0000bec8  _coreEnableRamEcc_                  
0000be90  _coreEnableVfp_                     
0000bf6c  _coreGetAuxiliaryDataFault_         
0000bf80  _coreGetAuxiliaryInstructionFault_  
0000bf44  _coreGetDataFaultAddress_           
0000bf1c  _coreGetDataFault_                  
0000bf58  _coreGetInstructionFaultAddress_    
0000bf30  _coreGetInstructionFault_           
0000bd18  _coreInitRegisters_                 
0000be24  _coreInitStackPointer_              
0000cd74  _dabort                             
0000bf9c  _disable_FIQ_interrupt_             
0000bfa4  _disable_IRQ_interrupt_             
0000bf94  _disable_interrupt_                 
0000bfac  _enable_interrupt_                  
0000c03c  _errata_CORTEXR4_57_                
0000c04c  _errata_CORTEXR4_66_                
0000bfb4  _esmCcmErrorsClear_                 
0000be70  _getCPSRValue_                      
0000be78  _gotoCPUIdle_                       
0800169c  _lock                               
0000d48b  _nop                                
0000cf98  _pmuDisableCountersGlobal_          
0000cf88  _pmuEnableCountersGlobal_           
0000cff4  _pmuGetCycleCount_                  
0000cffc  _pmuGetEventCount_                  
0000d008  _pmuGetOverflow_                    
0000cf3c  _pmuInit_                           
0000cfc8  _pmuResetCounters_                  
0000cfa8  _pmuResetCycleCounter_              
0000cfb8  _pmuResetEventCounters_             
0000cfe8  _pmuSetCountEvent_                  
0000cfd8  _pmuStartCounters_                  
0000cfe0  _pmuStopCounters_                   
0000d483  _register_lock                      
0000d47d  _register_unlock                    
0000d4ab  _system_post_cinit                  
080016a0  _unlock                             
0000d395  abort                               
00006838  adc1GetConfigValue                  
0000126c  adc1ParityCheck                     
00006a38  adc2GetConfigValue                  
00001358  adc2ParityCheck                     
00006414  adcCalibration                      
000067d8  adcDisableNotification              
00006788  adcEnableNotification               
000061ec  adcGetData                          
00006820  adcGetEVTPin                        
00005e64  adcInit                             
000063e4  adcIsConversionComplete             
000063b4  adcIsFifoFull                       
000065ec  adcMidPointCalibration              
0000c7f0  adcNotification                     
000061c4  adcResetFiFo                        
00006800  adcSetEVTPin                        
00006118  adcStartConversion                  
0000619c  adcStopConversion                   
08001670  batteryVoltage_Scaled               
ffffffff  binit                               
0800168d  bmsCommFault                        
0800168b  bmsFault                            
0000599c  can1GetConfigValue                  
00001410  can1ParityCheck                     
00005af4  can2GetConfigValue                  
000014e8  can2ParityCheck                     
00005c4c  can3GetConfigValue                  
000015b0  can3ParityCheck                     
0000583c  canDisableErrorNotification         
0000581c  canDisableStatusChangeNotification  
00005894  canDisableloopback                  
000057dc  canEnableErrorNotification          
000057fc  canEnableStatusChangeNotification   
0000585c  canEnableloopback                   
0000c804  canErrorNotification                
0000558c  canFillMessageObjectData            
000052bc  canGetData                          
000057b8  canGetErrorLevel                    
0000540c  canGetID                            
00005794  canGetLastError                     
00004fb4  canInit                             
00005980  canIoRxGetBit                       
000058c4  canIoSetDirection                   
00005914  canIoSetPort                        
00005964  canIoTxGetBit                       
00005738  canIsMessageBoxValid                
000056dc  canIsRxMessageArrived               
00005680  canIsTxMessagePending               
0000c82c  canMessageNotification              
000054ec  canSendRemoteFrame                  
0000c818  canStatusChangeNotification         
000051c8  canTransmit                         
00005474  canUpdateID                         
0000741c  capGetSignal                        
00000030  ccmSelfCheck                        
000026fc  ccmr4GetConfigValue                 
0000d01d  ceil                                
0000d01d  ceill                               
08001686  cellOverTemp                        
08001684  cellOverVoltage                     
08001687  cellUnderTemp                       
08001685  cellUnderVoltage                    
08001674  chargeCurrentLimit_Scaled           
00000938  checkB0RAMECC                       
00000b28  checkB1RAMECC                       
00001c18  checkClockMonitor                   
00000d18  checkFlashECC                       
00001cf4  checkFlashEEPROMECC                 
00001e8c  checkPLL1Slip                       
00001f8c  checkPLL2Slip                       
00002050  checkRAMAddrParity                  
000019d0  checkRAMECC                         
0000215c  checkRAMUERRTest                    
000007bc  checkefcSelfTest                    
08001680  contactorClosed                     
0800168a  contactorFault                      
0800167f  contactorOpen                       
0000d431  copy_in                             
00000234  cpuSelfTest                         
00000dfc  cpuSelfTestFail                     
0000dbf0  crc16_table                         
0000c91c  crcNotification                     
08001662  currentBatteryVoltage               
0800165c  currentSense_75                     
0800165e  currentSense_750                    
08001682  currentShortFault                   
08001660  currentVehicleVoltage               
00000df4  custom_dabort                       
080016a4  dataconfig00_t                      
0000c840  dccNotification                     
0000ca58  delayms                             
0000caa0  delayus                             
00002b58  disableParity                       
08001676  dischargeCurrentLimit_Scaled        
0000c930  dmaGroupANotification               
00000eac  dmaParityCheck                      
000073dc  edgeDisableNotification             
000073a0  edgeEnableNotification              
00007374  edgeGetCounter                      
0000c8f4  edgeNotification                    
00007348  edgeResetCounter                    
00000660  efcCheck                            
00002660  efcGetConfigValue                   
00000794  efcSelfTest                         
000006e8  efcStuckZeroTest                    
0000c954  emacRxNotification                  
0000c944  emacTxNotification                  
00002ad0  enableParity                        
0000276c  errata_PBIST_4                      
0000aac4  esmActivateNormalOperation          
0000aba8  esmClearStatus                      
0000abec  esmClearStatusBuffer                
0000aa88  esmDisableError                     
0000ab00  esmDisableInterrupt                 
0000aa5c  esmEnableError                      
0000aad4  esmEnableInterrupt                  
0000ace4  esmEnterSelfTest                    
0000aa40  esmError                            
0000adbc  esmGetConfigValue                   
0000ac28  esmGetStatus                        
0000acac  esmGetStatusBuffer                  
0000c788  esmGroup1Notification               
0000c798  esmGroup2Notification               
0000cc60  esmHighInterrupt                    
0000a938  esmInit                             
0000ad6c  esmSelfTestStatus                   
0000ac08  esmSetCounterPreloadValue           
0000ab2c  esmSetInterruptLevel                
0000aab4  esmTriggerErrorPinReset             
0000d39d  exit                                
08001681  fiveKWActive                        
0000ce5d  floor                               
0000ce5d  floorl                              
000022c4  fmcBus1ParityCheck                  
0000085c  fmcBus2Check                        
00000898  fmcECCcheck                         
0000a794  getBMSData                          
0000a100  getDelta                            
0000b71c  gioDisableNotification              
0000b6b4  gioEnableNotification               
0000b61c  gioGetBit                           
0000b784  gioGetConfigValue                   
0000b644  gioGetPort                          
0000cb10  gioHighLevelInterrupt               
0000b4bc  gioInit                             
0000cbc0  gioLowLevelInterrupt                
0000c854  gioNotification                     
0000b5ac  gioSetBit                           
0000b58c  gioSetDirection                     
0000b5fc  gioSetPort                          
0000b65c  gioToggleBit                        
00007528  het1GetConfigValue                  
00000f58  het1ParityCheck                     
000076b8  het2GetConfigValue                  
000010c0  het2ParityCheck                     
00007510  hetGetTimestamp                     
00006d04  hetInit                             
0000c908  hetNotification                     
000074f4  hetResetTimestamp                   
00001004  htu1ParityCheck                     
000011bc  htu2ParityCheck                     
0000c868  i2cNotification                     
08001650  imdDutyCycle                        
0800168c  imdFault                            
08001648  imdPeriod                           
0000d0f8  main                                
00007a18  mapClocks                           
08001668  maxCellTemperature_Scaled           
0800166c  maxCellVoltage_Scaled               
0000d19d  memcpy                              
00000174  memoryInit                          
0000c7a8  memoryPort0TestFailNotification     
0000c7c4  memoryPort1TestFailNotification     
0000d241  memset                              
00001684  mibspi1ParityCheck                  
0000178c  mibspi3ParityCheck                  
000094f8  mibspi5GetConfigValue               
000018b0  mibspi5ParityCheck                  
000094c4  mibspiDisableGroupNotification      
000093d0  mibspiDisableLoopback               
0000943c  mibspiEnableGroupNotification       
0000939c  mibspiEnableLoopback                
000091b4  mibspiGetData                       
0000c890  mibspiGroupNotification             
00008e38  mibspiInit                          
00009330  mibspiIsTransferComplete            
0000c87c  mibspiNotification                  
000093ec  mibspiPmodeSet                      
000090a8  mibspiSetData                       
00009088  mibspiSetFunctional                 
00009300  mibspiTransfer                      
08001666  minCellTemperature_Scaled           
0800166a  minCellVoltage_Scaled               
0000af10  muxInit                             
0800167c  negativeContactorState              
08001689  overChargeCurrent                   
08001688  overDischargeCurrent                
08001678  packCurrent_Scaled                  
000023ec  pbistFail                           
00002470  pbistGetConfigValue                 
000005a8  pbistIsTestCompleted                
000005d4  pbistIsTestPassed                   
00000608  pbistPortTestStatus                 
000004ac  pbistRun                            
000002cc  pbistSelfCheck                      
00000578  pbistStop                           
08001672  peakCurrent_Scaled                  
000079c4  periphInit                          
0000d4ac  phantomInterrupt                    
0000b1f8  pinmuxGetConfigValue                
0800167d  positiveContactorState              
0800167e  prechargeContactorState             
00007318  pwmDisableNotification              
000072d0  pwmEnableNotification               
000071f0  pwmGetSignal                        
0000c8dc  pwmNotification                     
00006ef0  pwmSetDuty                          
00007040  pwmSetSignal                        
00006e88  pwmStart                            
00006ebc  pwmStop                             
00000000  resetEntry                          
0000c58c  rtiCompare0Interrupt                
0000c5d4  rtiCompare1Interrupt                
0000c61c  rtiCompare2Interrupt                
0000c664  rtiCompare3Interrupt                
0000c7e0  rtiNotification                     
0000c6f4  rtiOverflow0Interrupt               
0000c73c  rtiOverflow1Interrupt               
0000c6ac  rtiTimebaseInterrupt                
08001683  scOutsideSense                      
000089b4  sciDisableLoopback                  
00008a40  sciDisableNotification              
00008980  sciEnableLoopback                   
000089d8  sciEnableNotification               
00008aa8  sciEnterResetState                  
00008ac8  sciExitResetState                   
00008ae8  sciGetConfigValue                   
0000b940  sciHighLevelInterrupt               
00008404  sciInit                             
00008830  sciIsIdleDetected                   
00008814  sciIsRxReady                        
00008694  sciIsTxReady                        
0000bb10  sciLowLevelInterrupt                
0000c8a4  sciNotification                     
000088a8  sciReceive                          
0000887c  sciReceiveByte                      
0000884c  sciRxError                          
000086e0  sciSend                             
000086b0  sciSendByte                         
000085f8  sciSetBaudrate                      
000085d8  sciSetFunctional                    
00008c40  scilinGetConfigValue                
00000020  selftestFailNotification            
0000a344  setCurrentBatteryVoltage            
0000a328  setCurrentVehicleVoltage            
00007984  setupFlash                          
000078dc  setupPLL                            
0000391c  spi1GetConfigValue                  
00003aac  spi3GetConfigValue                  
00003c8c  spi4GetConfigValue                  
000038a4  spiDisableLoopback                  
000038f0  spiDisableNotification              
00003870  spiEnableLoopback                   
000038c0  spiEnableNotification               
0000c8cc  spiEndNotification                  
000031c0  spiGetData                          
00002cfc  spiInit                             
0000c8b8  spiNotification                     
000030a4  spiReceiveData                      
00003618  spiSendAndGetData                   
000033e4  spiSendData                         
00003084  spiSetFunctional                    
000034dc  spiTransmitAndReceiveData           
000032b8  spiTransmitData                     
000081fc  sramGetConfigValue                  
08001664  stateOfCharge                       
000025bc  stcGetConfigValue                   
000001b8  stcSelfCheck                        
00000df8  stcSelfCheckFail                    
00007c3c  systemGetConfigValue                
00007b40  systemInit                          
00007c0c  systemPowerDown                     
00008050  tcmflashGetConfigValue              
08001654  timeoutBMS                          
08001658  timeoutCAR                          
0000793c  trimLPO                             
0800166e  vehicleVoltage_Scaled               
00009938  vimChannelMap                       
00009b34  vimDisableInterrupt                 
000099dc  vimEnableInterrupt                  
00009bb8  vimGetConfigValue                   
00009864  vimInit                             
00000e00  vimParityCheck                      
0000c2fc  vimParityErrorHandler               


GLOBAL SYMBOLS: SORTED BY Symbol Address 

address   name                                
-------   ----                                
00000000  __TI_static_base__                  
00000000  resetEntry                          
00000020  selftestFailNotification            
00000030  ccmSelfCheck                        
00000174  memoryInit                          
000001b8  stcSelfCheck                        
00000234  cpuSelfTest                         
000002cc  pbistSelfCheck                      
000004ac  pbistRun                            
00000578  pbistStop                           
000005a8  pbistIsTestCompleted                
000005d4  pbistIsTestPassed                   
00000608  pbistPortTestStatus                 
00000660  efcCheck                            
000006e8  efcStuckZeroTest                    
00000794  efcSelfTest                         
000007bc  checkefcSelfTest                    
0000085c  fmcBus2Check                        
00000898  fmcECCcheck                         
00000938  checkB0RAMECC                       
00000b28  checkB1RAMECC                       
00000d18  checkFlashECC                       
00000df4  custom_dabort                       
00000df8  stcSelfCheckFail                    
00000dfc  cpuSelfTestFail                     
00000e00  vimParityCheck                      
00000eac  dmaParityCheck                      
00000f58  het1ParityCheck                     
00001004  htu1ParityCheck                     
000010c0  het2ParityCheck                     
000011bc  htu2ParityCheck                     
0000126c  adc1ParityCheck                     
00001358  adc2ParityCheck                     
00001410  can1ParityCheck                     
000014e8  can2ParityCheck                     
000015b0  can3ParityCheck                     
00001684  mibspi1ParityCheck                  
0000178c  mibspi3ParityCheck                  
000018b0  mibspi5ParityCheck                  
000019d0  checkRAMECC                         
00001c18  checkClockMonitor                   
00001cf4  checkFlashEEPROMECC                 
00001e8c  checkPLL1Slip                       
00001f8c  checkPLL2Slip                       
00002050  checkRAMAddrParity                  
0000215c  checkRAMUERRTest                    
000022c4  fmcBus1ParityCheck                  
000023ec  pbistFail                           
00002470  pbistGetConfigValue                 
000025bc  stcGetConfigValue                   
00002660  efcGetConfigValue                   
000026fc  ccmr4GetConfigValue                 
0000276c  errata_PBIST_4                      
00002ad0  enableParity                        
00002b58  disableParity                       
00002cfc  spiInit                             
00003084  spiSetFunctional                    
000030a4  spiReceiveData                      
000031c0  spiGetData                          
000032b8  spiTransmitData                     
000033e4  spiSendData                         
000034dc  spiTransmitAndReceiveData           
00003618  spiSendAndGetData                   
00003758  SpiTxStatus                         
000037e4  SpiRxStatus                         
00003870  spiEnableLoopback                   
000038a4  spiDisableLoopback                  
000038c0  spiEnableNotification               
000038f0  spiDisableNotification              
0000391c  spi1GetConfigValue                  
00003aac  spi3GetConfigValue                  
00003c8c  spi4GetConfigValue                  
00003edc  BMS_Init                            
000040d0  BMS_wakeup                          
000040fc  BMS_receiveByte                     
0000416c  BMS_receiveMessage                  
000041e4  BMS_getCRCBytes                     
0000423c  BMS_sendMessage                     
000042c8  BMS_messageIsExpected               
000043a0  BMS_initialConfig                   
000043c0  BMS_initAutoAddress                 
00004408  BMS_setAddresses                    
00004474  BMS_checkHeartbeats                 
00004594  BMS_disableTopHighSideRx            
000045b8  BMS_disableBottomLowSideRx          
000045dc  BMS_clearFaults                     
0000463c  BMS_setSamplingDelay                
00004698  BMS_setSamplePeriods                
000046f4  BMS_configOversample                
00004750  BMS_checkFault                      
00004834  BMS_checkAllFaults                  
000048c8  BMS_setSingleModuleNumChannels      
00004a30  BMS_setAllModulesNumChannels        
00004b8c  BMS_setSingleModuleOvervolt         
00004c10  BMS_setSingleModuleUndervolt        
00004c94  BMS_setAllOvervolt                  
00004d08  BMS_setAllUndervolt                 
00004d7c  BMS_getBroadcastData                
00004e10  BMS_syncSampleAll                   
00004e3c  BMS_getAllIndividualData            
00004fb4  canInit                             
000051c8  canTransmit                         
000052bc  canGetData                          
0000540c  canGetID                            
00005474  canUpdateID                         
000054ec  canSendRemoteFrame                  
0000558c  canFillMessageObjectData            
00005680  canIsTxMessagePending               
000056dc  canIsRxMessageArrived               
00005738  canIsMessageBoxValid                
00005794  canGetLastError                     
000057b8  canGetErrorLevel                    
000057dc  canEnableErrorNotification          
000057fc  canEnableStatusChangeNotification   
0000581c  canDisableStatusChangeNotification  
0000583c  canDisableErrorNotification         
0000585c  canEnableloopback                   
00005894  canDisableloopback                  
000058c4  canIoSetDirection                   
00005914  canIoSetPort                        
00005964  canIoTxGetBit                       
00005980  canIoRxGetBit                       
0000599c  can1GetConfigValue                  
00005af4  can2GetConfigValue                  
00005c4c  can3GetConfigValue                  
00005e64  adcInit                             
00006118  adcStartConversion                  
0000619c  adcStopConversion                   
000061c4  adcResetFiFo                        
000061ec  adcGetData                          
000063b4  adcIsFifoFull                       
000063e4  adcIsConversionComplete             
00006414  adcCalibration                      
000065ec  adcMidPointCalibration              
00006788  adcEnableNotification               
000067d8  adcDisableNotification              
00006800  adcSetEVTPin                        
00006820  adcGetEVTPin                        
00006838  adc1GetConfigValue                  
00006a38  adc2GetConfigValue                  
00006d04  hetInit                             
00006e88  pwmStart                            
00006ebc  pwmStop                             
00006ef0  pwmSetDuty                          
00007040  pwmSetSignal                        
000071f0  pwmGetSignal                        
000072d0  pwmEnableNotification               
00007318  pwmDisableNotification              
00007348  edgeResetCounter                    
00007374  edgeGetCounter                      
000073a0  edgeEnableNotification              
000073dc  edgeDisableNotification             
0000741c  capGetSignal                        
000074f4  hetResetTimestamp                   
00007510  hetGetTimestamp                     
00007528  het1GetConfigValue                  
000076b8  het2GetConfigValue                  
000078dc  setupPLL                            
0000793c  trimLPO                             
00007984  setupFlash                          
000079c4  periphInit                          
00007a18  mapClocks                           
00007b40  systemInit                          
00007c0c  systemPowerDown                     
00007c3c  systemGetConfigValue                
00008050  tcmflashGetConfigValue              
000081fc  sramGetConfigValue                  
00008404  sciInit                             
000085d8  sciSetFunctional                    
000085f8  sciSetBaudrate                      
00008694  sciIsTxReady                        
000086b0  sciSendByte                         
000086e0  sciSend                             
00008814  sciIsRxReady                        
00008830  sciIsIdleDetected                   
0000884c  sciRxError                          
0000887c  sciReceiveByte                      
000088a8  sciReceive                          
00008980  sciEnableLoopback                   
000089b4  sciDisableLoopback                  
000089d8  sciEnableNotification               
00008a40  sciDisableNotification              
00008aa8  sciEnterResetState                  
00008ac8  sciExitResetState                   
00008ae8  sciGetConfigValue                   
00008c40  scilinGetConfigValue                
00008e38  mibspiInit                          
00009088  mibspiSetFunctional                 
000090a8  mibspiSetData                       
000091b4  mibspiGetData                       
00009300  mibspiTransfer                      
00009330  mibspiIsTransferComplete            
0000939c  mibspiEnableLoopback                
000093d0  mibspiDisableLoopback               
000093ec  mibspiPmodeSet                      
0000943c  mibspiEnableGroupNotification       
000094c4  mibspiDisableGroupNotification      
000094f8  mibspi5GetConfigValue               
00009864  vimInit                             
00009938  vimChannelMap                       
000099dc  vimEnableInterrupt                  
00009b34  vimDisableInterrupt                 
00009bb8  vimGetConfigValue                   
0000a100  getDelta                            
0000a134  AMS_start_HV                        
0000a1d0  AMS_checkForFaults                  
0000a328  setCurrentVehicleVoltage            
0000a344  setCurrentBatteryVoltage            
0000a360  AMS_readADC                         
0000a3b8  AMS_readGIO                         
0000a4e0  AMS_readHET                         
0000a53c  AMS_canTX_Car                       
0000a728  AMS_readSPI                         
0000a790  AMS_readSCI                         
0000a794  getBMSData                          
0000a7f0  AMS_checkPreContactorState          
0000a830  AMS_process                         
0000a938  esmInit                             
0000aa40  esmError                            
0000aa5c  esmEnableError                      
0000aa88  esmDisableError                     
0000aab4  esmTriggerErrorPinReset             
0000aac4  esmActivateNormalOperation          
0000aad4  esmEnableInterrupt                  
0000ab00  esmDisableInterrupt                 
0000ab2c  esmSetInterruptLevel                
0000aba8  esmClearStatus                      
0000abec  esmClearStatusBuffer                
0000ac08  esmSetCounterPreloadValue           
0000ac28  esmGetStatus                        
0000acac  esmGetStatusBuffer                  
0000ace4  esmEnterSelfTest                    
0000ad6c  esmSelfTestStatus                   
0000adbc  esmGetConfigValue                   
0000af10  muxInit                             
0000b1f8  pinmuxGetConfigValue                
0000b4bc  gioInit                             
0000b58c  gioSetDirection                     
0000b5ac  gioSetBit                           
0000b5fc  gioSetPort                          
0000b61c  gioGetBit                           
0000b644  gioGetPort                          
0000b65c  gioToggleBit                        
0000b6b4  gioEnableNotification               
0000b71c  gioDisableNotification              
0000b784  gioGetConfigValue                   
0000b940  sciHighLevelInterrupt               
0000bb10  sciLowLevelInterrupt                
0000bd18  _coreInitRegisters_                 
0000be24  _coreInitStackPointer_              
0000be70  _getCPSRValue_                      
0000be78  _gotoCPUIdle_                       
0000be90  _coreEnableVfp_                     
0000bea8  _coreEnableEventBusExport_          
0000beb8  _coreDisableEventBusExport_         
0000bec8  _coreEnableRamEcc_                  
0000bed8  _coreDisableRamEcc_                 
0000bee8  _coreEnableFlashEcc_                
0000befc  _coreDisableFlashEcc_               
0000bf0c  _coreEnableIrqVicOffset_            
0000bf1c  _coreGetDataFault_                  
0000bf24  _coreClearDataFault_                
0000bf30  _coreGetInstructionFault_           
0000bf38  _coreClearInstructionFault_         
0000bf44  _coreGetDataFaultAddress_           
0000bf4c  _coreClearDataFaultAddress_         
0000bf58  _coreGetInstructionFaultAddress_    
0000bf60  _coreClearInstructionFaultAddress_  
0000bf6c  _coreGetAuxiliaryDataFault_         
0000bf74  _coreClearAuxiliaryDataFault_       
0000bf80  _coreGetAuxiliaryInstructionFault_  
0000bf88  _coreClearAuxiliaryInstructionFault_
0000bf94  _disable_interrupt_                 
0000bf9c  _disable_FIQ_interrupt_             
0000bfa4  _disable_IRQ_interrupt_             
0000bfac  _enable_interrupt_                  
0000bfb4  _esmCcmErrorsClear_                 
0000c03c  _errata_CORTEXR4_57_                
0000c04c  _errata_CORTEXR4_66_                
0000c05c  __TI_PINIT_Base                     
0000c060  __TI_PINIT_Limit                    
0000c064  _c_int00                            
0000c2fc  vimParityErrorHandler               
0000c58c  rtiCompare0Interrupt                
0000c5d4  rtiCompare1Interrupt                
0000c61c  rtiCompare2Interrupt                
0000c664  rtiCompare3Interrupt                
0000c6ac  rtiTimebaseInterrupt                
0000c6f4  rtiOverflow0Interrupt               
0000c73c  rtiOverflow1Interrupt               
0000c788  esmGroup1Notification               
0000c798  esmGroup2Notification               
0000c7a8  memoryPort0TestFailNotification     
0000c7c4  memoryPort1TestFailNotification     
0000c7e0  rtiNotification                     
0000c7f0  adcNotification                     
0000c804  canErrorNotification                
0000c818  canStatusChangeNotification         
0000c82c  canMessageNotification              
0000c840  dccNotification                     
0000c854  gioNotification                     
0000c868  i2cNotification                     
0000c87c  mibspiNotification                  
0000c890  mibspiGroupNotification             
0000c8a4  sciNotification                     
0000c8b8  spiNotification                     
0000c8cc  spiEndNotification                  
0000c8dc  pwmNotification                     
0000c8f4  edgeNotification                    
0000c908  hetNotification                     
0000c91c  crcNotification                     
0000c930  dmaGroupANotification               
0000c944  emacTxNotification                  
0000c954  emacRxNotification                  
0000c964  CommClear                           
0000c9c8  CRC16                               
0000ca58  delayms                             
0000caa0  delayus                             
0000cb10  gioHighLevelInterrupt               
0000cbc0  gioLowLevelInterrupt                
0000cc60  esmHighInterrupt                    
0000cd74  _dabort                             
0000ce5d  floor                               
0000ce5d  floorl                              
0000cf3c  _pmuInit_                           
0000cf88  _pmuEnableCountersGlobal_           
0000cf98  _pmuDisableCountersGlobal_          
0000cfa8  _pmuResetCycleCounter_              
0000cfb8  _pmuResetEventCounters_             
0000cfc8  _pmuResetCounters_                  
0000cfd8  _pmuStartCounters_                  
0000cfe0  _pmuStopCounters_                   
0000cfe8  _pmuSetCountEvent_                  
0000cff4  _pmuGetCycleCount_                  
0000cffc  _pmuGetEventCount_                  
0000d008  _pmuGetOverflow_                    
0000d01d  ceil                                
0000d01d  ceill                               
0000d0f8  main                                
0000d19d  __aeabi_memcpy                      
0000d19d  __aeabi_memcpy4                     
0000d19d  __aeabi_memcpy8                     
0000d19d  memcpy                              
0000d239  __aeabi_memclr                      
0000d239  __aeabi_memclr4                     
0000d239  __aeabi_memclr8                     
0000d23b  __aeabi_memset                      
0000d23b  __aeabi_memset4                     
0000d23b  __aeabi_memset8                     
0000d241  memset                              
0000d2b3  __aeabi_idiv0                       
0000d2b5  __TI_auto_init                      
0000d325  __TI_decompress_lzss                
0000d391  C$$EXIT                             
0000d395  abort                               
0000d39d  exit                                
0000d3e0  __aeabi_uidiv                       
0000d3e0  __aeabi_uidivmod                    
0000d431  copy_in                             
0000d47d  _register_unlock                    
0000d483  _register_lock                      
0000d48b  _nop                                
0000d491  __TI_decompress_none                
0000d49f  __TI_zero_init                      
0000d4ab  _system_post_cinit                  
0000d4ac  phantomInterrupt                    
0000dbf0  crc16_table                         
0000e064  __TI_Handler_Table_Base             
0000e070  __TI_Handler_Table_Limit            
0000e078  __TI_CINIT_Base                     
0000e088  __TI_CINIT_Limit                    
08001500  AMS_DATA                            
08001648  imdPeriod                           
08001650  imdDutyCycle                        
08001654  timeoutBMS                          
08001658  timeoutCAR                          
0800165c  currentSense_75                     
0800165e  currentSense_750                    
08001660  currentVehicleVoltage               
08001662  currentBatteryVoltage               
08001664  stateOfCharge                       
08001666  minCellTemperature_Scaled           
08001668  maxCellTemperature_Scaled           
0800166a  minCellVoltage_Scaled               
0800166c  maxCellVoltage_Scaled               
0800166e  vehicleVoltage_Scaled               
08001670  batteryVoltage_Scaled               
08001672  peakCurrent_Scaled                  
08001674  chargeCurrentLimit_Scaled           
08001676  dischargeCurrentLimit_Scaled        
08001678  packCurrent_Scaled                  
0800167a  AMS_faults                          
0800167c  negativeContactorState              
0800167d  positiveContactorState              
0800167e  prechargeContactorState             
0800167f  contactorOpen                       
08001680  contactorClosed                     
08001681  fiveKWActive                        
08001682  currentShortFault                   
08001683  scOutsideSense                      
08001684  cellOverVoltage                     
08001685  cellUnderVoltage                    
08001686  cellOverTemp                        
08001687  cellUnderTemp                       
08001688  overDischargeCurrent                
08001689  overChargeCurrent                   
0800168a  contactorFault                      
0800168b  bmsFault                            
0800168c  imdFault                            
0800168d  bmsCommFault                        
08001690  __TI_cleanup_ptr                    
08001694  __TI_dtors_ptr                      
08001698  __TI_enable_exit_profile_output     
0800169c  _lock                               
080016a0  _unlock                             
080016a4  dataconfig00_t                      
ffffffff  __TI_pprof_out_hndl                 
ffffffff  __TI_prof_data_size                 
ffffffff  __TI_prof_data_start                
ffffffff  __binit__                           
ffffffff  __c_args__                          
ffffffff  binit                               
UNDEFED   SHT$$INIT_ARRAY$$Base               
UNDEFED   SHT$$INIT_ARRAY$$Limit              

[424 symbols]
