<?xml version="1.0"?>
<link_info>
   <banner>TI ARM Linker PC v16.9.6.LTS</banner>
   <copyright>Copyright (c) 1996-2017 Texas Instruments Incorporated</copyright>
   <link_time>0x6077777a</link_time>
   <link_errors>0x0</link_errors>
   <output_file>FE07_AMS.out</output_file>
   <entry_point>
      <name>_c_int00</name>
      <address>0x5fec</address>
   </entry_point>
   <input_file_list>
      <input_file id="fl-2">
         <path>.\source\</path>
         <kind>object</kind>
         <file>adc.obj</file>
         <name>adc.obj</name>
      </input_file>
      <input_file id="fl-3">
         <path>.\source\</path>
         <kind>object</kind>
         <file>can.obj</file>
         <name>can.obj</name>
      </input_file>
      <input_file id="fl-4">
         <path>.\source\</path>
         <kind>object</kind>
         <file>crc.obj</file>
         <name>crc.obj</name>
      </input_file>
      <input_file id="fl-5">
         <path>.\source\</path>
         <kind>object</kind>
         <file>dabort.obj</file>
         <name>dabort.obj</name>
      </input_file>
      <input_file id="fl-6">
         <path>.\source\</path>
         <kind>object</kind>
         <file>dcc.obj</file>
         <name>dcc.obj</name>
      </input_file>
      <input_file id="fl-7">
         <path>.\source\</path>
         <kind>object</kind>
         <file>emac.obj</file>
         <name>emac.obj</name>
      </input_file>
      <input_file id="fl-8">
         <path>.\source\</path>
         <kind>object</kind>
         <file>esm.obj</file>
         <name>esm.obj</name>
      </input_file>
      <input_file id="fl-9">
         <path>.\source\</path>
         <kind>object</kind>
         <file>gio.obj</file>
         <name>gio.obj</name>
      </input_file>
      <input_file id="fl-a">
         <path>.\source\</path>
         <kind>object</kind>
         <file>het.obj</file>
         <name>het.obj</name>
      </input_file>
      <input_file id="fl-b">
         <path>.\source\</path>
         <kind>object</kind>
         <file>i2c.obj</file>
         <name>i2c.obj</name>
      </input_file>
      <input_file id="fl-c">
         <path>.\source\</path>
         <kind>object</kind>
         <file>lin.obj</file>
         <name>lin.obj</name>
      </input_file>
      <input_file id="fl-d">
         <path>.\source\</path>
         <kind>object</kind>
         <file>mdio.obj</file>
         <name>mdio.obj</name>
      </input_file>
      <input_file id="fl-e">
         <path>.\source\</path>
         <kind>object</kind>
         <file>mibspi.obj</file>
         <name>mibspi.obj</name>
      </input_file>
      <input_file id="fl-f">
         <path>.\source\</path>
         <kind>object</kind>
         <file>notification.obj</file>
         <name>notification.obj</name>
      </input_file>
      <input_file id="fl-10">
         <path>.\source\</path>
         <kind>object</kind>
         <file>phy_dp83640.obj</file>
         <name>phy_dp83640.obj</name>
      </input_file>
      <input_file id="fl-11">
         <path>.\source\</path>
         <kind>object</kind>
         <file>pinmux.obj</file>
         <name>pinmux.obj</name>
      </input_file>
      <input_file id="fl-12">
         <path>.\source\</path>
         <kind>object</kind>
         <file>rti.obj</file>
         <name>rti.obj</name>
      </input_file>
      <input_file id="fl-13">
         <path>.\source\</path>
         <kind>object</kind>
         <file>sci.obj</file>
         <name>sci.obj</name>
      </input_file>
      <input_file id="fl-14">
         <path>.\source\</path>
         <kind>object</kind>
         <file>spi.obj</file>
         <name>spi.obj</name>
      </input_file>
      <input_file id="fl-15">
         <path>.\source\</path>
         <kind>object</kind>
         <file>sys_core.obj</file>
         <name>sys_core.obj</name>
      </input_file>
      <input_file id="fl-16">
         <path>.\source\</path>
         <kind>object</kind>
         <file>sys_dma.obj</file>
         <name>sys_dma.obj</name>
      </input_file>
      <input_file id="fl-17">
         <path>.\source\</path>
         <kind>object</kind>
         <file>sys_intvecs.obj</file>
         <name>sys_intvecs.obj</name>
      </input_file>
      <input_file id="fl-18">
         <path>.\source\</path>
         <kind>object</kind>
         <file>sys_main.obj</file>
         <name>sys_main.obj</name>
      </input_file>
      <input_file id="fl-19">
         <path>.\source\</path>
         <kind>object</kind>
         <file>sys_mpu.obj</file>
         <name>sys_mpu.obj</name>
      </input_file>
      <input_file id="fl-1a">
         <path>.\source\</path>
         <kind>object</kind>
         <file>sys_pcr.obj</file>
         <name>sys_pcr.obj</name>
      </input_file>
      <input_file id="fl-1b">
         <path>.\source\</path>
         <kind>object</kind>
         <file>sys_phantom.obj</file>
         <name>sys_phantom.obj</name>
      </input_file>
      <input_file id="fl-1c">
         <path>.\source\</path>
         <kind>object</kind>
         <file>sys_pmm.obj</file>
         <name>sys_pmm.obj</name>
      </input_file>
      <input_file id="fl-1d">
         <path>.\source\</path>
         <kind>object</kind>
         <file>sys_pmu.obj</file>
         <name>sys_pmu.obj</name>
      </input_file>
      <input_file id="fl-1e">
         <path>.\source\</path>
         <kind>object</kind>
         <file>sys_selftest.obj</file>
         <name>sys_selftest.obj</name>
      </input_file>
      <input_file id="fl-1f">
         <path>.\source\</path>
         <kind>object</kind>
         <file>sys_startup.obj</file>
         <name>sys_startup.obj</name>
      </input_file>
      <input_file id="fl-20">
         <path>.\source\</path>
         <kind>object</kind>
         <file>sys_vim.obj</file>
         <name>sys_vim.obj</name>
      </input_file>
      <input_file id="fl-21">
         <path>.\source\</path>
         <kind>object</kind>
         <file>system.obj</file>
         <name>system.obj</name>
      </input_file>
      <input_file id="fl-25">
         <kind>object</kind>
         <file>&lt;internal&gt;</file>
         <name>&lt;internal&gt;</name>
      </input_file>
      <input_file id="fl-26">
         <path>C:\ti\ccs740\ccsv7\tools\compiler\ti-cgt-arm_16.9.6.LTS\lib\</path>
         <kind>archive</kind>
         <file>rtsv7R4_T_le_v3D16_eabi.lib</file>
         <name>autoinit.obj</name>
      </input_file>
      <input_file id="fl-27">
         <path>C:\ti\ccs740\ccsv7\tools\compiler\ti-cgt-arm_16.9.6.LTS\lib\</path>
         <kind>archive</kind>
         <file>rtsv7R4_T_le_v3D16_eabi.lib</file>
         <name>copy_decompress_lzss.obj</name>
      </input_file>
      <input_file id="fl-28">
         <path>C:\ti\ccs740\ccsv7\tools\compiler\ti-cgt-arm_16.9.6.LTS\lib\</path>
         <kind>archive</kind>
         <file>rtsv7R4_T_le_v3D16_eabi.lib</file>
         <name>copy_decompress_none.obj</name>
      </input_file>
      <input_file id="fl-29">
         <path>C:\ti\ccs740\ccsv7\tools\compiler\ti-cgt-arm_16.9.6.LTS\lib\</path>
         <kind>archive</kind>
         <file>rtsv7R4_T_le_v3D16_eabi.lib</file>
         <name>copy_zero_init.obj</name>
      </input_file>
      <input_file id="fl-2a">
         <path>C:\ti\ccs740\ccsv7\tools\compiler\ti-cgt-arm_16.9.6.LTS\lib\</path>
         <kind>archive</kind>
         <file>rtsv7R4_T_le_v3D16_eabi.lib</file>
         <name>cpy_tbl.obj</name>
      </input_file>
      <input_file id="fl-2b">
         <path>C:\ti\ccs740\ccsv7\tools\compiler\ti-cgt-arm_16.9.6.LTS\lib\</path>
         <kind>archive</kind>
         <file>rtsv7R4_T_le_v3D16_eabi.lib</file>
         <name>exit.obj</name>
      </input_file>
      <input_file id="fl-2c">
         <path>C:\ti\ccs740\ccsv7\tools\compiler\ti-cgt-arm_16.9.6.LTS\lib\</path>
         <kind>archive</kind>
         <file>rtsv7R4_T_le_v3D16_eabi.lib</file>
         <name>memcpy_t2.obj</name>
      </input_file>
      <input_file id="fl-2d">
         <path>C:\ti\ccs740\ccsv7\tools\compiler\ti-cgt-arm_16.9.6.LTS\lib\</path>
         <kind>archive</kind>
         <file>rtsv7R4_T_le_v3D16_eabi.lib</file>
         <name>memset_t2.obj</name>
      </input_file>
      <input_file id="fl-2e">
         <path>C:\ti\ccs740\ccsv7\tools\compiler\ti-cgt-arm_16.9.6.LTS\lib\</path>
         <kind>archive</kind>
         <file>rtsv7R4_T_le_v3D16_eabi.lib</file>
         <name>s_floor.obj</name>
      </input_file>
      <input_file id="fl-2f">
         <path>C:\ti\ccs740\ccsv7\tools\compiler\ti-cgt-arm_16.9.6.LTS\lib\</path>
         <kind>archive</kind>
         <file>rtsv7R4_T_le_v3D16_eabi.lib</file>
         <name>startup.obj</name>
      </input_file>
      <input_file id="fl-30">
         <path>C:\ti\ccs740\ccsv7\tools\compiler\ti-cgt-arm_16.9.6.LTS\lib\</path>
         <kind>archive</kind>
         <file>rtsv7R4_T_le_v3D16_eabi.lib</file>
         <name>u_div32.obj</name>
      </input_file>
      <input_file id="fl-31">
         <path>C:\ti\ccs740\ccsv7\tools\compiler\ti-cgt-arm_16.9.6.LTS\lib\</path>
         <kind>archive</kind>
         <file>rtsv7R4_T_le_v3D16_eabi.lib</file>
         <name>_lock.obj</name>
      </input_file>
      <input_file id="fl-32">
         <path>C:\ti\ccs740\ccsv7\tools\compiler\ti-cgt-arm_16.9.6.LTS\lib\</path>
         <kind>archive</kind>
         <file>rtsv7R4_T_le_v3D16_eabi.lib</file>
         <name>i_div0.obj</name>
      </input_file>
   </input_file_list>
   <object_component_list>
      <object_component id="oc-2d">
         <name>.intvecs</name>
         <load_address>0x0</load_address>
         <run_address>0x0</run_address>
         <size>0x20</size>
         <input_file_ref idref="fl-17"/>
      </object_component>
      <object_component id="oc-72">
         <name>.text</name>
         <load_address>0x20</load_address>
         <run_address>0x20</run_address>
         <size>0x2cdc</size>
         <input_file_ref idref="fl-1e"/>
      </object_component>
      <object_component id="oc-f4">
         <name>.text</name>
         <load_address>0x2cfc</load_address>
         <run_address>0x2cfc</run_address>
         <size>0xbd4</size>
         <input_file_ref idref="fl-a"/>
      </object_component>
      <object_component id="oc-6c">
         <name>.text</name>
         <load_address>0x38d0</load_address>
         <run_address>0x38d0</run_address>
         <size>0xb28</size>
         <input_file_ref idref="fl-21"/>
      </object_component>
      <object_component id="oc-39">
         <name>.text</name>
         <load_address>0x43f8</load_address>
         <run_address>0x43f8</run_address>
         <size>0x898</size>
         <input_file_ref idref="fl-20"/>
      </object_component>
      <object_component id="oc-78">
         <name>.text</name>
         <load_address>0x4c90</load_address>
         <run_address>0x4c90</run_address>
         <size>0x5d8</size>
         <input_file_ref idref="fl-8"/>
      </object_component>
      <object_component id="oc-ca">
         <name>.text</name>
         <load_address>0x5268</load_address>
         <run_address>0x5268</run_address>
         <size>0x5b4</size>
         <input_file_ref idref="fl-11"/>
      </object_component>
      <object_component id="oc-ee">
         <name>.text</name>
         <load_address>0x581c</load_address>
         <run_address>0x581c</run_address>
         <size>0x484</size>
         <input_file_ref idref="fl-9"/>
      </object_component>
      <object_component id="oc-67">
         <name>.text</name>
         <load_address>0x5ca0</load_address>
         <run_address>0x5ca0</run_address>
         <size>0x34c</size>
         <input_file_ref idref="fl-15"/>
      </object_component>
      <object_component id="oc-1e">
         <name>.text:retain</name>
         <load_address>0x5fec</load_address>
         <run_address>0x5fec</run_address>
         <size>0x298</size>
         <input_file_ref idref="fl-1f"/>
      </object_component>
      <object_component id="oc-38">
         <name>.text:retain</name>
         <load_address>0x6284</load_address>
         <run_address>0x6284</run_address>
         <size>0x290</size>
         <input_file_ref idref="fl-20"/>
      </object_component>
      <object_component id="oc-91">
         <name>.text</name>
         <load_address>0x6514</load_address>
         <run_address>0x6514</run_address>
         <size>0x1f0</size>
         <input_file_ref idref="fl-f"/>
      </object_component>
      <object_component id="oc-24">
         <name>.text:retain</name>
         <load_address>0x6704</load_address>
         <run_address>0x6704</run_address>
         <size>0x114</size>
         <input_file_ref idref="fl-8"/>
      </object_component>
      <object_component id="oc-a0">
         <name>.text</name>
         <load_address>0x6818</load_address>
         <run_address>0x6818</run_address>
         <size>0xe8</size>
         <input_file_ref idref="fl-5"/>
      </object_component>
      <object_component id="oc-d2">
         <name>.text</name>
         <load_address>0x6900</load_address>
         <run_address>0x6900</run_address>
         <size>0xe0</size>
         <input_file_ref idref="fl-1d"/>
      </object_component>
      <object_component id="oc-4f">
         <name>.text</name>
         <load_address>0x69e0</load_address>
         <run_address>0x69e0</run_address>
         <size>0x9c</size>
         <input_file_ref idref="fl-2c"/>
      </object_component>
      <object_component id="oc-7e">
         <name>.text</name>
         <load_address>0x6a7c</load_address>
         <run_address>0x6a7c</run_address>
         <size>0x70</size>
         <input_file_ref idref="fl-26"/>
      </object_component>
      <object_component id="oc-c">
         <name>.text:decompress:lzss</name>
         <load_address>0x6aec</load_address>
         <run_address>0x6aec</run_address>
         <size>0x6c</size>
         <input_file_ref idref="fl-27"/>
      </object_component>
      <object_component id="oc-8a">
         <name>.text</name>
         <load_address>0x6b58</load_address>
         <run_address>0x6b58</run_address>
         <size>0x50</size>
         <input_file_ref idref="fl-2b"/>
      </object_component>
      <object_component id="oc-194">
         <name>.text</name>
         <load_address>0x6ba8</load_address>
         <run_address>0x6ba8</run_address>
         <size>0x50</size>
         <input_file_ref idref="fl-30"/>
      </object_component>
      <object_component id="oc-e0">
         <name>.text</name>
         <load_address>0x6bf8</load_address>
         <run_address>0x6bf8</run_address>
         <size>0x4c</size>
         <input_file_ref idref="fl-2a"/>
      </object_component>
      <object_component id="oc-84">
         <name>.text</name>
         <load_address>0x6c44</load_address>
         <run_address>0x6c44</run_address>
         <size>0x44</size>
         <input_file_ref idref="fl-18"/>
      </object_component>
      <object_component id="oc-1ae">
         <name>.text</name>
         <load_address>0x6c88</load_address>
         <run_address>0x6c88</run_address>
         <size>0x14</size>
         <input_file_ref idref="fl-31"/>
      </object_component>
      <object_component id="oc-12">
         <name>.text:decompress:none</name>
         <load_address>0x6c9c</load_address>
         <run_address>0x6c9c</run_address>
         <size>0xe</size>
         <input_file_ref idref="fl-28"/>
      </object_component>
      <object_component id="oc-20f">
         <name>.text</name>
         <load_address>0x6caa</load_address>
         <run_address>0x6caa</run_address>
         <size>0x2</size>
         <input_file_ref idref="fl-32"/>
      </object_component>
      <object_component id="oc-32">
         <name>.text:retain</name>
         <load_address>0x6cac</load_address>
         <run_address>0x6cac</run_address>
         <size>0x4</size>
         <input_file_ref idref="fl-1b"/>
      </object_component>
      <object_component id="oc-e6">
         <name>.text</name>
         <load_address>0x6cb0</load_address>
         <run_address>0x6cb0</run_address>
         <size>0x2</size>
         <input_file_ref idref="fl-2f"/>
      </object_component>
      <object_component id="oc-199">
         <name>.const:het1PROGRAM</name>
         <load_address>0x6cb4</load_address>
         <run_address>0x6cb4</run_address>
         <size>0x3a0</size>
         <input_file_ref idref="fl-a"/>
      </object_component>
      <object_component id="oc-19c">
         <name>.const:het2PROGRAM</name>
         <load_address>0x7054</load_address>
         <run_address>0x7054</run_address>
         <size>0x3a0</size>
         <input_file_ref idref="fl-a"/>
      </object_component>
      <object_component id="oc-2a">
         <name>.const:s_vim_init</name>
         <load_address>0x73f4</load_address>
         <run_address>0x73f4</run_address>
         <size>0x180</size>
         <input_file_ref idref="fl-20"/>
      </object_component>
      <object_component id="oc-19f">
         <name>.const:s_het1pwmPolarity</name>
         <load_address>0x7574</load_address>
         <run_address>0x7574</run_address>
         <size>0x20</size>
         <input_file_ref idref="fl-a"/>
      </object_component>
      <object_component id="oc-1a2">
         <name>.const:s_het2pwmPolarity</name>
         <load_address>0x7594</load_address>
         <run_address>0x7594</run_address>
         <size>0x20</size>
         <input_file_ref idref="fl-a"/>
      </object_component>
      <object_component id="oc-279">
         <name>.cinit..data.load</name>
         <load_address>0x75b8</load_address>
         <run_address>0x75b8</run_address>
         <size>0xe</size>
      </object_component>
      <object_component id="oc-277">
         <name>__TI_handler_table</name>
         <load_address>0x75c8</load_address>
         <run_address>0x75c8</run_address>
         <size>0x8</size>
      </object_component>
      <object_component id="oc-278">
         <name>__TI_cinit_table</name>
         <load_address>0x75d0</load_address>
         <run_address>0x75d0</run_address>
         <size>0x8</size>
      </object_component>
      <object_component id="oc-100">
         <name>.data:$O1$$</name>
         <load_address>0x8001500</load_address>
         <run_address>0x8001500</run_address>
         <size>0xc</size>
         <input_file_ref idref="fl-2b"/>
      </object_component>
      <object_component id="oc-103">
         <name>.data:$O1$$</name>
         <load_address>0x800150c</load_address>
         <run_address>0x800150c</run_address>
         <size>0x8</size>
         <input_file_ref idref="fl-31"/>
      </object_component>
      <object_component id="oc-13b">
         <name>.debug_info</name>
         <load_address>0x0</load_address>
         <run_address>0x0</run_address>
         <size>0x2de</size>
         <input_file_ref idref="fl-2"/>
      </object_component>
      <object_component id="oc-142">
         <name>.debug_info</name>
         <load_address>0x2de</load_address>
         <run_address>0x2de</run_address>
         <size>0x60e</size>
         <input_file_ref idref="fl-2"/>
      </object_component>
      <object_component id="oc-98">
         <name>.debug_info</name>
         <load_address>0x8ec</load_address>
         <run_address>0x8ec</run_address>
         <size>0x157</size>
         <input_file_ref idref="fl-2"/>
      </object_component>
      <object_component id="oc-fb">
         <name>.debug_info</name>
         <load_address>0xa43</load_address>
         <run_address>0xa43</run_address>
         <size>0x8b</size>
         <input_file_ref idref="fl-2"/>
      </object_component>
      <object_component id="oc-a8">
         <name>.debug_info</name>
         <load_address>0xace</load_address>
         <run_address>0xace</run_address>
         <size>0x18c</size>
         <input_file_ref idref="fl-2"/>
      </object_component>
      <object_component id="oc-110">
         <name>.debug_info</name>
         <load_address>0xc5a</load_address>
         <run_address>0xc5a</run_address>
         <size>0x18b</size>
         <input_file_ref idref="fl-2"/>
      </object_component>
      <object_component id="oc-ad">
         <name>.debug_info</name>
         <load_address>0xde5</load_address>
         <run_address>0xde5</run_address>
         <size>0x86</size>
         <input_file_ref idref="fl-2"/>
      </object_component>
      <object_component id="oc-1ed">
         <name>.debug_info</name>
         <load_address>0xe6b</load_address>
         <run_address>0xe6b</run_address>
         <size>0x38f</size>
         <input_file_ref idref="fl-2"/>
      </object_component>
      <object_component id="oc-130">
         <name>.debug_info</name>
         <load_address>0x11fa</load_address>
         <run_address>0x11fa</run_address>
         <size>0x2cf</size>
         <input_file_ref idref="fl-2"/>
      </object_component>
      <object_component id="oc-1fa">
         <name>.debug_info</name>
         <load_address>0x14c9</load_address>
         <run_address>0x14c9</run_address>
         <size>0x2cc</size>
         <input_file_ref idref="fl-3"/>
      </object_component>
      <object_component id="oc-151">
         <name>.debug_info</name>
         <load_address>0x1795</load_address>
         <run_address>0x1795</run_address>
         <size>0x437</size>
         <input_file_ref idref="fl-3"/>
      </object_component>
      <object_component id="oc-232">
         <name>.debug_info</name>
         <load_address>0x1bcc</load_address>
         <run_address>0x1bcc</run_address>
         <size>0x15f</size>
         <input_file_ref idref="fl-3"/>
      </object_component>
      <object_component id="oc-223">
         <name>.debug_info</name>
         <load_address>0x1d2b</load_address>
         <run_address>0x1d2b</run_address>
         <size>0x29b</size>
         <input_file_ref idref="fl-4"/>
      </object_component>
      <object_component id="oc-1c6">
         <name>.debug_info</name>
         <load_address>0x1fc6</load_address>
         <run_address>0x1fc6</run_address>
         <size>0x3b8</size>
         <input_file_ref idref="fl-4"/>
      </object_component>
      <object_component id="oc-241">
         <name>.debug_info</name>
         <load_address>0x237e</load_address>
         <run_address>0x237e</run_address>
         <size>0x22c</size>
         <input_file_ref idref="fl-4"/>
      </object_component>
      <object_component id="oc-a1">
         <name>.debug_info</name>
         <load_address>0x25aa</load_address>
         <run_address>0x25aa</run_address>
         <size>0xf0</size>
         <input_file_ref idref="fl-5"/>
      </object_component>
      <object_component id="oc-224">
         <name>.debug_info</name>
         <load_address>0x269a</load_address>
         <run_address>0x269a</run_address>
         <size>0x270</size>
         <input_file_ref idref="fl-6"/>
      </object_component>
      <object_component id="oc-248">
         <name>.debug_info</name>
         <load_address>0x290a</load_address>
         <run_address>0x290a</run_address>
         <size>0x155</size>
         <input_file_ref idref="fl-6"/>
      </object_component>
      <object_component id="oc-1cb">
         <name>.debug_info</name>
         <load_address>0x2a5f</load_address>
         <run_address>0x2a5f</run_address>
         <size>0x116</size>
         <input_file_ref idref="fl-6"/>
      </object_component>
      <object_component id="oc-1e9">
         <name>.debug_info</name>
         <load_address>0x2b75</load_address>
         <run_address>0x2b75</run_address>
         <size>0x5cc</size>
         <input_file_ref idref="fl-7"/>
      </object_component>
      <object_component id="oc-1d0">
         <name>.debug_info</name>
         <load_address>0x3141</load_address>
         <run_address>0x3141</run_address>
         <size>0x515</size>
         <input_file_ref idref="fl-7"/>
      </object_component>
      <object_component id="oc-11c">
         <name>.debug_info</name>
         <load_address>0x3656</load_address>
         <run_address>0x3656</run_address>
         <size>0x435</size>
         <input_file_ref idref="fl-7"/>
      </object_component>
      <object_component id="oc-16f">
         <name>.debug_info</name>
         <load_address>0x3a8b</load_address>
         <run_address>0x3a8b</run_address>
         <size>0x551</size>
         <input_file_ref idref="fl-7"/>
      </object_component>
      <object_component id="oc-121">
         <name>.debug_info</name>
         <load_address>0x3fdc</load_address>
         <run_address>0x3fdc</run_address>
         <size>0x1f9</size>
         <input_file_ref idref="fl-7"/>
      </object_component>
      <object_component id="oc-126">
         <name>.debug_info</name>
         <load_address>0x41d5</load_address>
         <run_address>0x41d5</run_address>
         <size>0x6a6</size>
         <input_file_ref idref="fl-7"/>
      </object_component>
      <object_component id="oc-12b">
         <name>.debug_info</name>
         <load_address>0x487b</load_address>
         <run_address>0x487b</run_address>
         <size>0x13e</size>
         <input_file_ref idref="fl-7"/>
      </object_component>
      <object_component id="oc-df">
         <name>.debug_info</name>
         <load_address>0x49b9</load_address>
         <run_address>0x49b9</run_address>
         <size>0x2f2</size>
         <input_file_ref idref="fl-8"/>
      </object_component>
      <object_component id="oc-7a">
         <name>.debug_info</name>
         <load_address>0x4cab</load_address>
         <run_address>0x4cab</run_address>
         <size>0xb19</size>
         <input_file_ref idref="fl-8"/>
      </object_component>
      <object_component id="oc-25">
         <name>.debug_info</name>
         <load_address>0x57c4</load_address>
         <run_address>0x57c4</run_address>
         <size>0x179</size>
         <input_file_ref idref="fl-8"/>
      </object_component>
      <object_component id="oc-117">
         <name>.debug_info</name>
         <load_address>0x593d</load_address>
         <run_address>0x593d</run_address>
         <size>0x1de</size>
         <input_file_ref idref="fl-8"/>
      </object_component>
      <object_component id="oc-da">
         <name>.debug_info</name>
         <load_address>0x5b1b</load_address>
         <run_address>0x5b1b</run_address>
         <size>0x129</size>
         <input_file_ref idref="fl-8"/>
      </object_component>
      <object_component id="oc-193">
         <name>.debug_info</name>
         <load_address>0x5c44</load_address>
         <run_address>0x5c44</run_address>
         <size>0x275</size>
         <input_file_ref idref="fl-9"/>
      </object_component>
      <object_component id="oc-f0">
         <name>.debug_info</name>
         <load_address>0x5eb9</load_address>
         <run_address>0x5eb9</run_address>
         <size>0x6d1</size>
         <input_file_ref idref="fl-9"/>
      </object_component>
      <object_component id="oc-20a">
         <name>.debug_info</name>
         <load_address>0x658a</load_address>
         <run_address>0x658a</run_address>
         <size>0x12a</size>
         <input_file_ref idref="fl-9"/>
      </object_component>
      <object_component id="oc-1a6">
         <name>.debug_info</name>
         <load_address>0x66b4</load_address>
         <run_address>0x66b4</run_address>
         <size>0x308</size>
         <input_file_ref idref="fl-a"/>
      </object_component>
      <object_component id="oc-1a0">
         <name>.debug_info</name>
         <load_address>0x69bc</load_address>
         <run_address>0x69bc</run_address>
         <size>0xdc</size>
         <input_file_ref idref="fl-a"/>
      </object_component>
      <object_component id="oc-1a3">
         <name>.debug_info</name>
         <load_address>0x6a98</load_address>
         <run_address>0x6a98</run_address>
         <size>0xdc</size>
         <input_file_ref idref="fl-a"/>
      </object_component>
      <object_component id="oc-19a">
         <name>.debug_info</name>
         <load_address>0x6b74</load_address>
         <run_address>0x6b74</run_address>
         <size>0xd0</size>
         <input_file_ref idref="fl-a"/>
      </object_component>
      <object_component id="oc-19d">
         <name>.debug_info</name>
         <load_address>0x6c44</load_address>
         <run_address>0x6c44</run_address>
         <size>0xd1</size>
         <input_file_ref idref="fl-a"/>
      </object_component>
      <object_component id="oc-f7">
         <name>.debug_info</name>
         <load_address>0x6d15</load_address>
         <run_address>0x6d15</run_address>
         <size>0xe29</size>
         <input_file_ref idref="fl-a"/>
      </object_component>
      <object_component id="oc-c2">
         <name>.debug_info</name>
         <load_address>0x7b3e</load_address>
         <run_address>0x7b3e</run_address>
         <size>0x2c</size>
         <input_file_ref idref="fl-a"/>
      </object_component>
      <object_component id="oc-15b">
         <name>.debug_info</name>
         <load_address>0x7b6a</load_address>
         <run_address>0x7b6a</run_address>
         <size>0x3d3</size>
         <input_file_ref idref="fl-a"/>
      </object_component>
      <object_component id="oc-1a7">
         <name>.debug_info</name>
         <load_address>0x7f3d</load_address>
         <run_address>0x7f3d</run_address>
         <size>0x2e3</size>
         <input_file_ref idref="fl-a"/>
      </object_component>
      <object_component id="oc-225">
         <name>.debug_info</name>
         <load_address>0x8220</load_address>
         <run_address>0x8220</run_address>
         <size>0x280</size>
         <input_file_ref idref="fl-b"/>
      </object_component>
      <object_component id="oc-1d5">
         <name>.debug_info</name>
         <load_address>0x84a0</load_address>
         <run_address>0x84a0</run_address>
         <size>0x2e2</size>
         <input_file_ref idref="fl-b"/>
      </object_component>
      <object_component id="oc-24f">
         <name>.debug_info</name>
         <load_address>0x8782</load_address>
         <run_address>0x8782</run_address>
         <size>0x34f</size>
         <input_file_ref idref="fl-b"/>
      </object_component>
      <object_component id="oc-226">
         <name>.debug_info</name>
         <load_address>0x8ad1</load_address>
         <run_address>0x8ad1</run_address>
         <size>0x2a1</size>
         <input_file_ref idref="fl-c"/>
      </object_component>
      <object_component id="oc-1da">
         <name>.debug_info</name>
         <load_address>0x8d72</load_address>
         <run_address>0x8d72</run_address>
         <size>0x2bc</size>
         <input_file_ref idref="fl-c"/>
      </object_component>
      <object_component id="oc-256">
         <name>.debug_info</name>
         <load_address>0x902e</load_address>
         <run_address>0x902e</run_address>
         <size>0x186</size>
         <input_file_ref idref="fl-c"/>
      </object_component>
      <object_component id="oc-1f9">
         <name>.debug_info</name>
         <load_address>0x91b4</load_address>
         <run_address>0x91b4</run_address>
         <size>0x2d6</size>
         <input_file_ref idref="fl-e"/>
      </object_component>
      <object_component id="oc-147">
         <name>.debug_info</name>
         <load_address>0x948a</load_address>
         <run_address>0x948a</run_address>
         <size>0x4de</size>
         <input_file_ref idref="fl-e"/>
      </object_component>
      <object_component id="oc-22b">
         <name>.debug_info</name>
         <load_address>0x9968</load_address>
         <run_address>0x9968</run_address>
         <size>0x44e</size>
         <input_file_ref idref="fl-e"/>
      </object_component>
      <object_component id="oc-10a">
         <name>.debug_info</name>
         <load_address>0x9db6</load_address>
         <run_address>0x9db6</run_address>
         <size>0x59c</size>
         <input_file_ref idref="fl-f"/>
      </object_component>
      <object_component id="oc-94">
         <name>.debug_info</name>
         <load_address>0xa352</load_address>
         <run_address>0xa352</run_address>
         <size>0x1485</size>
         <input_file_ref idref="fl-f"/>
      </object_component>
      <object_component id="oc-14c">
         <name>.debug_info</name>
         <load_address>0xb7d7</load_address>
         <run_address>0xb7d7</run_address>
         <size>0x3ce</size>
         <input_file_ref idref="fl-f"/>
      </object_component>
      <object_component id="oc-1bc">
         <name>.debug_info</name>
         <load_address>0xbba5</load_address>
         <run_address>0xbba5</run_address>
         <size>0x306</size>
         <input_file_ref idref="fl-f"/>
      </object_component>
      <object_component id="oc-1c1">
         <name>.debug_info</name>
         <load_address>0xbeab</load_address>
         <run_address>0xbeab</run_address>
         <size>0x7cd</size>
         <input_file_ref idref="fl-f"/>
      </object_component>
      <object_component id="oc-10b">
         <name>.debug_info</name>
         <load_address>0xc678</load_address>
         <run_address>0xc678</run_address>
         <size>0x673</size>
         <input_file_ref idref="fl-f"/>
      </object_component>
      <object_component id="oc-17c">
         <name>.debug_info</name>
         <load_address>0xcceb</load_address>
         <run_address>0xcceb</run_address>
         <size>0x37b</size>
         <input_file_ref idref="fl-f"/>
      </object_component>
      <object_component id="oc-156">
         <name>.debug_info</name>
         <load_address>0xd066</load_address>
         <run_address>0xd066</run_address>
         <size>0x1ca</size>
         <input_file_ref idref="fl-f"/>
      </object_component>
      <object_component id="oc-165">
         <name>.debug_info</name>
         <load_address>0xd230</load_address>
         <run_address>0xd230</run_address>
         <size>0x1de</size>
         <input_file_ref idref="fl-f"/>
      </object_component>
      <object_component id="oc-1df">
         <name>.debug_info</name>
         <load_address>0xd40e</load_address>
         <run_address>0xd40e</run_address>
         <size>0x243</size>
         <input_file_ref idref="fl-f"/>
      </object_component>
      <object_component id="oc-1e4">
         <name>.debug_info</name>
         <load_address>0xd651</load_address>
         <run_address>0xd651</run_address>
         <size>0x26c</size>
         <input_file_ref idref="fl-f"/>
      </object_component>
      <object_component id="oc-174">
         <name>.debug_info</name>
         <load_address>0xd8bd</load_address>
         <run_address>0xd8bd</run_address>
         <size>0x17a</size>
         <input_file_ref idref="fl-f"/>
      </object_component>
      <object_component id="oc-13f">
         <name>.debug_info</name>
         <load_address>0xda37</load_address>
         <run_address>0xda37</run_address>
         <size>0x25c</size>
         <input_file_ref idref="fl-11"/>
      </object_component>
      <object_component id="oc-cc">
         <name>.debug_info</name>
         <load_address>0xdc93</load_address>
         <run_address>0xdc93</run_address>
         <size>0x1d3</size>
         <input_file_ref idref="fl-11"/>
      </object_component>
      <object_component id="oc-160">
         <name>.debug_info</name>
         <load_address>0xde66</load_address>
         <run_address>0xde66</run_address>
         <size>0x3a4</size>
         <input_file_ref idref="fl-11"/>
      </object_component>
      <object_component id="oc-1f4">
         <name>.debug_info</name>
         <load_address>0xe20a</load_address>
         <run_address>0xe20a</run_address>
         <size>0x2c7</size>
         <input_file_ref idref="fl-11"/>
      </object_component>
      <object_component id="oc-68">
         <name>.debug_info</name>
         <load_address>0xe4d1</load_address>
         <run_address>0xe4d1</run_address>
         <size>0x7e5</size>
         <input_file_ref idref="fl-15"/>
      </object_component>
      <object_component id="oc-2e">
         <name>.debug_info</name>
         <load_address>0xecb6</load_address>
         <run_address>0xecb6</run_address>
         <size>0xf8</size>
         <input_file_ref idref="fl-17"/>
      </object_component>
      <object_component id="oc-85">
         <name>.debug_info</name>
         <load_address>0xedae</load_address>
         <run_address>0xedae</run_address>
         <size>0x152</size>
         <input_file_ref idref="fl-18"/>
      </object_component>
      <object_component id="oc-1fb">
         <name>.debug_info</name>
         <load_address>0xef00</load_address>
         <run_address>0xef00</run_address>
         <size>0x27b</size>
         <input_file_ref idref="fl-1a"/>
      </object_component>
      <object_component id="oc-239">
         <name>.debug_info</name>
         <load_address>0xf17b</load_address>
         <run_address>0xf17b</run_address>
         <size>0x242</size>
         <input_file_ref idref="fl-1a"/>
      </object_component>
      <object_component id="oc-16a">
         <name>.debug_info</name>
         <load_address>0xf3bd</load_address>
         <run_address>0xf3bd</run_address>
         <size>0x2af</size>
         <input_file_ref idref="fl-1a"/>
      </object_component>
      <object_component id="oc-33">
         <name>.debug_info</name>
         <load_address>0xf66c</load_address>
         <run_address>0xf66c</run_address>
         <size>0x12a</size>
         <input_file_ref idref="fl-1b"/>
      </object_component>
      <object_component id="oc-d4">
         <name>.debug_info</name>
         <load_address>0xf796</load_address>
         <run_address>0xf796</run_address>
         <size>0x357</size>
         <input_file_ref idref="fl-1d"/>
      </object_component>
      <object_component id="oc-d8">
         <name>.debug_info</name>
         <load_address>0xfaed</load_address>
         <run_address>0xfaed</run_address>
         <size>0x638</size>
         <input_file_ref idref="fl-1e"/>
      </object_component>
      <object_component id="oc-73">
         <name>.debug_info</name>
         <load_address>0x10125</load_address>
         <run_address>0x10125</run_address>
         <size>0x2e7c</size>
         <input_file_ref idref="fl-1e"/>
      </object_component>
      <object_component id="oc-1f">
         <name>.debug_info</name>
         <load_address>0x12fa1</load_address>
         <run_address>0x12fa1</run_address>
         <size>0x5af</size>
         <input_file_ref idref="fl-1f"/>
      </object_component>
      <object_component id="oc-9f">
         <name>.debug_info</name>
         <load_address>0x13550</load_address>
         <run_address>0x13550</run_address>
         <size>0x427</size>
         <input_file_ref idref="fl-20"/>
      </object_component>
      <object_component id="oc-2b">
         <name>.debug_info</name>
         <load_address>0x13977</load_address>
         <run_address>0x13977</run_address>
         <size>0xd2</size>
         <input_file_ref idref="fl-20"/>
      </object_component>
      <object_component id="oc-3a">
         <name>.debug_info</name>
         <load_address>0x13a49</load_address>
         <run_address>0x13a49</run_address>
         <size>0x464</size>
         <input_file_ref idref="fl-20"/>
      </object_component>
      <object_component id="oc-40">
         <name>.debug_info</name>
         <load_address>0x13ead</load_address>
         <run_address>0x13ead</run_address>
         <size>0x1ed</size>
         <input_file_ref idref="fl-20"/>
      </object_component>
      <object_component id="oc-135">
         <name>.debug_info</name>
         <load_address>0x1409a</load_address>
         <run_address>0x1409a</run_address>
         <size>0x4f</size>
         <input_file_ref idref="fl-20"/>
      </object_component>
      <object_component id="oc-d1">
         <name>.debug_info</name>
         <load_address>0x140e9</load_address>
         <run_address>0x140e9</run_address>
         <size>0x4e5</size>
         <input_file_ref idref="fl-21"/>
      </object_component>
      <object_component id="oc-6d">
         <name>.debug_info</name>
         <load_address>0x145ce</load_address>
         <run_address>0x145ce</run_address>
         <size>0x723</size>
         <input_file_ref idref="fl-21"/>
      </object_component>
      <object_component id="oc-ed">
         <name>.debug_info</name>
         <load_address>0x14cf1</load_address>
         <run_address>0x14cf1</run_address>
         <size>0x483</size>
         <input_file_ref idref="fl-26"/>
      </object_component>
      <object_component id="oc-7f">
         <name>.debug_info</name>
         <load_address>0x15174</load_address>
         <run_address>0x15174</run_address>
         <size>0x190</size>
         <input_file_ref idref="fl-26"/>
      </object_component>
      <object_component id="oc-4a">
         <name>.debug_info</name>
         <load_address>0x15304</load_address>
         <run_address>0x15304</run_address>
         <size>0x84</size>
         <input_file_ref idref="fl-26"/>
      </object_component>
      <object_component id="oc-188">
         <name>.debug_info</name>
         <load_address>0x15388</load_address>
         <run_address>0x15388</run_address>
         <size>0x39</size>
         <input_file_ref idref="fl-26"/>
      </object_component>
      <object_component id="oc-203">
         <name>.debug_info</name>
         <load_address>0x153c1</load_address>
         <run_address>0x153c1</run_address>
         <size>0x39</size>
         <input_file_ref idref="fl-26"/>
      </object_component>
      <object_component id="oc-18d">
         <name>.debug_info</name>
         <load_address>0x153fa</load_address>
         <run_address>0x153fa</run_address>
         <size>0xcd</size>
         <input_file_ref idref="fl-26"/>
      </object_component>
      <object_component id="oc-b8">
         <name>.debug_info</name>
         <load_address>0x154c7</load_address>
         <run_address>0x154c7</run_address>
         <size>0x293</size>
         <input_file_ref idref="fl-27"/>
      </object_component>
      <object_component id="oc-e">
         <name>.debug_info</name>
         <load_address>0x1575a</load_address>
         <run_address>0x1575a</run_address>
         <size>0x245</size>
         <input_file_ref idref="fl-27"/>
      </object_component>
      <object_component id="oc-45">
         <name>.debug_info</name>
         <load_address>0x1599f</load_address>
         <run_address>0x1599f</run_address>
         <size>0x60</size>
         <input_file_ref idref="fl-27"/>
      </object_component>
      <object_component id="oc-b3">
         <name>.debug_info</name>
         <load_address>0x159ff</load_address>
         <run_address>0x159ff</run_address>
         <size>0x46</size>
         <input_file_ref idref="fl-27"/>
      </object_component>
      <object_component id="oc-5a">
         <name>.debug_info</name>
         <load_address>0x15a45</load_address>
         <run_address>0x15a45</run_address>
         <size>0x2d5</size>
         <input_file_ref idref="fl-28"/>
      </object_component>
      <object_component id="oc-15">
         <name>.debug_info</name>
         <load_address>0x15d1a</load_address>
         <run_address>0x15d1a</run_address>
         <size>0x1ca</size>
         <input_file_ref idref="fl-28"/>
      </object_component>
      <object_component id="oc-55">
         <name>.debug_info</name>
         <load_address>0x15ee4</load_address>
         <run_address>0x15ee4</run_address>
         <size>0x46</size>
         <input_file_ref idref="fl-28"/>
      </object_component>
      <object_component id="oc-ba">
         <name>.debug_info</name>
         <load_address>0x15f2a</load_address>
         <run_address>0x15f2a</run_address>
         <size>0x2c</size>
         <input_file_ref idref="fl-28"/>
      </object_component>
      <object_component id="oc-184">
         <name>.debug_info</name>
         <load_address>0x15f56</load_address>
         <run_address>0x15f56</run_address>
         <size>0x37a</size>
         <input_file_ref idref="fl-2a"/>
      </object_component>
      <object_component id="oc-e1">
         <name>.debug_info</name>
         <load_address>0x162d0</load_address>
         <run_address>0x162d0</run_address>
         <size>0x183</size>
         <input_file_ref idref="fl-2a"/>
      </object_component>
      <object_component id="oc-1fe">
         <name>.debug_info</name>
         <load_address>0x16453</load_address>
         <run_address>0x16453</run_address>
         <size>0x2c</size>
         <input_file_ref idref="fl-2a"/>
      </object_component>
      <object_component id="oc-107">
         <name>.debug_info</name>
         <load_address>0x1647f</load_address>
         <run_address>0x1647f</run_address>
         <size>0x3ce</size>
         <input_file_ref idref="fl-2b"/>
      </object_component>
      <object_component id="oc-101">
         <name>.debug_info</name>
         <load_address>0x1684d</load_address>
         <run_address>0x1684d</run_address>
         <size>0x185</size>
         <input_file_ref idref="fl-2b"/>
      </object_component>
      <object_component id="oc-8c">
         <name>.debug_info</name>
         <load_address>0x169d2</load_address>
         <run_address>0x169d2</run_address>
         <size>0x214</size>
         <input_file_ref idref="fl-2b"/>
      </object_component>
      <object_component id="oc-52">
         <name>.debug_info</name>
         <load_address>0x16be6</load_address>
         <run_address>0x16be6</run_address>
         <size>0x111</size>
         <input_file_ref idref="fl-2c"/>
      </object_component>
      <object_component id="oc-e7">
         <name>.debug_info</name>
         <load_address>0x16cf7</load_address>
         <run_address>0x16cf7</run_address>
         <size>0x145</size>
         <input_file_ref idref="fl-2f"/>
      </object_component>
      <object_component id="oc-195">
         <name>.debug_info</name>
         <load_address>0x16e3c</load_address>
         <run_address>0x16e3c</run_address>
         <size>0x149</size>
         <input_file_ref idref="fl-30"/>
      </object_component>
      <object_component id="oc-1b6">
         <name>.debug_info</name>
         <load_address>0x16f85</load_address>
         <run_address>0x16f85</run_address>
         <size>0x2be</size>
         <input_file_ref idref="fl-31"/>
      </object_component>
      <object_component id="oc-104">
         <name>.debug_info</name>
         <load_address>0x17243</load_address>
         <run_address>0x17243</run_address>
         <size>0x113</size>
         <input_file_ref idref="fl-31"/>
      </object_component>
      <object_component id="oc-1b0">
         <name>.debug_info</name>
         <load_address>0x17356</load_address>
         <run_address>0x17356</run_address>
         <size>0x21f</size>
         <input_file_ref idref="fl-31"/>
      </object_component>
      <object_component id="oc-211">
         <name>.debug_info</name>
         <load_address>0x17575</load_address>
         <run_address>0x17575</run_address>
         <size>0x147</size>
         <input_file_ref idref="fl-32"/>
      </object_component>
      <object_component id="oc-27a">
         <name>.debug_info</name>
         <load_address>0x176bc</load_address>
         <run_address>0x176bc</run_address>
         <size>0x97</size>
      </object_component>
      <object_component id="oc-1ec">
         <name>.debug_line</name>
         <load_address>0x0</load_address>
         <run_address>0x0</run_address>
         <size>0x20</size>
         <input_file_ref idref="fl-2"/>
      </object_component>
      <object_component id="oc-145">
         <name>.debug_line</name>
         <load_address>0x20</load_address>
         <run_address>0x20</run_address>
         <size>0x58</size>
         <input_file_ref idref="fl-2"/>
      </object_component>
      <object_component id="oc-9b">
         <name>.debug_line</name>
         <load_address>0x78</load_address>
         <run_address>0x78</run_address>
         <size>0x5d</size>
         <input_file_ref idref="fl-2"/>
      </object_component>
      <object_component id="oc-fe">
         <name>.debug_line</name>
         <load_address>0xd5</load_address>
         <run_address>0xd5</run_address>
         <size>0x20</size>
         <input_file_ref idref="fl-2"/>
      </object_component>
      <object_component id="oc-ab">
         <name>.debug_line</name>
         <load_address>0xf5</load_address>
         <run_address>0xf5</run_address>
         <size>0x58</size>
         <input_file_ref idref="fl-2"/>
      </object_component>
      <object_component id="oc-113">
         <name>.debug_line</name>
         <load_address>0x14d</load_address>
         <run_address>0x14d</run_address>
         <size>0x6c</size>
         <input_file_ref idref="fl-2"/>
      </object_component>
      <object_component id="oc-b0">
         <name>.debug_line</name>
         <load_address>0x1b9</load_address>
         <run_address>0x1b9</run_address>
         <size>0x5b</size>
         <input_file_ref idref="fl-2"/>
      </object_component>
      <object_component id="oc-1f0">
         <name>.debug_line</name>
         <load_address>0x214</load_address>
         <run_address>0x214</run_address>
         <size>0x54</size>
         <input_file_ref idref="fl-2"/>
      </object_component>
      <object_component id="oc-133">
         <name>.debug_line</name>
         <load_address>0x268</load_address>
         <run_address>0x268</run_address>
         <size>0x58</size>
         <input_file_ref idref="fl-2"/>
      </object_component>
      <object_component id="oc-231">
         <name>.debug_line</name>
         <load_address>0x2c0</load_address>
         <run_address>0x2c0</run_address>
         <size>0x20</size>
         <input_file_ref idref="fl-3"/>
      </object_component>
      <object_component id="oc-154">
         <name>.debug_line</name>
         <load_address>0x2e0</load_address>
         <run_address>0x2e0</run_address>
         <size>0x58</size>
         <input_file_ref idref="fl-3"/>
      </object_component>
      <object_component id="oc-235">
         <name>.debug_line</name>
         <load_address>0x338</load_address>
         <run_address>0x338</run_address>
         <size>0x54</size>
         <input_file_ref idref="fl-3"/>
      </object_component>
      <object_component id="oc-240">
         <name>.debug_line</name>
         <load_address>0x38c</load_address>
         <run_address>0x38c</run_address>
         <size>0x20</size>
         <input_file_ref idref="fl-4"/>
      </object_component>
      <object_component id="oc-1c9">
         <name>.debug_line</name>
         <load_address>0x3ac</load_address>
         <run_address>0x3ac</run_address>
         <size>0x58</size>
         <input_file_ref idref="fl-4"/>
      </object_component>
      <object_component id="oc-244">
         <name>.debug_line</name>
         <load_address>0x404</load_address>
         <run_address>0x404</run_address>
         <size>0x54</size>
         <input_file_ref idref="fl-4"/>
      </object_component>
      <object_component id="oc-a4">
         <name>.debug_line</name>
         <load_address>0x458</load_address>
         <run_address>0x458</run_address>
         <size>0x78</size>
         <input_file_ref idref="fl-5"/>
      </object_component>
      <object_component id="oc-247">
         <name>.debug_line</name>
         <load_address>0x4d0</load_address>
         <run_address>0x4d0</run_address>
         <size>0x20</size>
         <input_file_ref idref="fl-6"/>
      </object_component>
      <object_component id="oc-24b">
         <name>.debug_line</name>
         <load_address>0x4f0</load_address>
         <run_address>0x4f0</run_address>
         <size>0x54</size>
         <input_file_ref idref="fl-6"/>
      </object_component>
      <object_component id="oc-1ce">
         <name>.debug_line</name>
         <load_address>0x544</load_address>
         <run_address>0x544</run_address>
         <size>0x58</size>
         <input_file_ref idref="fl-6"/>
      </object_component>
      <object_component id="oc-228">
         <name>.debug_line</name>
         <load_address>0x59c</load_address>
         <run_address>0x59c</run_address>
         <size>0xa5</size>
         <input_file_ref idref="fl-7"/>
      </object_component>
      <object_component id="oc-1d3">
         <name>.debug_line</name>
         <load_address>0x641</load_address>
         <run_address>0x641</run_address>
         <size>0x55</size>
         <input_file_ref idref="fl-7"/>
      </object_component>
      <object_component id="oc-11f">
         <name>.debug_line</name>
         <load_address>0x696</load_address>
         <run_address>0x696</run_address>
         <size>0x5a</size>
         <input_file_ref idref="fl-7"/>
      </object_component>
      <object_component id="oc-172">
         <name>.debug_line</name>
         <load_address>0x6f0</load_address>
         <run_address>0x6f0</run_address>
         <size>0x57</size>
         <input_file_ref idref="fl-7"/>
      </object_component>
      <object_component id="oc-124">
         <name>.debug_line</name>
         <load_address>0x747</load_address>
         <run_address>0x747</run_address>
         <size>0x58</size>
         <input_file_ref idref="fl-7"/>
      </object_component>
      <object_component id="oc-129">
         <name>.debug_line</name>
         <load_address>0x79f</load_address>
         <run_address>0x79f</run_address>
         <size>0x5b</size>
         <input_file_ref idref="fl-7"/>
      </object_component>
      <object_component id="oc-12e">
         <name>.debug_line</name>
         <load_address>0x7fa</load_address>
         <run_address>0x7fa</run_address>
         <size>0x5a</size>
         <input_file_ref idref="fl-7"/>
      </object_component>
      <object_component id="oc-182">
         <name>.debug_line</name>
         <load_address>0x854</load_address>
         <run_address>0x854</run_address>
         <size>0x54</size>
         <input_file_ref idref="fl-8"/>
      </object_component>
      <object_component id="oc-79">
         <name>.debug_line</name>
         <load_address>0x8a8</load_address>
         <run_address>0x8a8</run_address>
         <size>0x289</size>
         <input_file_ref idref="fl-8"/>
      </object_component>
      <object_component id="oc-28">
         <name>.debug_line</name>
         <load_address>0xb31</load_address>
         <run_address>0xb31</run_address>
         <size>0x6e</size>
         <input_file_ref idref="fl-8"/>
      </object_component>
      <object_component id="oc-11a">
         <name>.debug_line</name>
         <load_address>0xb9f</load_address>
         <run_address>0xb9f</run_address>
         <size>0x58</size>
         <input_file_ref idref="fl-8"/>
      </object_component>
      <object_component id="oc-dd">
         <name>.debug_line</name>
         <load_address>0xbf7</load_address>
         <run_address>0xbf7</run_address>
         <size>0x54</size>
         <input_file_ref idref="fl-8"/>
      </object_component>
      <object_component id="oc-209">
         <name>.debug_line</name>
         <load_address>0xc4b</load_address>
         <run_address>0xc4b</run_address>
         <size>0x20</size>
         <input_file_ref idref="fl-9"/>
      </object_component>
      <object_component id="oc-f3">
         <name>.debug_line</name>
         <load_address>0xc6b</load_address>
         <run_address>0xc6b</run_address>
         <size>0x196</size>
         <input_file_ref idref="fl-9"/>
      </object_component>
      <object_component id="oc-20d">
         <name>.debug_line</name>
         <load_address>0xe01</load_address>
         <run_address>0xe01</run_address>
         <size>0x54</size>
         <input_file_ref idref="fl-9"/>
      </object_component>
      <object_component id="oc-21f">
         <name>.debug_line</name>
         <load_address>0xe55</load_address>
         <run_address>0xe55</run_address>
         <size>0x6c</size>
         <input_file_ref idref="fl-a"/>
      </object_component>
      <object_component id="oc-21b">
         <name>.debug_line</name>
         <load_address>0xec1</load_address>
         <run_address>0xec1</run_address>
         <size>0x33</size>
         <input_file_ref idref="fl-a"/>
      </object_component>
      <object_component id="oc-21d">
         <name>.debug_line</name>
         <load_address>0xef4</load_address>
         <run_address>0xef4</run_address>
         <size>0x33</size>
         <input_file_ref idref="fl-a"/>
      </object_component>
      <object_component id="oc-217">
         <name>.debug_line</name>
         <load_address>0xf27</load_address>
         <run_address>0xf27</run_address>
         <size>0x33</size>
         <input_file_ref idref="fl-a"/>
      </object_component>
      <object_component id="oc-219">
         <name>.debug_line</name>
         <load_address>0xf5a</load_address>
         <run_address>0xf5a</run_address>
         <size>0x33</size>
         <input_file_ref idref="fl-a"/>
      </object_component>
      <object_component id="oc-f9">
         <name>.debug_line</name>
         <load_address>0xf8d</load_address>
         <run_address>0xf8d</run_address>
         <size>0x2ff</size>
         <input_file_ref idref="fl-a"/>
      </object_component>
      <object_component id="oc-c5">
         <name>.debug_line</name>
         <load_address>0x128c</load_address>
         <run_address>0x128c</run_address>
         <size>0x6c</size>
         <input_file_ref idref="fl-a"/>
      </object_component>
      <object_component id="oc-15e">
         <name>.debug_line</name>
         <load_address>0x12f8</load_address>
         <run_address>0x12f8</run_address>
         <size>0x58</size>
         <input_file_ref idref="fl-a"/>
      </object_component>
      <object_component id="oc-1aa">
         <name>.debug_line</name>
         <load_address>0x1350</load_address>
         <run_address>0x1350</run_address>
         <size>0x54</size>
         <input_file_ref idref="fl-a"/>
      </object_component>
      <object_component id="oc-24e">
         <name>.debug_line</name>
         <load_address>0x13a4</load_address>
         <run_address>0x13a4</run_address>
         <size>0x20</size>
         <input_file_ref idref="fl-b"/>
      </object_component>
      <object_component id="oc-1d8">
         <name>.debug_line</name>
         <load_address>0x13c4</load_address>
         <run_address>0x13c4</run_address>
         <size>0x58</size>
         <input_file_ref idref="fl-b"/>
      </object_component>
      <object_component id="oc-252">
         <name>.debug_line</name>
         <load_address>0x141c</load_address>
         <run_address>0x141c</run_address>
         <size>0x54</size>
         <input_file_ref idref="fl-b"/>
      </object_component>
      <object_component id="oc-255">
         <name>.debug_line</name>
         <load_address>0x1470</load_address>
         <run_address>0x1470</run_address>
         <size>0x20</size>
         <input_file_ref idref="fl-c"/>
      </object_component>
      <object_component id="oc-1dd">
         <name>.debug_line</name>
         <load_address>0x1490</load_address>
         <run_address>0x1490</run_address>
         <size>0x58</size>
         <input_file_ref idref="fl-c"/>
      </object_component>
      <object_component id="oc-259">
         <name>.debug_line</name>
         <load_address>0x14e8</load_address>
         <run_address>0x14e8</run_address>
         <size>0x54</size>
         <input_file_ref idref="fl-c"/>
      </object_component>
      <object_component id="oc-22a">
         <name>.debug_line</name>
         <load_address>0x153c</load_address>
         <run_address>0x153c</run_address>
         <size>0x20</size>
         <input_file_ref idref="fl-e"/>
      </object_component>
      <object_component id="oc-14a">
         <name>.debug_line</name>
         <load_address>0x155c</load_address>
         <run_address>0x155c</run_address>
         <size>0x5b</size>
         <input_file_ref idref="fl-e"/>
      </object_component>
      <object_component id="oc-22e">
         <name>.debug_line</name>
         <load_address>0x15b7</load_address>
         <run_address>0x15b7</run_address>
         <size>0x57</size>
         <input_file_ref idref="fl-e"/>
      </object_component>
      <object_component id="oc-1bb">
         <name>.debug_line</name>
         <load_address>0x160e</load_address>
         <run_address>0x160e</run_address>
         <size>0x20</size>
         <input_file_ref idref="fl-f"/>
      </object_component>
      <object_component id="oc-92">
         <name>.debug_line</name>
         <load_address>0x162e</load_address>
         <run_address>0x162e</run_address>
         <size>0x25f</size>
         <input_file_ref idref="fl-f"/>
      </object_component>
      <object_component id="oc-14f">
         <name>.debug_line</name>
         <load_address>0x188d</load_address>
         <run_address>0x188d</run_address>
         <size>0x58</size>
         <input_file_ref idref="fl-f"/>
      </object_component>
      <object_component id="oc-1bf">
         <name>.debug_line</name>
         <load_address>0x18e5</load_address>
         <run_address>0x18e5</run_address>
         <size>0x58</size>
         <input_file_ref idref="fl-f"/>
      </object_component>
      <object_component id="oc-1c4">
         <name>.debug_line</name>
         <load_address>0x193d</load_address>
         <run_address>0x193d</run_address>
         <size>0x58</size>
         <input_file_ref idref="fl-f"/>
      </object_component>
      <object_component id="oc-10e">
         <name>.debug_line</name>
         <load_address>0x1995</load_address>
         <run_address>0x1995</run_address>
         <size>0x58</size>
         <input_file_ref idref="fl-f"/>
      </object_component>
      <object_component id="oc-17f">
         <name>.debug_line</name>
         <load_address>0x19ed</load_address>
         <run_address>0x19ed</run_address>
         <size>0x5d</size>
         <input_file_ref idref="fl-f"/>
      </object_component>
      <object_component id="oc-159">
         <name>.debug_line</name>
         <load_address>0x1a4a</load_address>
         <run_address>0x1a4a</run_address>
         <size>0x58</size>
         <input_file_ref idref="fl-f"/>
      </object_component>
      <object_component id="oc-168">
         <name>.debug_line</name>
         <load_address>0x1aa2</load_address>
         <run_address>0x1aa2</run_address>
         <size>0x5a</size>
         <input_file_ref idref="fl-f"/>
      </object_component>
      <object_component id="oc-1e2">
         <name>.debug_line</name>
         <load_address>0x1afc</load_address>
         <run_address>0x1afc</run_address>
         <size>0x58</size>
         <input_file_ref idref="fl-f"/>
      </object_component>
      <object_component id="oc-1e7">
         <name>.debug_line</name>
         <load_address>0x1b54</load_address>
         <run_address>0x1b54</run_address>
         <size>0x58</size>
         <input_file_ref idref="fl-f"/>
      </object_component>
      <object_component id="oc-177">
         <name>.debug_line</name>
         <load_address>0x1bac</load_address>
         <run_address>0x1bac</run_address>
         <size>0x58</size>
         <input_file_ref idref="fl-f"/>
      </object_component>
      <object_component id="oc-1f3">
         <name>.debug_line</name>
         <load_address>0x1c04</load_address>
         <run_address>0x1c04</run_address>
         <size>0x20</size>
         <input_file_ref idref="fl-11"/>
      </object_component>
      <object_component id="oc-cb">
         <name>.debug_line</name>
         <load_address>0x1c24</load_address>
         <run_address>0x1c24</run_address>
         <size>0xb0</size>
         <input_file_ref idref="fl-11"/>
      </object_component>
      <object_component id="oc-163">
         <name>.debug_line</name>
         <load_address>0x1cd4</load_address>
         <run_address>0x1cd4</run_address>
         <size>0x5b</size>
         <input_file_ref idref="fl-11"/>
      </object_component>
      <object_component id="oc-1f7">
         <name>.debug_line</name>
         <load_address>0x1d2f</load_address>
         <run_address>0x1d2f</run_address>
         <size>0x57</size>
         <input_file_ref idref="fl-11"/>
      </object_component>
      <object_component id="oc-6b">
         <name>.debug_line</name>
         <load_address>0x1d86</load_address>
         <run_address>0x1d86</run_address>
         <size>0x2e4</size>
         <input_file_ref idref="fl-15"/>
      </object_component>
      <object_component id="oc-31">
         <name>.debug_line</name>
         <load_address>0x206a</load_address>
         <run_address>0x206a</run_address>
         <size>0x4f</size>
         <input_file_ref idref="fl-17"/>
      </object_component>
      <object_component id="oc-88">
         <name>.debug_line</name>
         <load_address>0x20b9</load_address>
         <run_address>0x20b9</run_address>
         <size>0x5b</size>
         <input_file_ref idref="fl-18"/>
      </object_component>
      <object_component id="oc-238">
         <name>.debug_line</name>
         <load_address>0x2114</load_address>
         <run_address>0x2114</run_address>
         <size>0x20</size>
         <input_file_ref idref="fl-1a"/>
      </object_component>
      <object_component id="oc-23c">
         <name>.debug_line</name>
         <load_address>0x2134</load_address>
         <run_address>0x2134</run_address>
         <size>0x58</size>
         <input_file_ref idref="fl-1a"/>
      </object_component>
      <object_component id="oc-16d">
         <name>.debug_line</name>
         <load_address>0x218c</load_address>
         <run_address>0x218c</run_address>
         <size>0x58</size>
         <input_file_ref idref="fl-1a"/>
      </object_component>
      <object_component id="oc-36">
         <name>.debug_line</name>
         <load_address>0x21e4</load_address>
         <run_address>0x21e4</run_address>
         <size>0x4b</size>
         <input_file_ref idref="fl-1b"/>
      </object_component>
      <object_component id="oc-d3">
         <name>.debug_line</name>
         <load_address>0x222f</load_address>
         <run_address>0x222f</run_address>
         <size>0x125</size>
         <input_file_ref idref="fl-1d"/>
      </object_component>
      <object_component id="oc-17b">
         <name>.debug_line</name>
         <load_address>0x2354</load_address>
         <run_address>0x2354</run_address>
         <size>0xce</size>
         <input_file_ref idref="fl-1e"/>
      </object_component>
      <object_component id="oc-76">
         <name>.debug_line</name>
         <load_address>0x2422</load_address>
         <run_address>0x2422</run_address>
         <size>0xd30</size>
         <input_file_ref idref="fl-1e"/>
      </object_component>
      <object_component id="oc-22">
         <name>.debug_line</name>
         <load_address>0x3152</load_address>
         <run_address>0x3152</run_address>
         <size>0x101</size>
         <input_file_ref idref="fl-1f"/>
      </object_component>
      <object_component id="oc-116">
         <name>.debug_line</name>
         <load_address>0x3253</load_address>
         <run_address>0x3253</run_address>
         <size>0x8c</size>
         <input_file_ref idref="fl-20"/>
      </object_component>
      <object_component id="oc-9e">
         <name>.debug_line</name>
         <load_address>0x32df</load_address>
         <run_address>0x32df</run_address>
         <size>0x37</size>
         <input_file_ref idref="fl-20"/>
      </object_component>
      <object_component id="oc-3d">
         <name>.debug_line</name>
         <load_address>0x3316</load_address>
         <run_address>0x3316</run_address>
         <size>0x197</size>
         <input_file_ref idref="fl-20"/>
      </object_component>
      <object_component id="oc-3f">
         <name>.debug_line</name>
         <load_address>0x34ad</load_address>
         <run_address>0x34ad</run_address>
         <size>0xa6</size>
         <input_file_ref idref="fl-20"/>
      </object_component>
      <object_component id="oc-138">
         <name>.debug_line</name>
         <load_address>0x3553</load_address>
         <run_address>0x3553</run_address>
         <size>0x37</size>
         <input_file_ref idref="fl-20"/>
      </object_component>
      <object_component id="oc-141">
         <name>.debug_line</name>
         <load_address>0x358a</load_address>
         <run_address>0x358a</run_address>
         <size>0xcd</size>
         <input_file_ref idref="fl-21"/>
      </object_component>
      <object_component id="oc-70">
         <name>.debug_line</name>
         <load_address>0x3657</load_address>
         <run_address>0x3657</run_address>
         <size>0x233</size>
         <input_file_ref idref="fl-21"/>
      </object_component>
      <object_component id="oc-187">
         <name>.debug_line</name>
         <load_address>0x388a</load_address>
         <run_address>0x388a</run_address>
         <size>0xa9</size>
         <input_file_ref idref="fl-26"/>
      </object_component>
      <object_component id="oc-82">
         <name>.debug_line</name>
         <load_address>0x3933</load_address>
         <run_address>0x3933</run_address>
         <size>0x91</size>
         <input_file_ref idref="fl-26"/>
      </object_component>
      <object_component id="oc-4d">
         <name>.debug_line</name>
         <load_address>0x39c4</load_address>
         <run_address>0x39c4</run_address>
         <size>0x20</size>
         <input_file_ref idref="fl-26"/>
      </object_component>
      <object_component id="oc-18b">
         <name>.debug_line</name>
         <load_address>0x39e4</load_address>
         <run_address>0x39e4</run_address>
         <size>0x2e</size>
         <input_file_ref idref="fl-26"/>
      </object_component>
      <object_component id="oc-206">
         <name>.debug_line</name>
         <load_address>0x3a12</load_address>
         <run_address>0x3a12</run_address>
         <size>0x8a</size>
         <input_file_ref idref="fl-26"/>
      </object_component>
      <object_component id="oc-190">
         <name>.debug_line</name>
         <load_address>0x3a9c</load_address>
         <run_address>0x3a9c</run_address>
         <size>0x8b</size>
         <input_file_ref idref="fl-26"/>
      </object_component>
      <object_component id="oc-13d">
         <name>.debug_line</name>
         <load_address>0x3b27</load_address>
         <run_address>0x3b27</run_address>
         <size>0x20</size>
         <input_file_ref idref="fl-27"/>
      </object_component>
      <object_component id="oc-11">
         <name>.debug_line</name>
         <load_address>0x3b47</load_address>
         <run_address>0x3b47</run_address>
         <size>0xb2</size>
         <input_file_ref idref="fl-27"/>
      </object_component>
      <object_component id="oc-48">
         <name>.debug_line</name>
         <load_address>0x3bf9</load_address>
         <run_address>0x3bf9</run_address>
         <size>0x3a</size>
         <input_file_ref idref="fl-27"/>
      </object_component>
      <object_component id="oc-b6">
         <name>.debug_line</name>
         <load_address>0x3c33</load_address>
         <run_address>0x3c33</run_address>
         <size>0x8a</size>
         <input_file_ref idref="fl-27"/>
      </object_component>
      <object_component id="oc-c0">
         <name>.debug_line</name>
         <load_address>0x3cbd</load_address>
         <run_address>0x3cbd</run_address>
         <size>0x8a</size>
         <input_file_ref idref="fl-28"/>
      </object_component>
      <object_component id="oc-14">
         <name>.debug_line</name>
         <load_address>0x3d47</load_address>
         <run_address>0x3d47</run_address>
         <size>0x58</size>
         <input_file_ref idref="fl-28"/>
      </object_component>
      <object_component id="oc-58">
         <name>.debug_line</name>
         <load_address>0x3d9f</load_address>
         <run_address>0x3d9f</run_address>
         <size>0x3a</size>
         <input_file_ref idref="fl-28"/>
      </object_component>
      <object_component id="oc-bd">
         <name>.debug_line</name>
         <load_address>0x3dd9</load_address>
         <run_address>0x3dd9</run_address>
         <size>0x8a</size>
         <input_file_ref idref="fl-28"/>
      </object_component>
      <object_component id="oc-1fd">
         <name>.debug_line</name>
         <load_address>0x3e63</load_address>
         <run_address>0x3e63</run_address>
         <size>0x98</size>
         <input_file_ref idref="fl-2a"/>
      </object_component>
      <object_component id="oc-e5">
         <name>.debug_line</name>
         <load_address>0x3efb</load_address>
         <run_address>0x3efb</run_address>
         <size>0x78</size>
         <input_file_ref idref="fl-2a"/>
      </object_component>
      <object_component id="oc-201">
         <name>.debug_line</name>
         <load_address>0x3f73</load_address>
         <run_address>0x3f73</run_address>
         <size>0x2e</size>
         <input_file_ref idref="fl-2a"/>
      </object_component>
      <object_component id="oc-1b9">
         <name>.debug_line</name>
         <load_address>0x3fa1</load_address>
         <run_address>0x3fa1</run_address>
         <size>0xf2</size>
         <input_file_ref idref="fl-2b"/>
      </object_component>
      <object_component id="oc-1ad">
         <name>.debug_line</name>
         <load_address>0x4093</load_address>
         <run_address>0x4093</run_address>
         <size>0x2a</size>
         <input_file_ref idref="fl-2b"/>
      </object_component>
      <object_component id="oc-8e">
         <name>.debug_line</name>
         <load_address>0x40bd</load_address>
         <run_address>0x40bd</run_address>
         <size>0x86</size>
         <input_file_ref idref="fl-2b"/>
      </object_component>
      <object_component id="oc-51">
         <name>.debug_line</name>
         <load_address>0x4143</load_address>
         <run_address>0x4143</run_address>
         <size>0x88</size>
         <input_file_ref idref="fl-2c"/>
      </object_component>
      <object_component id="oc-ea">
         <name>.debug_line</name>
         <load_address>0x41cb</load_address>
         <run_address>0x41cb</run_address>
         <size>0x3c</size>
         <input_file_ref idref="fl-2f"/>
      </object_component>
      <object_component id="oc-198">
         <name>.debug_line</name>
         <load_address>0x4207</load_address>
         <run_address>0x4207</run_address>
         <size>0x51</size>
         <input_file_ref idref="fl-30"/>
      </object_component>
      <object_component id="oc-222">
         <name>.debug_line</name>
         <load_address>0x4258</load_address>
         <run_address>0x4258</run_address>
         <size>0x20</size>
         <input_file_ref idref="fl-31"/>
      </object_component>
      <object_component id="oc-1b5">
         <name>.debug_line</name>
         <load_address>0x4278</load_address>
         <run_address>0x4278</run_address>
         <size>0x2b</size>
         <input_file_ref idref="fl-31"/>
      </object_component>
      <object_component id="oc-1b3">
         <name>.debug_line</name>
         <load_address>0x42a3</load_address>
         <run_address>0x42a3</run_address>
         <size>0x68</size>
         <input_file_ref idref="fl-31"/>
      </object_component>
      <object_component id="oc-210">
         <name>.debug_line</name>
         <load_address>0x430b</load_address>
         <run_address>0x430b</run_address>
         <size>0x3b</size>
         <input_file_ref idref="fl-32"/>
      </object_component>
      <object_component id="oc-1eb">
         <name>.debug_abbrev</name>
         <load_address>0x0</load_address>
         <run_address>0x0</run_address>
         <size>0x76</size>
         <input_file_ref idref="fl-2"/>
      </object_component>
      <object_component id="oc-144">
         <name>.debug_abbrev</name>
         <load_address>0x76</load_address>
         <run_address>0x76</run_address>
         <size>0x5a</size>
         <input_file_ref idref="fl-2"/>
      </object_component>
      <object_component id="oc-9a">
         <name>.debug_abbrev</name>
         <load_address>0xd0</load_address>
         <run_address>0xd0</run_address>
         <size>0x5a</size>
         <input_file_ref idref="fl-2"/>
      </object_component>
      <object_component id="oc-fd">
         <name>.debug_abbrev</name>
         <load_address>0x12a</load_address>
         <run_address>0x12a</run_address>
         <size>0x1f</size>
         <input_file_ref idref="fl-2"/>
      </object_component>
      <object_component id="oc-aa">
         <name>.debug_abbrev</name>
         <load_address>0x149</load_address>
         <run_address>0x149</run_address>
         <size>0x7c</size>
         <input_file_ref idref="fl-2"/>
      </object_component>
      <object_component id="oc-112">
         <name>.debug_abbrev</name>
         <load_address>0x1c5</load_address>
         <run_address>0x1c5</run_address>
         <size>0x35</size>
         <input_file_ref idref="fl-2"/>
      </object_component>
      <object_component id="oc-af">
         <name>.debug_abbrev</name>
         <load_address>0x1fa</load_address>
         <run_address>0x1fa</run_address>
         <size>0x55</size>
         <input_file_ref idref="fl-2"/>
      </object_component>
      <object_component id="oc-1ef">
         <name>.debug_abbrev</name>
         <load_address>0x24f</load_address>
         <run_address>0x24f</run_address>
         <size>0x7a</size>
         <input_file_ref idref="fl-2"/>
      </object_component>
      <object_component id="oc-132">
         <name>.debug_abbrev</name>
         <load_address>0x2c9</load_address>
         <run_address>0x2c9</run_address>
         <size>0x4b</size>
         <input_file_ref idref="fl-2"/>
      </object_component>
      <object_component id="oc-230">
         <name>.debug_abbrev</name>
         <load_address>0x314</load_address>
         <run_address>0x314</run_address>
         <size>0x60</size>
         <input_file_ref idref="fl-3"/>
      </object_component>
      <object_component id="oc-153">
         <name>.debug_abbrev</name>
         <load_address>0x374</load_address>
         <run_address>0x374</run_address>
         <size>0x4b</size>
         <input_file_ref idref="fl-3"/>
      </object_component>
      <object_component id="oc-234">
         <name>.debug_abbrev</name>
         <load_address>0x3bf</load_address>
         <run_address>0x3bf</run_address>
         <size>0x7a</size>
         <input_file_ref idref="fl-3"/>
      </object_component>
      <object_component id="oc-23f">
         <name>.debug_abbrev</name>
         <load_address>0x439</load_address>
         <run_address>0x439</run_address>
         <size>0x52</size>
         <input_file_ref idref="fl-4"/>
      </object_component>
      <object_component id="oc-1c8">
         <name>.debug_abbrev</name>
         <load_address>0x48b</load_address>
         <run_address>0x48b</run_address>
         <size>0x4b</size>
         <input_file_ref idref="fl-4"/>
      </object_component>
      <object_component id="oc-243">
         <name>.debug_abbrev</name>
         <load_address>0x4d6</load_address>
         <run_address>0x4d6</run_address>
         <size>0x72</size>
         <input_file_ref idref="fl-4"/>
      </object_component>
      <object_component id="oc-13a">
         <name>.debug_abbrev</name>
         <load_address>0x548</load_address>
         <run_address>0x548</run_address>
         <size>0x36</size>
         <input_file_ref idref="fl-5"/>
      </object_component>
      <object_component id="oc-246">
[...]
         <name>_coreGetDataFaultAddress_</name>
         <value>0x5ecc</value>
         <object_component_ref idref="oc-67"/>
      </symbol>
      <symbol id="sm-311">
         <name>_coreClearInstructionFault_</name>
         <value>0x5ec0</value>
         <object_component_ref idref="oc-67"/>
      </symbol>
      <symbol id="sm-312">
         <name>_getCPSRValue_</name>
         <value>0x5df8</value>
         <object_component_ref idref="oc-67"/>
      </symbol>
      <symbol id="sm-313">
         <name>__TI_PINIT_Limit</name>
         <value>0x5fe8</value>
         <object_component_ref idref="oc-67"/>
      </symbol>
      <symbol id="sm-314">
         <name>_coreEnableFlashEcc_</name>
         <value>0x5e70</value>
         <object_component_ref idref="oc-67"/>
      </symbol>
      <symbol id="sm-315">
         <name>_disable_FIQ_interrupt_</name>
         <value>0x5f24</value>
         <object_component_ref idref="oc-67"/>
      </symbol>
      <symbol id="sm-316">
         <name>_coreGetAuxiliaryInstructionFault_</name>
         <value>0x5f08</value>
         <object_component_ref idref="oc-67"/>
      </symbol>
      <symbol id="sm-317">
         <name>_coreInitStackPointer_</name>
         <value>0x5dac</value>
         <object_component_ref idref="oc-67"/>
      </symbol>
      <symbol id="sm-318">
         <name>_esmCcmErrorsClear_</name>
         <value>0x5f3c</value>
         <object_component_ref idref="oc-67"/>
      </symbol>
      <symbol id="sm-319">
         <name>_gotoCPUIdle_</name>
         <value>0x5e00</value>
         <object_component_ref idref="oc-67"/>
      </symbol>
      <symbol id="sm-31a">
         <name>_coreEnableIrqVicOffset_</name>
         <value>0x5e94</value>
         <object_component_ref idref="oc-67"/>
      </symbol>
      <symbol id="sm-31b">
         <name>_coreGetInstructionFault_</name>
         <value>0x5eb8</value>
         <object_component_ref idref="oc-67"/>
      </symbol>
      <symbol id="sm-31c">
         <name>_coreEnableVfp_</name>
         <value>0x5e18</value>
         <object_component_ref idref="oc-67"/>
      </symbol>
      <symbol id="sm-31d">
         <name>_coreClearAuxiliaryDataFault_</name>
         <value>0x5efc</value>
         <object_component_ref idref="oc-67"/>
      </symbol>
      <symbol id="sm-31e">
         <name>_coreEnableEventBusExport_</name>
         <value>0x5e30</value>
         <object_component_ref idref="oc-67"/>
      </symbol>
      <symbol id="sm-32b">
         <name>resetEntry</name>
         <value>0x0</value>
         <object_component_ref idref="oc-2d"/>
      </symbol>
      <symbol id="sm-338">
         <name>main</name>
         <value>0x6c44</value>
         <object_component_ref idref="oc-84"/>
      </symbol>
      <symbol id="sm-351">
         <name>phantomInterrupt</name>
         <value>0x6cac</value>
         <object_component_ref idref="oc-32"/>
      </symbol>
      <symbol id="sm-35b">
         <name>_pmuResetCounters_</name>
         <value>0x698c</value>
         <object_component_ref idref="oc-d2"/>
      </symbol>
      <symbol id="sm-35c">
         <name>_pmuGetEventCount_</name>
         <value>0x69c0</value>
         <object_component_ref idref="oc-d2"/>
      </symbol>
      <symbol id="sm-35d">
         <name>_pmuResetEventCounters_</name>
         <value>0x697c</value>
         <object_component_ref idref="oc-d2"/>
      </symbol>
      <symbol id="sm-35e">
         <name>_pmuStopCounters_</name>
         <value>0x69a4</value>
         <object_component_ref idref="oc-d2"/>
      </symbol>
      <symbol id="sm-35f">
         <name>_pmuInit_</name>
         <value>0x6900</value>
         <object_component_ref idref="oc-d2"/>
      </symbol>
      <symbol id="sm-360">
         <name>_pmuGetOverflow_</name>
         <value>0x69cc</value>
         <object_component_ref idref="oc-d2"/>
      </symbol>
      <symbol id="sm-361">
         <name>_pmuResetCycleCounter_</name>
         <value>0x696c</value>
         <object_component_ref idref="oc-d2"/>
      </symbol>
      <symbol id="sm-362">
         <name>_pmuSetCountEvent_</name>
         <value>0x69ac</value>
         <object_component_ref idref="oc-d2"/>
      </symbol>
      <symbol id="sm-363">
         <name>_pmuGetCycleCount_</name>
         <value>0x69b8</value>
         <object_component_ref idref="oc-d2"/>
      </symbol>
      <symbol id="sm-364">
         <name>_pmuEnableCountersGlobal_</name>
         <value>0x694c</value>
         <object_component_ref idref="oc-d2"/>
      </symbol>
      <symbol id="sm-365">
         <name>_pmuDisableCountersGlobal_</name>
         <value>0x695c</value>
         <object_component_ref idref="oc-d2"/>
      </symbol>
      <symbol id="sm-366">
         <name>_pmuStartCounters_</name>
         <value>0x699c</value>
         <object_component_ref idref="oc-d2"/>
      </symbol>
      <symbol id="sm-526">
         <name>pbistSelfCheck</name>
         <value>0x2cc</value>
         <object_component_ref idref="oc-72"/>
      </symbol>
      <symbol id="sm-527">
         <name>fmcBus1ParityCheck</name>
         <value>0x22c4</value>
         <object_component_ref idref="oc-72"/>
      </symbol>
      <symbol id="sm-528">
         <name>can1ParityCheck</name>
         <value>0x1410</value>
         <object_component_ref idref="oc-72"/>
      </symbol>
      <symbol id="sm-529">
         <name>enableParity</name>
         <value>0x2ad0</value>
         <object_component_ref idref="oc-72"/>
      </symbol>
      <symbol id="sm-52a">
         <name>dmaParityCheck</name>
         <value>0xeac</value>
         <object_component_ref idref="oc-72"/>
      </symbol>
      <symbol id="sm-52b">
         <name>custom_dabort</name>
         <value>0xdf4</value>
         <object_component_ref idref="oc-72"/>
      </symbol>
      <symbol id="sm-52c">
         <name>memoryInit</name>
         <value>0x174</value>
         <object_component_ref idref="oc-72"/>
      </symbol>
      <symbol id="sm-52d">
         <name>stcSelfCheck</name>
         <value>0x1b8</value>
         <object_component_ref idref="oc-72"/>
      </symbol>
      <symbol id="sm-52e">
         <name>efcGetConfigValue</name>
         <value>0x2660</value>
         <object_component_ref idref="oc-72"/>
      </symbol>
      <symbol id="sm-52f">
         <name>can2ParityCheck</name>
         <value>0x14e8</value>
         <object_component_ref idref="oc-72"/>
      </symbol>
      <symbol id="sm-530">
         <name>het1ParityCheck</name>
         <value>0xf58</value>
         <object_component_ref idref="oc-72"/>
      </symbol>
      <symbol id="sm-531">
         <name>adc1ParityCheck</name>
         <value>0x126c</value>
         <object_component_ref idref="oc-72"/>
      </symbol>
      <symbol id="sm-532">
         <name>checkefcSelfTest</name>
         <value>0x7bc</value>
         <object_component_ref idref="oc-72"/>
      </symbol>
      <symbol id="sm-533">
         <name>checkRAMECC</name>
         <value>0x19d0</value>
         <object_component_ref idref="oc-72"/>
      </symbol>
      <symbol id="sm-534">
         <name>stcSelfCheckFail</name>
         <value>0xdf8</value>
         <object_component_ref idref="oc-72"/>
      </symbol>
      <symbol id="sm-535">
         <name>ccmSelfCheck</name>
         <value>0x30</value>
         <object_component_ref idref="oc-72"/>
      </symbol>
      <symbol id="sm-536">
         <name>efcCheck</name>
         <value>0x660</value>
         <object_component_ref idref="oc-72"/>
      </symbol>
      <symbol id="sm-537">
         <name>het2ParityCheck</name>
         <value>0x10c0</value>
         <object_component_ref idref="oc-72"/>
      </symbol>
      <symbol id="sm-538">
         <name>adc2ParityCheck</name>
         <value>0x1358</value>
         <object_component_ref idref="oc-72"/>
      </symbol>
      <symbol id="sm-539">
         <name>cpuSelfTest</name>
         <value>0x234</value>
         <object_component_ref idref="oc-72"/>
      </symbol>
      <symbol id="sm-53a">
         <name>htu1ParityCheck</name>
         <value>0x1004</value>
         <object_component_ref idref="oc-72"/>
      </symbol>
      <symbol id="sm-53b">
         <name>checkFlashECC</name>
         <value>0xd18</value>
         <object_component_ref idref="oc-72"/>
      </symbol>
      <symbol id="sm-53c">
         <name>cpuSelfTestFail</name>
         <value>0xdfc</value>
         <object_component_ref idref="oc-72"/>
      </symbol>
      <symbol id="sm-53d">
         <name>checkPLL1Slip</name>
         <value>0x1e8c</value>
         <object_component_ref idref="oc-72"/>
      </symbol>
      <symbol id="sm-53e">
         <name>mibspi1ParityCheck</name>
         <value>0x1684</value>
         <object_component_ref idref="oc-72"/>
      </symbol>
      <symbol id="sm-53f">
         <name>ccmr4GetConfigValue</name>
         <value>0x26fc</value>
         <object_component_ref idref="oc-72"/>
      </symbol>
      <symbol id="sm-540">
         <name>htu2ParityCheck</name>
         <value>0x11bc</value>
         <object_component_ref idref="oc-72"/>
      </symbol>
      <symbol id="sm-541">
         <name>pbistPortTestStatus</name>
         <value>0x608</value>
         <object_component_ref idref="oc-72"/>
      </symbol>
      <symbol id="sm-542">
         <name>checkFlashEEPROMECC</name>
         <value>0x1cf4</value>
         <object_component_ref idref="oc-72"/>
      </symbol>
      <symbol id="sm-543">
         <name>pbistGetConfigValue</name>
         <value>0x2470</value>
         <object_component_ref idref="oc-72"/>
      </symbol>
      <symbol id="sm-544">
         <name>vimParityCheck</name>
         <value>0xe00</value>
         <object_component_ref idref="oc-72"/>
      </symbol>
      <symbol id="sm-545">
         <name>pbistIsTestCompleted</name>
         <value>0x5a8</value>
         <object_component_ref idref="oc-72"/>
      </symbol>
      <symbol id="sm-546">
         <name>disableParity</name>
         <value>0x2b58</value>
         <object_component_ref idref="oc-72"/>
      </symbol>
      <symbol id="sm-547">
         <name>pbistRun</name>
         <value>0x4ac</value>
         <object_component_ref idref="oc-72"/>
      </symbol>
      <symbol id="sm-548">
         <name>pbistFail</name>
         <value>0x23ec</value>
         <object_component_ref idref="oc-72"/>
      </symbol>
      <symbol id="sm-549">
         <name>selftestFailNotification</name>
         <value>0x20</value>
         <object_component_ref idref="oc-72"/>
      </symbol>
      <symbol id="sm-54a">
         <name>errata_PBIST_4</name>
         <value>0x276c</value>
         <object_component_ref idref="oc-72"/>
      </symbol>
      <symbol id="sm-54b">
         <name>mibspi3ParityCheck</name>
         <value>0x178c</value>
         <object_component_ref idref="oc-72"/>
      </symbol>
      <symbol id="sm-54c">
         <name>efcSelfTest</name>
         <value>0x794</value>
         <object_component_ref idref="oc-72"/>
      </symbol>
      <symbol id="sm-54d">
         <name>checkB1RAMECC</name>
         <value>0xb28</value>
         <object_component_ref idref="oc-72"/>
      </symbol>
      <symbol id="sm-54e">
         <name>pbistStop</name>
         <value>0x578</value>
         <object_component_ref idref="oc-72"/>
      </symbol>
      <symbol id="sm-54f">
         <name>can3ParityCheck</name>
         <value>0x15b0</value>
         <object_component_ref idref="oc-72"/>
      </symbol>
      <symbol id="sm-550">
         <name>checkRAMAddrParity</name>
         <value>0x2050</value>
         <object_component_ref idref="oc-72"/>
      </symbol>
      <symbol id="sm-551">
         <name>mibspi5ParityCheck</name>
         <value>0x18b0</value>
         <object_component_ref idref="oc-72"/>
      </symbol>
      <symbol id="sm-552">
         <name>checkB0RAMECC</name>
         <value>0x938</value>
         <object_component_ref idref="oc-72"/>
      </symbol>
      <symbol id="sm-553">
         <name>stcGetConfigValue</name>
         <value>0x25bc</value>
         <object_component_ref idref="oc-72"/>
      </symbol>
      <symbol id="sm-554">
         <name>pbistIsTestPassed</name>
         <value>0x5d4</value>
         <object_component_ref idref="oc-72"/>
      </symbol>
      <symbol id="sm-555">
         <name>checkClockMonitor</name>
         <value>0x1c18</value>
         <object_component_ref idref="oc-72"/>
      </symbol>
      <symbol id="sm-556">
         <name>fmcECCcheck</name>
         <value>0x898</value>
         <object_component_ref idref="oc-72"/>
      </symbol>
      <symbol id="sm-557">
         <name>fmcBus2Check</name>
         <value>0x85c</value>
         <object_component_ref idref="oc-72"/>
      </symbol>
      <symbol id="sm-558">
         <name>checkRAMUERRTest</name>
         <value>0x215c</value>
         <object_component_ref idref="oc-72"/>
      </symbol>
      <symbol id="sm-559">
         <name>efcStuckZeroTest</name>
         <value>0x6e8</value>
         <object_component_ref idref="oc-72"/>
      </symbol>
      <symbol id="sm-55a">
         <name>checkPLL2Slip</name>
         <value>0x1f8c</value>
         <object_component_ref idref="oc-72"/>
      </symbol>
      <symbol id="sm-584">
         <name>_c_int00</name>
         <value>0x5fec</value>
         <object_component_ref idref="oc-1e"/>
      </symbol>
      <symbol id="sm-61b">
         <name>vimChannelMap</name>
         <value>0x44cc</value>
         <object_component_ref idref="oc-39"/>
      </symbol>
      <symbol id="sm-61c">
         <name>vimInit</name>
         <value>0x43f8</value>
         <object_component_ref idref="oc-39"/>
      </symbol>
      <symbol id="sm-61d">
         <name>vimEnableInterrupt</name>
         <value>0x4570</value>
         <object_component_ref idref="oc-39"/>
      </symbol>
      <symbol id="sm-61e">
         <name>vimDisableInterrupt</name>
         <value>0x46c8</value>
         <object_component_ref idref="oc-39"/>
      </symbol>
      <symbol id="sm-61f">
         <name>vimGetConfigValue</name>
         <value>0x474c</value>
         <object_component_ref idref="oc-39"/>
      </symbol>
      <symbol id="sm-620">
         <name>vimParityErrorHandler</name>
         <value>0x6284</value>
         <object_component_ref idref="oc-38"/>
      </symbol>
      <symbol id="sm-67a">
         <name>systemGetConfigValue</name>
         <value>0x3c30</value>
         <object_component_ref idref="oc-6c"/>
      </symbol>
      <symbol id="sm-67b">
         <name>trimLPO</name>
         <value>0x3930</value>
         <object_component_ref idref="oc-6c"/>
      </symbol>
      <symbol id="sm-67c">
         <name>systemInit</name>
         <value>0x3b34</value>
         <object_component_ref idref="oc-6c"/>
      </symbol>
      <symbol id="sm-67d">
         <name>tcmflashGetConfigValue</name>
         <value>0x4044</value>
         <object_component_ref idref="oc-6c"/>
      </symbol>
      <symbol id="sm-67e">
         <name>sramGetConfigValue</name>
         <value>0x41f0</value>
         <object_component_ref idref="oc-6c"/>
      </symbol>
      <symbol id="sm-67f">
         <name>periphInit</name>
         <value>0x39b8</value>
         <object_component_ref idref="oc-6c"/>
      </symbol>
      <symbol id="sm-680">
         <name>setupFlash</name>
         <value>0x3978</value>
         <object_component_ref idref="oc-6c"/>
      </symbol>
      <symbol id="sm-681">
         <name>setupPLL</name>
         <value>0x38d0</value>
         <object_component_ref idref="oc-6c"/>
      </symbol>
      <symbol id="sm-682">
         <name>mapClocks</name>
         <value>0x3a0c</value>
         <object_component_ref idref="oc-6c"/>
      </symbol>
      <symbol id="sm-683">
         <name>systemPowerDown</name>
         <value>0x3c00</value>
         <object_component_ref idref="oc-6c"/>
      </symbol>
      <symbol id="sm-6b2">
         <name>__TI_auto_init</name>
         <value>0x6a7d</value>
         <object_component_ref idref="oc-7e"/>
      </symbol>
      <symbol id="sm-6d0">
         <name>__TI_decompress_lzss</name>
         <value>0x6aed</value>
         <object_component_ref idref="oc-c"/>
      </symbol>
      <symbol id="sm-6e7">
         <name>__TI_decompress_none</name>
         <value>0x6c9d</value>
         <object_component_ref idref="oc-12"/>
      </symbol>
      <symbol id="sm-702">
         <name>copy_in</name>
         <value>0x6bf9</value>
         <object_component_ref idref="oc-e0"/>
      </symbol>
      <symbol id="sm-723">
         <name>C$$EXIT</name>
         <value>0x6b59</value>
         <object_component_ref idref="oc-8a"/>
      </symbol>
      <symbol id="sm-724">
         <name>abort</name>
         <value>0x6b5d</value>
         <object_component_ref idref="oc-8a"/>
      </symbol>
      <symbol id="sm-725">
         <name>exit</name>
         <value>0x6b65</value>
         <object_component_ref idref="oc-8a"/>
      </symbol>
      <symbol id="sm-726">
         <name>__TI_dtors_ptr</name>
         <value>0x8001504</value>
         <object_component_ref idref="oc-100"/>
      </symbol>
      <symbol id="sm-727">
         <name>__TI_cleanup_ptr</name>
         <value>0x8001500</value>
         <object_component_ref idref="oc-100"/>
      </symbol>
      <symbol id="sm-728">
         <name>__TI_enable_exit_profile_output</name>
         <value>0x8001508</value>
         <object_component_ref idref="oc-100"/>
      </symbol>
      <symbol id="sm-743">
         <name>memcpy</name>
         <value>0x69e1</value>
         <object_component_ref idref="oc-4f"/>
      </symbol>
      <symbol id="sm-744">
         <name>__aeabi_memcpy</name>
         <value>0x69e1</value>
         <object_component_ref idref="oc-4f"/>
      </symbol>
      <symbol id="sm-745">
         <name>__aeabi_memcpy8</name>
         <value>0x69e1</value>
         <object_component_ref idref="oc-4f"/>
      </symbol>
      <symbol id="sm-746">
         <name>__aeabi_memcpy4</name>
         <value>0x69e1</value>
         <object_component_ref idref="oc-4f"/>
      </symbol>
      <symbol id="sm-752">
         <name>_system_post_cinit</name>
         <value>0x6cb1</value>
         <object_component_ref idref="oc-e6"/>
      </symbol>
      <symbol id="sm-75e">
         <name>__aeabi_uidivmod</name>
         <value>0x6ba8</value>
         <object_component_ref idref="oc-194"/>
      </symbol>
      <symbol id="sm-75f">
         <name>__aeabi_uidiv</name>
         <value>0x6ba8</value>
         <object_component_ref idref="oc-194"/>
      </symbol>
      <symbol id="sm-778">
         <name>_nop</name>
         <value>0x6c97</value>
         <object_component_ref idref="oc-1ae"/>
      </symbol>
      <symbol id="sm-779">
         <name>_lock</name>
         <value>0x800150c</value>
         <object_component_ref idref="oc-103"/>
      </symbol>
      <symbol id="sm-77a">
         <name>_unlock</name>
         <value>0x8001510</value>
         <object_component_ref idref="oc-103"/>
      </symbol>
      <symbol id="sm-77b">
         <name>_register_lock</name>
         <value>0x6c8f</value>
         <object_component_ref idref="oc-1ae"/>
      </symbol>
      <symbol id="sm-77c">
         <name>_register_unlock</name>
         <value>0x6c89</value>
         <object_component_ref idref="oc-1ae"/>
      </symbol>
      <symbol id="sm-786">
         <name>__aeabi_idiv0</name>
         <value>0x6cab</value>
         <object_component_ref idref="oc-20f"/>
      </symbol>
      <symbol id="sm-787">
         <name>__TI_static_base__</name>
         <value>0x0</value>
      </symbol>
      <symbol id="sm-78a">
         <name>SHT$$INIT_ARRAY$$Base</name>
         <value>0x0</value>
      </symbol>
      <symbol id="sm-78b">
         <name>SHT$$INIT_ARRAY$$Limit</name>
         <value>0x0</value>
      </symbol>
   </symbol_table>
   <title>Link successful</title>
</link_info>
